2025-12-18 15:45:46,899 | INFO | Matplotlib 字体候选=['SimHei', 'Microsoft YaHei', 'Arial Unicode MS', 'Noto Sans CJK SC', 'DejaVu Sans'] | 实际启用=['SimHei', 'Microsoft YaHei', 'DejaVu Sans']
2025-12-18 15:45:46,899 | INFO | 读取 Step2 config_snapshot: C:\Users\13377\Desktop\Financial-Big-Data-V2.0\output\step2\meta\config_snapshot.json
2025-12-18 15:45:46,902 | INFO | Step3 扫描到 predictions 文件=40 | 选中=24
2025-12-18 15:45:46,902 | INFO | 示例 combo: {'model': 'ElasticNet', 'H': 1, 'path': 'C:\\Users\\13377\\Desktop\\Financial-Big-Data-V2.0\\output\\step2\\datasets\\predictions_ElasticNet_H1.csv'}
2025-12-18 15:45:48,114 | INFO | ElasticNet-H1 | y_true 对齐检查 | n_check=200 | max_abs_diff=9.899e-17 | threshold=1.000e-08
2025-12-18 15:45:48,994 | INFO | ElasticNet-H10 | y_true 对齐检查 | n_check=200 | max_abs_diff=9.714e-17 | threshold=1.000e-08
2025-12-18 15:45:49,854 | INFO | ElasticNet-H20 | y_true 对齐检查 | n_check=200 | max_abs_diff=9.541e-17 | threshold=1.000e-08
2025-12-18 15:45:50,845 | INFO | ElasticNet-H5 | y_true 对齐检查 | n_check=200 | max_abs_diff=9.888e-17 | threshold=1.000e-08
2025-12-18 15:45:51,813 | INFO | Lasso-H1 | y_true 对齐检查 | n_check=200 | max_abs_diff=9.899e-17 | threshold=1.000e-08
2025-12-18 15:45:52,816 | INFO | Lasso-H10 | y_true 对齐检查 | n_check=200 | max_abs_diff=9.714e-17 | threshold=1.000e-08
2025-12-18 15:45:53,964 | INFO | Lasso-H20 | y_true 对齐检查 | n_check=200 | max_abs_diff=9.541e-17 | threshold=1.000e-08
2025-12-18 15:45:55,168 | INFO | Lasso-H5 | y_true 对齐检查 | n_check=200 | max_abs_diff=9.888e-17 | threshold=1.000e-08
2025-12-18 15:45:56,036 | INFO | LightGBM-H1 | y_true 对齐检查 | n_check=200 | max_abs_diff=9.899e-17 | threshold=1.000e-08
2025-12-18 15:45:56,859 | INFO | LightGBM-H10 | y_true 对齐检查 | n_check=200 | max_abs_diff=9.714e-17 | threshold=1.000e-08
2025-12-18 15:45:57,794 | INFO | LightGBM-H20 | y_true 对齐检查 | n_check=200 | max_abs_diff=9.541e-17 | threshold=1.000e-08
2025-12-18 15:45:58,530 | INFO | LightGBM-H5 | y_true 对齐检查 | n_check=200 | max_abs_diff=9.888e-17 | threshold=1.000e-08
2025-12-18 15:45:59,793 | INFO | RandomForest-H1 | y_true 对齐检查 | n_check=200 | max_abs_diff=9.899e-17 | threshold=1.000e-08
2025-12-18 15:46:01,007 | INFO | RandomForest-H10 | y_true 对齐检查 | n_check=200 | max_abs_diff=9.714e-17 | threshold=1.000e-08
2025-12-18 15:46:01,935 | INFO | RandomForest-H20 | y_true 对齐检查 | n_check=200 | max_abs_diff=9.541e-17 | threshold=1.000e-08
2025-12-18 15:46:03,195 | INFO | RandomForest-H5 | y_true 对齐检查 | n_check=200 | max_abs_diff=9.888e-17 | threshold=1.000e-08
2025-12-18 15:46:04,377 | INFO | Ridge-H1 | y_true 对齐检查 | n_check=200 | max_abs_diff=9.899e-17 | threshold=1.000e-08
2025-12-18 15:46:05,606 | INFO | Ridge-H10 | y_true 对齐检查 | n_check=200 | max_abs_diff=9.714e-17 | threshold=1.000e-08
2025-12-18 15:46:06,338 | INFO | Ridge-H20 | y_true 对齐检查 | n_check=200 | max_abs_diff=9.541e-17 | threshold=1.000e-08
2025-12-18 15:46:07,420 | INFO | Ridge-H5 | y_true 对齐检查 | n_check=200 | max_abs_diff=9.888e-17 | threshold=1.000e-08
2025-12-18 15:46:08,435 | INFO | XGBoost-H1 | y_true 对齐检查 | n_check=200 | max_abs_diff=9.899e-17 | threshold=1.000e-08
2025-12-18 15:46:09,512 | INFO | XGBoost-H10 | y_true 对齐检查 | n_check=200 | max_abs_diff=9.714e-17 | threshold=1.000e-08
2025-12-18 15:46:10,602 | INFO | XGBoost-H20 | y_true 对齐检查 | n_check=200 | max_abs_diff=9.541e-17 | threshold=1.000e-08
2025-12-18 15:46:11,763 | INFO | XGBoost-H5 | y_true 对齐检查 | n_check=200 | max_abs_diff=9.888e-17 | threshold=1.000e-08
2025-12-18 15:46:26,235 | INFO | Step3 完成 | 输出目录: C:\Users\13377\Desktop\Financial-Big-Data-V2.0\output\step3
2025-12-18 15:46:26,235 | INFO | Manifest: C:\Users\13377\Desktop\Financial-Big-Data-V2.0\output\step3\meta\run_manifest.json
