2025-12-19 19:26:32,156 | INFO | Matplotlib 字体候选=['SimHei', 'Microsoft YaHei', 'Arial Unicode MS', 'Noto Sans CJK SC', 'DejaVu Sans'] | 实际启用=['SimHei', 'Microsoft YaHei', 'DejaVu Sans']
2025-12-19 19:26:32,173 | INFO | 读取 Step2 config_snapshot: C:\Users\13377\Desktop\Financial-Big-Data-V2.0\output\step2\meta\config_snapshot.json
2025-12-19 19:26:32,176 | INFO | Step3 扫描到 predictions 文件=28 | 选中=24
2025-12-19 19:26:32,177 | INFO | 示例 combo: {'model': 'ElasticNet', 'H': 1, 'path': 'C:\\Users\\13377\\Desktop\\Financial-Big-Data-V2.0\\output\\step2\\datasets\\predictions_ElasticNet_H1.csv'}
2025-12-19 19:26:33,631 | INFO | ElasticNet-H1 | y_true 对齐检查 | n_check=200 | max_abs_diff=9.899e-17 | threshold=1.000e-10
2025-12-19 19:26:34,441 | INFO | ElasticNet-H10 | y_true 对齐检查 | n_check=200 | max_abs_diff=9.714e-17 | threshold=1.000e-10
2025-12-19 19:26:35,520 | INFO | ElasticNet-H20 | y_true 对齐检查 | n_check=200 | max_abs_diff=9.541e-17 | threshold=1.000e-10
2025-12-19 19:26:36,235 | INFO | ElasticNet-H5 | y_true 对齐检查 | n_check=200 | max_abs_diff=9.888e-17 | threshold=1.000e-10
2025-12-19 19:26:36,952 | INFO | Lasso-H1 | y_true 对齐检查 | n_check=200 | max_abs_diff=9.899e-17 | threshold=1.000e-10
2025-12-19 19:26:37,635 | INFO | Lasso-H10 | y_true 对齐检查 | n_check=200 | max_abs_diff=9.714e-17 | threshold=1.000e-10
2025-12-19 19:26:38,369 | INFO | Lasso-H20 | y_true 对齐检查 | n_check=200 | max_abs_diff=9.541e-17 | threshold=1.000e-10
2025-12-19 19:26:39,320 | INFO | Lasso-H5 | y_true 对齐检查 | n_check=200 | max_abs_diff=9.888e-17 | threshold=1.000e-10
2025-12-19 19:26:40,327 | INFO | LightGBM-H1 | y_true 对齐检查 | n_check=200 | max_abs_diff=9.899e-17 | threshold=1.000e-10
2025-12-19 19:26:41,180 | INFO | LightGBM-H10 | y_true 对齐检查 | n_check=200 | max_abs_diff=9.714e-17 | threshold=1.000e-10
2025-12-19 19:26:42,240 | INFO | LightGBM-H20 | y_true 对齐检查 | n_check=200 | max_abs_diff=9.541e-17 | threshold=1.000e-10
2025-12-19 19:26:43,008 | INFO | LightGBM-H5 | y_true 对齐检查 | n_check=200 | max_abs_diff=9.888e-17 | threshold=1.000e-10
2025-12-19 19:26:44,059 | INFO | RandomForest-H1 | y_true 对齐检查 | n_check=200 | max_abs_diff=9.899e-17 | threshold=1.000e-10
2025-12-19 19:26:44,936 | INFO | RandomForest-H10 | y_true 对齐检查 | n_check=200 | max_abs_diff=9.714e-17 | threshold=1.000e-10
2025-12-19 19:26:45,740 | INFO | RandomForest-H20 | y_true 对齐检查 | n_check=200 | max_abs_diff=9.541e-17 | threshold=1.000e-10
2025-12-19 19:26:46,551 | INFO | RandomForest-H5 | y_true 对齐检查 | n_check=200 | max_abs_diff=9.888e-17 | threshold=1.000e-10
2025-12-19 19:26:47,409 | INFO | Ridge-H1 | y_true 对齐检查 | n_check=200 | max_abs_diff=9.899e-17 | threshold=1.000e-10
2025-12-19 19:26:48,487 | INFO | Ridge-H10 | y_true 对齐检查 | n_check=200 | max_abs_diff=9.714e-17 | threshold=1.000e-10
2025-12-19 19:26:49,352 | INFO | Ridge-H20 | y_true 对齐检查 | n_check=200 | max_abs_diff=9.541e-17 | threshold=1.000e-10
2025-12-19 19:26:50,379 | INFO | Ridge-H5 | y_true 对齐检查 | n_check=200 | max_abs_diff=9.888e-17 | threshold=1.000e-10
2025-12-19 19:26:51,079 | INFO | XGBoost-H1 | y_true 对齐检查 | n_check=200 | max_abs_diff=9.899e-17 | threshold=1.000e-10
2025-12-19 19:26:51,764 | INFO | XGBoost-H10 | y_true 对齐检查 | n_check=200 | max_abs_diff=9.714e-17 | threshold=1.000e-10
2025-12-19 19:26:52,804 | INFO | XGBoost-H20 | y_true 对齐检查 | n_check=200 | max_abs_diff=9.541e-17 | threshold=1.000e-10
2025-12-19 19:26:53,628 | INFO | XGBoost-H5 | y_true 对齐检查 | n_check=200 | max_abs_diff=9.888e-17 | threshold=1.000e-10
2025-12-19 19:27:15,113 | INFO | VIX 阴影资金曲线已生成: 24 张
2025-12-19 19:27:15,860 | INFO | [滚动重要性] 开始: model=ElasticNet | H=1 | windows=37 | window=252 | step=21 | sample_n=500 | repeats=3
2025-12-19 19:27:15,861 | INFO | [滚动重要性] 进度: ElasticNet-H1 窗口 1/37 | window_end=2022-11-15
2025-12-19 19:27:15,889 | INFO | [滚动重要性] 进度: ElasticNet-H1 窗口 2/37 | window_end=2022-12-14
2025-12-19 19:27:15,918 | INFO | [滚动重要性] 进度: ElasticNet-H1 窗口 3/37 | window_end=2023-01-16
2025-12-19 19:27:15,945 | INFO | [滚动重要性] 进度: ElasticNet-H1 窗口 4/37 | window_end=2023-02-14
2025-12-19 19:27:15,974 | INFO | [滚动重要性] 进度: ElasticNet-H1 窗口 5/37 | window_end=2023-03-15
2025-12-19 19:27:16,006 | INFO | [滚动重要性] 进度: ElasticNet-H1 窗口 6/37 | window_end=2023-04-13
2025-12-19 19:27:16,045 | INFO | [滚动重要性] 进度: ElasticNet-H1 窗口 7/37 | window_end=2023-05-12
2025-12-19 19:27:16,089 | INFO | [滚动重要性] 进度: ElasticNet-H1 窗口 8/37 | window_end=2023-06-12
2025-12-19 19:27:16,138 | INFO | [滚动重要性] 进度: ElasticNet-H1 窗口 9/37 | window_end=2023-07-11
2025-12-19 19:27:16,184 | INFO | [滚动重要性] 进度: ElasticNet-H1 窗口 10/37 | window_end=2023-08-09
2025-12-19 19:27:16,228 | INFO | [滚动重要性] 进度: ElasticNet-H1 窗口 11/37 | window_end=2023-09-07
2025-12-19 19:27:16,269 | INFO | [滚动重要性] 进度: ElasticNet-H1 窗口 12/37 | window_end=2023-10-06
2025-12-19 19:27:16,310 | INFO | [滚动重要性] 进度: ElasticNet-H1 窗口 13/37 | window_end=2023-11-06
2025-12-19 19:27:16,345 | INFO | [滚动重要性] 进度: ElasticNet-H1 窗口 14/37 | window_end=2023-12-05
2025-12-19 19:27:16,375 | INFO | [滚动重要性] 进度: ElasticNet-H1 窗口 15/37 | window_end=2024-01-05
2025-12-19 19:27:16,401 | INFO | [滚动重要性] 进度: ElasticNet-H1 窗口 16/37 | window_end=2024-02-05
2025-12-19 19:27:16,431 | INFO | [滚动重要性] 进度: ElasticNet-H1 窗口 17/37 | window_end=2024-03-05
2025-12-19 19:27:16,461 | INFO | [滚动重要性] 进度: ElasticNet-H1 窗口 18/37 | window_end=2024-04-03
2025-12-19 19:27:16,492 | INFO | [滚动重要性] 进度: ElasticNet-H1 窗口 19/37 | window_end=2024-05-02
2025-12-19 19:27:16,522 | INFO | [滚动重要性] 进度: ElasticNet-H1 窗口 20/37 | window_end=2024-05-31
2025-12-19 19:27:16,554 | INFO | [滚动重要性] 进度: ElasticNet-H1 窗口 21/37 | window_end=2024-07-01
2025-12-19 19:27:16,585 | INFO | [滚动重要性] 进度: ElasticNet-H1 窗口 22/37 | window_end=2024-07-30
2025-12-19 19:27:16,616 | INFO | [滚动重要性] 进度: ElasticNet-H1 窗口 23/37 | window_end=2024-08-28
2025-12-19 19:27:16,649 | INFO | [滚动重要性] 进度: ElasticNet-H1 窗口 24/37 | window_end=2024-09-26
2025-12-19 19:27:16,680 | INFO | [滚动重要性] 进度: ElasticNet-H1 窗口 25/37 | window_end=2024-10-25
2025-12-19 19:27:16,712 | INFO | [滚动重要性] 进度: ElasticNet-H1 窗口 26/37 | window_end=2024-11-25
2025-12-19 19:27:16,745 | INFO | [滚动重要性] 进度: ElasticNet-H1 窗口 27/37 | window_end=2024-12-24
2025-12-19 19:27:16,778 | INFO | [滚动重要性] 进度: ElasticNet-H1 窗口 28/37 | window_end=2025-01-24
2025-12-19 19:27:16,808 | INFO | [滚动重要性] 进度: ElasticNet-H1 窗口 29/37 | window_end=2025-02-24
2025-12-19 19:27:16,835 | INFO | [滚动重要性] 进度: ElasticNet-H1 窗口 30/37 | window_end=2025-03-25
2025-12-19 19:27:16,863 | INFO | [滚动重要性] 进度: ElasticNet-H1 窗口 31/37 | window_end=2025-04-24
2025-12-19 19:27:16,892 | INFO | [滚动重要性] 进度: ElasticNet-H1 窗口 32/37 | window_end=2025-05-23
2025-12-19 19:27:16,922 | INFO | [滚动重要性] 进度: ElasticNet-H1 窗口 33/37 | window_end=2025-06-23
2025-12-19 19:27:16,950 | INFO | [滚动重要性] 进度: ElasticNet-H1 窗口 34/37 | window_end=2025-07-22
2025-12-19 19:27:16,979 | INFO | [滚动重要性] 进度: ElasticNet-H1 窗口 35/37 | window_end=2025-08-20
2025-12-19 19:27:17,009 | INFO | [滚动重要性] 进度: ElasticNet-H1 窗口 36/37 | window_end=2025-09-18
2025-12-19 19:27:17,042 | INFO | [滚动重要性] 进度: ElasticNet-H1 窗口 37/37 | window_end=2025-10-17
2025-12-19 19:27:17,072 | INFO | [滚动重要性] 完成: model=ElasticNet | H=1 | 用时 1.2s
2025-12-19 19:27:17,780 | INFO | [滚动重要性] 开始: model=ElasticNet | H=5 | windows=37 | window=252 | step=21 | sample_n=500 | repeats=3
2025-12-19 19:27:17,781 | INFO | [滚动重要性] 进度: ElasticNet-H5 窗口 1/37 | window_end=2022-11-15
2025-12-19 19:27:17,808 | INFO | [滚动重要性] 进度: ElasticNet-H5 窗口 2/37 | window_end=2022-12-14
2025-12-19 19:27:17,840 | INFO | [滚动重要性] 进度: ElasticNet-H5 窗口 3/37 | window_end=2023-01-16
2025-12-19 19:27:17,872 | INFO | [滚动重要性] 进度: ElasticNet-H5 窗口 4/37 | window_end=2023-02-14
2025-12-19 19:27:17,901 | INFO | [滚动重要性] 进度: ElasticNet-H5 窗口 5/37 | window_end=2023-03-15
2025-12-19 19:27:17,925 | INFO | [滚动重要性] 进度: ElasticNet-H5 窗口 6/37 | window_end=2023-04-13
2025-12-19 19:27:17,948 | INFO | [滚动重要性] 进度: ElasticNet-H5 窗口 7/37 | window_end=2023-05-12
2025-12-19 19:27:17,973 | INFO | [滚动重要性] 进度: ElasticNet-H5 窗口 8/37 | window_end=2023-06-12
2025-12-19 19:27:17,998 | INFO | [滚动重要性] 进度: ElasticNet-H5 窗口 9/37 | window_end=2023-07-11
2025-12-19 19:27:18,037 | INFO | [滚动重要性] 进度: ElasticNet-H5 窗口 10/37 | window_end=2023-08-09
2025-12-19 19:27:18,059 | INFO | [滚动重要性] 进度: ElasticNet-H5 窗口 11/37 | window_end=2023-09-07
2025-12-19 19:27:18,080 | INFO | [滚动重要性] 进度: ElasticNet-H5 窗口 12/37 | window_end=2023-10-06
2025-12-19 19:27:18,104 | INFO | [滚动重要性] 进度: ElasticNet-H5 窗口 13/37 | window_end=2023-11-06
2025-12-19 19:27:18,124 | INFO | [滚动重要性] 进度: ElasticNet-H5 窗口 14/37 | window_end=2023-12-05
2025-12-19 19:27:18,147 | INFO | [滚动重要性] 进度: ElasticNet-H5 窗口 15/37 | window_end=2024-01-05
2025-12-19 19:27:18,173 | INFO | [滚动重要性] 进度: ElasticNet-H5 窗口 16/37 | window_end=2024-02-05
2025-12-19 19:27:18,196 | INFO | [滚动重要性] 进度: ElasticNet-H5 窗口 17/37 | window_end=2024-03-05
2025-12-19 19:27:18,221 | INFO | [滚动重要性] 进度: ElasticNet-H5 窗口 18/37 | window_end=2024-04-03
2025-12-19 19:27:18,243 | INFO | [滚动重要性] 进度: ElasticNet-H5 窗口 19/37 | window_end=2024-05-02
2025-12-19 19:27:18,267 | INFO | [滚动重要性] 进度: ElasticNet-H5 窗口 20/37 | window_end=2024-05-31
2025-12-19 19:27:18,291 | INFO | [滚动重要性] 进度: ElasticNet-H5 窗口 21/37 | window_end=2024-07-01
2025-12-19 19:27:18,312 | INFO | [滚动重要性] 进度: ElasticNet-H5 窗口 22/37 | window_end=2024-07-30
2025-12-19 19:27:18,338 | INFO | [滚动重要性] 进度: ElasticNet-H5 窗口 23/37 | window_end=2024-08-28
2025-12-19 19:27:18,360 | INFO | [滚动重要性] 进度: ElasticNet-H5 窗口 24/37 | window_end=2024-09-26
2025-12-19 19:27:18,383 | INFO | [滚动重要性] 进度: ElasticNet-H5 窗口 25/37 | window_end=2024-10-25
2025-12-19 19:27:18,406 | INFO | [滚动重要性] 进度: ElasticNet-H5 窗口 26/37 | window_end=2024-11-25
2025-12-19 19:27:18,429 | INFO | [滚动重要性] 进度: ElasticNet-H5 窗口 27/37 | window_end=2024-12-24
2025-12-19 19:27:18,454 | INFO | [滚动重要性] 进度: ElasticNet-H5 窗口 28/37 | window_end=2025-01-24
2025-12-19 19:27:18,477 | INFO | [滚动重要性] 进度: ElasticNet-H5 窗口 29/37 | window_end=2025-02-24
2025-12-19 19:27:18,503 | INFO | [滚动重要性] 进度: ElasticNet-H5 窗口 30/37 | window_end=2025-03-25
2025-12-19 19:27:18,527 | INFO | [滚动重要性] 进度: ElasticNet-H5 窗口 31/37 | window_end=2025-04-24
2025-12-19 19:27:18,553 | INFO | [滚动重要性] 进度: ElasticNet-H5 窗口 32/37 | window_end=2025-05-23
2025-12-19 19:27:18,576 | INFO | [滚动重要性] 进度: ElasticNet-H5 窗口 33/37 | window_end=2025-06-23
2025-12-19 19:27:18,601 | INFO | [滚动重要性] 进度: ElasticNet-H5 窗口 34/37 | window_end=2025-07-22
2025-12-19 19:27:18,624 | INFO | [滚动重要性] 进度: ElasticNet-H5 窗口 35/37 | window_end=2025-08-20
2025-12-19 19:27:18,650 | INFO | [滚动重要性] 进度: ElasticNet-H5 窗口 36/37 | window_end=2025-09-18
2025-12-19 19:27:18,675 | INFO | [滚动重要性] 进度: ElasticNet-H5 窗口 37/37 | window_end=2025-10-17
2025-12-19 19:27:18,695 | INFO | [滚动重要性] 完成: model=ElasticNet | H=5 | 用时 0.9s
2025-12-19 19:27:19,544 | INFO | [滚动重要性] 开始: model=ElasticNet | H=10 | windows=37 | window=252 | step=21 | sample_n=500 | repeats=3
2025-12-19 19:27:19,544 | INFO | [滚动重要性] 进度: ElasticNet-H10 窗口 1/37 | window_end=2022-11-15
2025-12-19 19:27:19,569 | INFO | [滚动重要性] 进度: ElasticNet-H10 窗口 2/37 | window_end=2022-12-14
2025-12-19 19:27:19,592 | INFO | [滚动重要性] 进度: ElasticNet-H10 窗口 3/37 | window_end=2023-01-16
2025-12-19 19:27:19,614 | INFO | [滚动重要性] 进度: ElasticNet-H10 窗口 4/37 | window_end=2023-02-14
2025-12-19 19:27:19,639 | INFO | [滚动重要性] 进度: ElasticNet-H10 窗口 5/37 | window_end=2023-03-15
2025-12-19 19:27:19,660 | INFO | [滚动重要性] 进度: ElasticNet-H10 窗口 6/37 | window_end=2023-04-13
2025-12-19 19:27:19,681 | INFO | [滚动重要性] 进度: ElasticNet-H10 窗口 7/37 | window_end=2023-05-12
2025-12-19 19:27:19,707 | INFO | [滚动重要性] 进度: ElasticNet-H10 窗口 8/37 | window_end=2023-06-12
2025-12-19 19:27:19,727 | INFO | [滚动重要性] 进度: ElasticNet-H10 窗口 9/37 | window_end=2023-07-11
2025-12-19 19:27:19,753 | INFO | [滚动重要性] 进度: ElasticNet-H10 窗口 10/37 | window_end=2023-08-09
2025-12-19 19:27:19,774 | INFO | [滚动重要性] 进度: ElasticNet-H10 窗口 11/37 | window_end=2023-09-07
2025-12-19 19:27:19,797 | INFO | [滚动重要性] 进度: ElasticNet-H10 窗口 12/37 | window_end=2023-10-06
2025-12-19 19:27:19,820 | INFO | [滚动重要性] 进度: ElasticNet-H10 窗口 13/37 | window_end=2023-11-06
2025-12-19 19:27:19,847 | INFO | [滚动重要性] 进度: ElasticNet-H10 窗口 14/37 | window_end=2023-12-05
2025-12-19 19:27:19,880 | INFO | [滚动重要性] 进度: ElasticNet-H10 窗口 15/37 | window_end=2024-01-05
2025-12-19 19:27:19,910 | INFO | [滚动重要性] 进度: ElasticNet-H10 窗口 16/37 | window_end=2024-02-05
2025-12-19 19:27:19,946 | INFO | [滚动重要性] 进度: ElasticNet-H10 窗口 17/37 | window_end=2024-03-05
2025-12-19 19:27:19,986 | INFO | [滚动重要性] 进度: ElasticNet-H10 窗口 18/37 | window_end=2024-04-03
2025-12-19 19:27:20,027 | INFO | [滚动重要性] 进度: ElasticNet-H10 窗口 19/37 | window_end=2024-05-02
2025-12-19 19:27:20,067 | INFO | [滚动重要性] 进度: ElasticNet-H10 窗口 20/37 | window_end=2024-05-31
2025-12-19 19:27:20,109 | INFO | [滚动重要性] 进度: ElasticNet-H10 窗口 21/37 | window_end=2024-07-01
2025-12-19 19:27:20,151 | INFO | [滚动重要性] 进度: ElasticNet-H10 窗口 22/37 | window_end=2024-07-30
2025-12-19 19:27:20,196 | INFO | [滚动重要性] 进度: ElasticNet-H10 窗口 23/37 | window_end=2024-08-28
2025-12-19 19:27:20,233 | INFO | [滚动重要性] 进度: ElasticNet-H10 窗口 24/37 | window_end=2024-09-26
2025-12-19 19:27:20,266 | INFO | [滚动重要性] 进度: ElasticNet-H10 窗口 25/37 | window_end=2024-10-25
2025-12-19 19:27:20,298 | INFO | [滚动重要性] 进度: ElasticNet-H10 窗口 26/37 | window_end=2024-11-25
2025-12-19 19:27:20,326 | INFO | [滚动重要性] 进度: ElasticNet-H10 窗口 27/37 | window_end=2024-12-24
2025-12-19 19:27:20,353 | INFO | [滚动重要性] 进度: ElasticNet-H10 窗口 28/37 | window_end=2025-01-24
2025-12-19 19:27:20,380 | INFO | [滚动重要性] 进度: ElasticNet-H10 窗口 29/37 | window_end=2025-02-24
2025-12-19 19:27:20,404 | INFO | [滚动重要性] 进度: ElasticNet-H10 窗口 30/37 | window_end=2025-03-25
2025-12-19 19:27:20,430 | INFO | [滚动重要性] 进度: ElasticNet-H10 窗口 31/37 | window_end=2025-04-24
2025-12-19 19:27:20,454 | INFO | [滚动重要性] 进度: ElasticNet-H10 窗口 32/37 | window_end=2025-05-23
2025-12-19 19:27:20,479 | INFO | [滚动重要性] 进度: ElasticNet-H10 窗口 33/37 | window_end=2025-06-23
2025-12-19 19:27:20,502 | INFO | [滚动重要性] 进度: ElasticNet-H10 窗口 34/37 | window_end=2025-07-22
2025-12-19 19:27:20,524 | INFO | [滚动重要性] 进度: ElasticNet-H10 窗口 35/37 | window_end=2025-08-20
2025-12-19 19:27:20,547 | INFO | [滚动重要性] 进度: ElasticNet-H10 窗口 36/37 | window_end=2025-09-18
2025-12-19 19:27:20,574 | INFO | [滚动重要性] 进度: ElasticNet-H10 窗口 37/37 | window_end=2025-10-17
2025-12-19 19:27:20,595 | INFO | [滚动重要性] 完成: model=ElasticNet | H=10 | 用时 1.1s
2025-12-19 19:27:21,341 | INFO | [滚动重要性] 开始: model=ElasticNet | H=20 | windows=37 | window=252 | step=21 | sample_n=500 | repeats=3
2025-12-19 19:27:21,342 | INFO | [滚动重要性] 进度: ElasticNet-H20 窗口 1/37 | window_end=2022-11-15
2025-12-19 19:27:21,363 | INFO | [滚动重要性] 进度: ElasticNet-H20 窗口 2/37 | window_end=2022-12-14
2025-12-19 19:27:21,387 | INFO | [滚动重要性] 进度: ElasticNet-H20 窗口 3/37 | window_end=2023-01-16
2025-12-19 19:27:21,411 | INFO | [滚动重要性] 进度: ElasticNet-H20 窗口 4/37 | window_end=2023-02-14
2025-12-19 19:27:21,434 | INFO | [滚动重要性] 进度: ElasticNet-H20 窗口 5/37 | window_end=2023-03-15
2025-12-19 19:27:21,459 | INFO | [滚动重要性] 进度: ElasticNet-H20 窗口 6/37 | window_end=2023-04-13
2025-12-19 19:27:21,479 | INFO | [滚动重要性] 进度: ElasticNet-H20 窗口 7/37 | window_end=2023-05-12
2025-12-19 19:27:21,506 | INFO | [滚动重要性] 进度: ElasticNet-H20 窗口 8/37 | window_end=2023-06-12
2025-12-19 19:27:21,528 | INFO | [滚动重要性] 进度: ElasticNet-H20 窗口 9/37 | window_end=2023-07-11
2025-12-19 19:27:21,552 | INFO | [滚动重要性] 进度: ElasticNet-H20 窗口 10/37 | window_end=2023-08-09
2025-12-19 19:27:21,574 | INFO | [滚动重要性] 进度: ElasticNet-H20 窗口 11/37 | window_end=2023-09-07
2025-12-19 19:27:21,597 | INFO | [滚动重要性] 进度: ElasticNet-H20 窗口 12/37 | window_end=2023-10-06
2025-12-19 19:27:21,623 | INFO | [滚动重要性] 进度: ElasticNet-H20 窗口 13/37 | window_end=2023-11-06
2025-12-19 19:27:21,645 | INFO | [滚动重要性] 进度: ElasticNet-H20 窗口 14/37 | window_end=2023-12-05
2025-12-19 19:27:21,670 | INFO | [滚动重要性] 进度: ElasticNet-H20 窗口 15/37 | window_end=2024-01-05
2025-12-19 19:27:21,691 | INFO | [滚动重要性] 进度: ElasticNet-H20 窗口 16/37 | window_end=2024-02-05
2025-12-19 19:27:21,713 | INFO | [滚动重要性] 进度: ElasticNet-H20 窗口 17/37 | window_end=2024-03-05
2025-12-19 19:27:21,738 | INFO | [滚动重要性] 进度: ElasticNet-H20 窗口 18/37 | window_end=2024-04-03
2025-12-19 19:27:21,760 | INFO | [滚动重要性] 进度: ElasticNet-H20 窗口 19/37 | window_end=2024-05-02
2025-12-19 19:27:21,782 | INFO | [滚动重要性] 进度: ElasticNet-H20 窗口 20/37 | window_end=2024-05-31
2025-12-19 19:27:21,805 | INFO | [滚动重要性] 进度: ElasticNet-H20 窗口 21/37 | window_end=2024-07-01
2025-12-19 19:27:21,826 | INFO | [滚动重要性] 进度: ElasticNet-H20 窗口 22/37 | window_end=2024-07-30
2025-12-19 19:27:21,851 | INFO | [滚动重要性] 进度: ElasticNet-H20 窗口 23/37 | window_end=2024-08-28
2025-12-19 19:27:21,872 | INFO | [滚动重要性] 进度: ElasticNet-H20 窗口 24/37 | window_end=2024-09-26
2025-12-19 19:27:21,893 | INFO | [滚动重要性] 进度: ElasticNet-H20 窗口 25/37 | window_end=2024-10-25
2025-12-19 19:27:21,918 | INFO | [滚动重要性] 进度: ElasticNet-H20 窗口 26/37 | window_end=2024-11-25
2025-12-19 19:27:21,940 | INFO | [滚动重要性] 进度: ElasticNet-H20 窗口 27/37 | window_end=2024-12-24
2025-12-19 19:27:21,962 | INFO | [滚动重要性] 进度: ElasticNet-H20 窗口 28/37 | window_end=2025-01-24
2025-12-19 19:27:21,989 | INFO | [滚动重要性] 进度: ElasticNet-H20 窗口 29/37 | window_end=2025-02-24
2025-12-19 19:27:22,011 | INFO | [滚动重要性] 进度: ElasticNet-H20 窗口 30/37 | window_end=2025-03-25
2025-12-19 19:27:22,038 | INFO | [滚动重要性] 进度: ElasticNet-H20 窗口 31/37 | window_end=2025-04-24
2025-12-19 19:27:22,068 | INFO | [滚动重要性] 进度: ElasticNet-H20 窗口 32/37 | window_end=2025-05-23
2025-12-19 19:27:22,095 | INFO | [滚动重要性] 进度: ElasticNet-H20 窗口 33/37 | window_end=2025-06-23
2025-12-19 19:27:22,125 | INFO | [滚动重要性] 进度: ElasticNet-H20 窗口 34/37 | window_end=2025-07-22
2025-12-19 19:27:22,156 | INFO | [滚动重要性] 进度: ElasticNet-H20 窗口 35/37 | window_end=2025-08-20
2025-12-19 19:27:22,191 | INFO | [滚动重要性] 进度: ElasticNet-H20 窗口 36/37 | window_end=2025-09-18
2025-12-19 19:27:22,220 | INFO | [滚动重要性] 进度: ElasticNet-H20 窗口 37/37 | window_end=2025-10-17
2025-12-19 19:27:22,247 | INFO | [滚动重要性] 完成: model=ElasticNet | H=20 | 用时 0.9s
2025-12-19 19:27:22,990 | INFO | [滚动重要性] 开始: model=Lasso | H=1 | windows=37 | window=252 | step=21 | sample_n=500 | repeats=3
2025-12-19 19:27:22,991 | INFO | [滚动重要性] 进度: Lasso-H1 窗口 1/37 | window_end=2022-11-15
2025-12-19 19:27:23,011 | INFO | [滚动重要性] 进度: Lasso-H1 窗口 2/37 | window_end=2022-12-14
2025-12-19 19:27:23,039 | INFO | [滚动重要性] 进度: Lasso-H1 窗口 3/37 | window_end=2023-01-16
2025-12-19 19:27:23,062 | INFO | [滚动重要性] 进度: Lasso-H1 窗口 4/37 | window_end=2023-02-14
2025-12-19 19:27:23,091 | INFO | [滚动重要性] 进度: Lasso-H1 窗口 5/37 | window_end=2023-03-15
2025-12-19 19:27:23,120 | INFO | [滚动重要性] 进度: Lasso-H1 窗口 6/37 | window_end=2023-04-13
2025-12-19 19:27:23,152 | INFO | [滚动重要性] 进度: Lasso-H1 窗口 7/37 | window_end=2023-05-12
2025-12-19 19:27:23,183 | INFO | [滚动重要性] 进度: Lasso-H1 窗口 8/37 | window_end=2023-06-12
2025-12-19 19:27:23,215 | INFO | [滚动重要性] 进度: Lasso-H1 窗口 9/37 | window_end=2023-07-11
2025-12-19 19:27:23,243 | INFO | [滚动重要性] 进度: Lasso-H1 窗口 10/37 | window_end=2023-08-09
2025-12-19 19:27:23,271 | INFO | [滚动重要性] 进度: Lasso-H1 窗口 11/37 | window_end=2023-09-07
2025-12-19 19:27:23,294 | INFO | [滚动重要性] 进度: Lasso-H1 窗口 12/37 | window_end=2023-10-06
2025-12-19 19:27:23,318 | INFO | [滚动重要性] 进度: Lasso-H1 窗口 13/37 | window_end=2023-11-06
2025-12-19 19:27:23,342 | INFO | [滚动重要性] 进度: Lasso-H1 窗口 14/37 | window_end=2023-12-05
2025-12-19 19:27:23,365 | INFO | [滚动重要性] 进度: Lasso-H1 窗口 15/37 | window_end=2024-01-05
2025-12-19 19:27:23,390 | INFO | [滚动重要性] 进度: Lasso-H1 窗口 16/37 | window_end=2024-02-05
2025-12-19 19:27:23,414 | INFO | [滚动重要性] 进度: Lasso-H1 窗口 17/37 | window_end=2024-03-05
2025-12-19 19:27:23,438 | INFO | [滚动重要性] 进度: Lasso-H1 窗口 18/37 | window_end=2024-04-03
2025-12-19 19:27:23,461 | INFO | [滚动重要性] 进度: Lasso-H1 窗口 19/37 | window_end=2024-05-02
2025-12-19 19:27:23,487 | INFO | [滚动重要性] 进度: Lasso-H1 窗口 20/37 | window_end=2024-05-31
2025-12-19 19:27:23,512 | INFO | [滚动重要性] 进度: Lasso-H1 窗口 21/37 | window_end=2024-07-01
2025-12-19 19:27:23,539 | INFO | [滚动重要性] 进度: Lasso-H1 窗口 22/37 | window_end=2024-07-30
2025-12-19 19:27:23,561 | INFO | [滚动重要性] 进度: Lasso-H1 窗口 23/37 | window_end=2024-08-28
2025-12-19 19:27:23,585 | INFO | [滚动重要性] 进度: Lasso-H1 窗口 24/37 | window_end=2024-09-26
2025-12-19 19:27:23,607 | INFO | [滚动重要性] 进度: Lasso-H1 窗口 25/37 | window_end=2024-10-25
2025-12-19 19:27:23,631 | INFO | [滚动重要性] 进度: Lasso-H1 窗口 26/37 | window_end=2024-11-25
2025-12-19 19:27:23,658 | INFO | [滚动重要性] 进度: Lasso-H1 窗口 27/37 | window_end=2024-12-24
2025-12-19 19:27:23,684 | INFO | [滚动重要性] 进度: Lasso-H1 窗口 28/37 | window_end=2025-01-24
2025-12-19 19:27:23,709 | INFO | [滚动重要性] 进度: Lasso-H1 窗口 29/37 | window_end=2025-02-24
2025-12-19 19:27:23,732 | INFO | [滚动重要性] 进度: Lasso-H1 窗口 30/37 | window_end=2025-03-25
2025-12-19 19:27:23,756 | INFO | [滚动重要性] 进度: Lasso-H1 窗口 31/37 | window_end=2025-04-24
2025-12-19 19:27:23,779 | INFO | [滚动重要性] 进度: Lasso-H1 窗口 32/37 | window_end=2025-05-23
2025-12-19 19:27:23,807 | INFO | [滚动重要性] 进度: Lasso-H1 窗口 33/37 | window_end=2025-06-23
2025-12-19 19:27:23,834 | INFO | [滚动重要性] 进度: Lasso-H1 窗口 34/37 | window_end=2025-07-22
2025-12-19 19:27:23,861 | INFO | [滚动重要性] 进度: Lasso-H1 窗口 35/37 | window_end=2025-08-20
2025-12-19 19:27:23,894 | INFO | [滚动重要性] 进度: Lasso-H1 窗口 36/37 | window_end=2025-09-18
2025-12-19 19:27:23,938 | INFO | [滚动重要性] 进度: Lasso-H1 窗口 37/37 | window_end=2025-10-17
2025-12-19 19:27:23,979 | INFO | [滚动重要性] 完成: model=Lasso | H=1 | 用时 1.0s
2025-12-19 19:27:24,848 | INFO | [滚动重要性] 开始: model=Lasso | H=5 | windows=37 | window=252 | step=21 | sample_n=500 | repeats=3
2025-12-19 19:27:24,848 | INFO | [滚动重要性] 进度: Lasso-H5 窗口 1/37 | window_end=2022-11-15
2025-12-19 19:27:24,871 | INFO | [滚动重要性] 进度: Lasso-H5 窗口 2/37 | window_end=2022-12-14
2025-12-19 19:27:24,892 | INFO | [滚动重要性] 进度: Lasso-H5 窗口 3/37 | window_end=2023-01-16
2025-12-19 19:27:24,915 | INFO | [滚动重要性] 进度: Lasso-H5 窗口 4/37 | window_end=2023-02-14
2025-12-19 19:27:24,946 | INFO | [滚动重要性] 进度: Lasso-H5 窗口 5/37 | window_end=2023-03-15
2025-12-19 19:27:24,970 | INFO | [滚动重要性] 进度: Lasso-H5 窗口 6/37 | window_end=2023-04-13
2025-12-19 19:27:24,991 | INFO | [滚动重要性] 进度: Lasso-H5 窗口 7/37 | window_end=2023-05-12
2025-12-19 19:27:25,013 | INFO | [滚动重要性] 进度: Lasso-H5 窗口 8/37 | window_end=2023-06-12
2025-12-19 19:27:25,037 | INFO | [滚动重要性] 进度: Lasso-H5 窗口 9/37 | window_end=2023-07-11
2025-12-19 19:27:25,059 | INFO | [滚动重要性] 进度: Lasso-H5 窗口 10/37 | window_end=2023-08-09
2025-12-19 19:27:25,083 | INFO | [滚动重要性] 进度: Lasso-H5 窗口 11/37 | window_end=2023-09-07
2025-12-19 19:27:25,110 | INFO | [滚动重要性] 进度: Lasso-H5 窗口 12/37 | window_end=2023-10-06
2025-12-19 19:27:25,135 | INFO | [滚动重要性] 进度: Lasso-H5 窗口 13/37 | window_end=2023-11-06
2025-12-19 19:27:25,159 | INFO | [滚动重要性] 进度: Lasso-H5 窗口 14/37 | window_end=2023-12-05
2025-12-19 19:27:25,180 | INFO | [滚动重要性] 进度: Lasso-H5 窗口 15/37 | window_end=2024-01-05
2025-12-19 19:27:25,205 | INFO | [滚动重要性] 进度: Lasso-H5 窗口 16/37 | window_end=2024-02-05
2025-12-19 19:27:25,226 | INFO | [滚动重要性] 进度: Lasso-H5 窗口 17/37 | window_end=2024-03-05
2025-12-19 19:27:25,254 | INFO | [滚动重要性] 进度: Lasso-H5 窗口 18/37 | window_end=2024-04-03
2025-12-19 19:27:25,277 | INFO | [滚动重要性] 进度: Lasso-H5 窗口 19/37 | window_end=2024-05-02
2025-12-19 19:27:25,301 | INFO | [滚动重要性] 进度: Lasso-H5 窗口 20/37 | window_end=2024-05-31
2025-12-19 19:27:25,325 | INFO | [滚动重要性] 进度: Lasso-H5 窗口 21/37 | window_end=2024-07-01
2025-12-19 19:27:25,352 | INFO | [滚动重要性] 进度: Lasso-H5 窗口 22/37 | window_end=2024-07-30
2025-12-19 19:27:25,375 | INFO | [滚动重要性] 进度: Lasso-H5 窗口 23/37 | window_end=2024-08-28
2025-12-19 19:27:25,397 | INFO | [滚动重要性] 进度: Lasso-H5 窗口 24/37 | window_end=2024-09-26
2025-12-19 19:27:25,422 | INFO | [滚动重要性] 进度: Lasso-H5 窗口 25/37 | window_end=2024-10-25
2025-12-19 19:27:25,446 | INFO | [滚动重要性] 进度: Lasso-H5 窗口 26/37 | window_end=2024-11-25
2025-12-19 19:27:25,471 | INFO | [滚动重要性] 进度: Lasso-H5 窗口 27/37 | window_end=2024-12-24
2025-12-19 19:27:25,494 | INFO | [滚动重要性] 进度: Lasso-H5 窗口 28/37 | window_end=2025-01-24
2025-12-19 19:27:25,520 | INFO | [滚动重要性] 进度: Lasso-H5 窗口 29/37 | window_end=2025-02-24
2025-12-19 19:27:25,544 | INFO | [滚动重要性] 进度: Lasso-H5 窗口 30/37 | window_end=2025-03-25
2025-12-19 19:27:25,570 | INFO | [滚动重要性] 进度: Lasso-H5 窗口 31/37 | window_end=2025-04-24
2025-12-19 19:27:25,591 | INFO | [滚动重要性] 进度: Lasso-H5 窗口 32/37 | window_end=2025-05-23
2025-12-19 19:27:25,617 | INFO | [滚动重要性] 进度: Lasso-H5 窗口 33/37 | window_end=2025-06-23
2025-12-19 19:27:25,642 | INFO | [滚动重要性] 进度: Lasso-H5 窗口 34/37 | window_end=2025-07-22
2025-12-19 19:27:25,667 | INFO | [滚动重要性] 进度: Lasso-H5 窗口 35/37 | window_end=2025-08-20
2025-12-19 19:27:25,691 | INFO | [滚动重要性] 进度: Lasso-H5 窗口 36/37 | window_end=2025-09-18
2025-12-19 19:27:25,713 | INFO | [滚动重要性] 进度: Lasso-H5 窗口 37/37 | window_end=2025-10-17
2025-12-19 19:27:25,738 | INFO | [滚动重要性] 完成: model=Lasso | H=5 | 用时 0.9s
2025-12-19 19:27:26,552 | INFO | [滚动重要性] 开始: model=Lasso | H=10 | windows=37 | window=252 | step=21 | sample_n=500 | repeats=3
2025-12-19 19:27:26,553 | INFO | [滚动重要性] 进度: Lasso-H10 窗口 1/37 | window_end=2022-11-15
2025-12-19 19:27:26,577 | INFO | [滚动重要性] 进度: Lasso-H10 窗口 2/37 | window_end=2022-12-14
2025-12-19 19:27:26,603 | INFO | [滚动重要性] 进度: Lasso-H10 窗口 3/37 | window_end=2023-01-16
2025-12-19 19:27:26,626 | INFO | [滚动重要性] 进度: Lasso-H10 窗口 4/37 | window_end=2023-02-14
2025-12-19 19:27:26,648 | INFO | [滚动重要性] 进度: Lasso-H10 窗口 5/37 | window_end=2023-03-15
2025-12-19 19:27:26,674 | INFO | [滚动重要性] 进度: Lasso-H10 窗口 6/37 | window_end=2023-04-13
2025-12-19 19:27:26,695 | INFO | [滚动重要性] 进度: Lasso-H10 窗口 7/37 | window_end=2023-05-12
2025-12-19 19:27:26,721 | INFO | [滚动重要性] 进度: Lasso-H10 窗口 8/37 | window_end=2023-06-12
2025-12-19 19:27:26,741 | INFO | [滚动重要性] 进度: Lasso-H10 窗口 9/37 | window_end=2023-07-11
2025-12-19 19:27:26,760 | INFO | [滚动重要性] 进度: Lasso-H10 窗口 10/37 | window_end=2023-08-09
2025-12-19 19:27:26,782 | INFO | [滚动重要性] 进度: Lasso-H10 窗口 11/37 | window_end=2023-09-07
2025-12-19 19:27:26,806 | INFO | [滚动重要性] 进度: Lasso-H10 窗口 12/37 | window_end=2023-10-06
2025-12-19 19:27:26,827 | INFO | [滚动重要性] 进度: Lasso-H10 窗口 13/37 | window_end=2023-11-06
2025-12-19 19:27:26,850 | INFO | [滚动重要性] 进度: Lasso-H10 窗口 14/37 | window_end=2023-12-05
2025-12-19 19:27:26,874 | INFO | [滚动重要性] 进度: Lasso-H10 窗口 15/37 | window_end=2024-01-05
2025-12-19 19:27:26,897 | INFO | [滚动重要性] 进度: Lasso-H10 窗口 16/37 | window_end=2024-02-05
2025-12-19 19:27:26,922 | INFO | [滚动重要性] 进度: Lasso-H10 窗口 17/37 | window_end=2024-03-05
2025-12-19 19:27:26,944 | INFO | [滚动重要性] 进度: Lasso-H10 窗口 18/37 | window_end=2024-04-03
2025-12-19 19:27:26,973 | INFO | [滚动重要性] 进度: Lasso-H10 窗口 19/37 | window_end=2024-05-02
2025-12-19 19:27:27,012 | INFO | [滚动重要性] 进度: Lasso-H10 窗口 20/37 | window_end=2024-05-31
2025-12-19 19:27:27,035 | INFO | [滚动重要性] 进度: Lasso-H10 窗口 21/37 | window_end=2024-07-01
2025-12-19 19:27:27,055 | INFO | [滚动重要性] 进度: Lasso-H10 窗口 22/37 | window_end=2024-07-30
2025-12-19 19:27:27,077 | INFO | [滚动重要性] 进度: Lasso-H10 窗口 23/37 | window_end=2024-08-28
2025-12-19 19:27:27,102 | INFO | [滚动重要性] 进度: Lasso-H10 窗口 24/37 | window_end=2024-09-26
2025-12-19 19:27:27,126 | INFO | [滚动重要性] 进度: Lasso-H10 窗口 25/37 | window_end=2024-10-25
2025-12-19 19:27:27,150 | INFO | [滚动重要性] 进度: Lasso-H10 窗口 26/37 | window_end=2024-11-25
2025-12-19 19:27:27,177 | INFO | [滚动重要性] 进度: Lasso-H10 窗口 27/37 | window_end=2024-12-24
2025-12-19 19:27:27,210 | INFO | [滚动重要性] 进度: Lasso-H10 窗口 28/37 | window_end=2025-01-24
2025-12-19 19:27:27,243 | INFO | [滚动重要性] 进度: Lasso-H10 窗口 29/37 | window_end=2025-02-24
2025-12-19 19:27:27,273 | INFO | [滚动重要性] 进度: Lasso-H10 窗口 30/37 | window_end=2025-03-25
2025-12-19 19:27:27,301 | INFO | [滚动重要性] 进度: Lasso-H10 窗口 31/37 | window_end=2025-04-24
2025-12-19 19:27:27,326 | INFO | [滚动重要性] 进度: Lasso-H10 窗口 32/37 | window_end=2025-05-23
2025-12-19 19:27:27,354 | INFO | [滚动重要性] 进度: Lasso-H10 窗口 33/37 | window_end=2025-06-23
2025-12-19 19:27:27,378 | INFO | [滚动重要性] 进度: Lasso-H10 窗口 34/37 | window_end=2025-07-22
2025-12-19 19:27:27,403 | INFO | [滚动重要性] 进度: Lasso-H10 窗口 35/37 | window_end=2025-08-20
2025-12-19 19:27:27,425 | INFO | [滚动重要性] 进度: Lasso-H10 窗口 36/37 | window_end=2025-09-18
2025-12-19 19:27:27,450 | INFO | [滚动重要性] 进度: Lasso-H10 窗口 37/37 | window_end=2025-10-17
2025-12-19 19:27:27,474 | INFO | [滚动重要性] 完成: model=Lasso | H=10 | 用时 0.9s
2025-12-19 19:27:28,443 | INFO | [滚动重要性] 开始: model=Lasso | H=20 | windows=37 | window=252 | step=21 | sample_n=500 | repeats=3
2025-12-19 19:27:28,443 | INFO | [滚动重要性] 进度: Lasso-H20 窗口 1/37 | window_end=2022-11-15
2025-12-19 19:27:28,464 | INFO | [滚动重要性] 进度: Lasso-H20 窗口 2/37 | window_end=2022-12-14
2025-12-19 19:27:28,491 | INFO | [滚动重要性] 进度: Lasso-H20 窗口 3/37 | window_end=2023-01-16
2025-12-19 19:27:28,515 | INFO | [滚动重要性] 进度: Lasso-H20 窗口 4/37 | window_end=2023-02-14
2025-12-19 19:27:28,541 | INFO | [滚动重要性] 进度: Lasso-H20 窗口 5/37 | window_end=2023-03-15
2025-12-19 19:27:28,567 | INFO | [滚动重要性] 进度: Lasso-H20 窗口 6/37 | window_end=2023-04-13
2025-12-19 19:27:28,591 | INFO | [滚动重要性] 进度: Lasso-H20 窗口 7/37 | window_end=2023-05-12
2025-12-19 19:27:28,614 | INFO | [滚动重要性] 进度: Lasso-H20 窗口 8/37 | window_end=2023-06-12
2025-12-19 19:27:28,642 | INFO | [滚动重要性] 进度: Lasso-H20 窗口 9/37 | window_end=2023-07-11
2025-12-19 19:27:28,663 | INFO | [滚动重要性] 进度: Lasso-H20 窗口 10/37 | window_end=2023-08-09
2025-12-19 19:27:28,691 | INFO | [滚动重要性] 进度: Lasso-H20 窗口 11/37 | window_end=2023-09-07
2025-12-19 19:27:28,713 | INFO | [滚动重要性] 进度: Lasso-H20 窗口 12/37 | window_end=2023-10-06
2025-12-19 19:27:28,738 | INFO | [滚动重要性] 进度: Lasso-H20 窗口 13/37 | window_end=2023-11-06
2025-12-19 19:27:28,761 | INFO | [滚动重要性] 进度: Lasso-H20 窗口 14/37 | window_end=2023-12-05
2025-12-19 19:27:28,782 | INFO | [滚动重要性] 进度: Lasso-H20 窗口 15/37 | window_end=2024-01-05
2025-12-19 19:27:28,805 | INFO | [滚动重要性] 进度: Lasso-H20 窗口 16/37 | window_end=2024-02-05
2025-12-19 19:27:28,828 | INFO | [滚动重要性] 进度: Lasso-H20 窗口 17/37 | window_end=2024-03-05
2025-12-19 19:27:28,855 | INFO | [滚动重要性] 进度: Lasso-H20 窗口 18/37 | window_end=2024-04-03
2025-12-19 19:27:28,885 | INFO | [滚动重要性] 进度: Lasso-H20 窗口 19/37 | window_end=2024-05-02
2025-12-19 19:27:28,914 | INFO | [滚动重要性] 进度: Lasso-H20 窗口 20/37 | window_end=2024-05-31
2025-12-19 19:27:28,941 | INFO | [滚动重要性] 进度: Lasso-H20 窗口 21/37 | window_end=2024-07-01
2025-12-19 19:27:28,967 | INFO | [滚动重要性] 进度: Lasso-H20 窗口 22/37 | window_end=2024-07-30
2025-12-19 19:27:28,995 | INFO | [滚动重要性] 进度: Lasso-H20 窗口 23/37 | window_end=2024-08-28
2025-12-19 19:27:29,021 | INFO | [滚动重要性] 进度: Lasso-H20 窗口 24/37 | window_end=2024-09-26
2025-12-19 19:27:29,050 | INFO | [滚动重要性] 进度: Lasso-H20 窗口 25/37 | window_end=2024-10-25
2025-12-19 19:27:29,078 | INFO | [滚动重要性] 进度: Lasso-H20 窗口 26/37 | window_end=2024-11-25
2025-12-19 19:27:29,112 | INFO | [滚动重要性] 进度: Lasso-H20 窗口 27/37 | window_end=2024-12-24
2025-12-19 19:27:29,149 | INFO | [滚动重要性] 进度: Lasso-H20 窗口 28/37 | window_end=2025-01-24
2025-12-19 19:27:29,179 | INFO | [滚动重要性] 进度: Lasso-H20 窗口 29/37 | window_end=2025-02-24
2025-12-19 19:27:29,207 | INFO | [滚动重要性] 进度: Lasso-H20 窗口 30/37 | window_end=2025-03-25
2025-12-19 19:27:29,253 | INFO | [滚动重要性] 进度: Lasso-H20 窗口 31/37 | window_end=2025-04-24
2025-12-19 19:27:29,278 | INFO | [滚动重要性] 进度: Lasso-H20 窗口 32/37 | window_end=2025-05-23
2025-12-19 19:27:29,302 | INFO | [滚动重要性] 进度: Lasso-H20 窗口 33/37 | window_end=2025-06-23
2025-12-19 19:27:29,324 | INFO | [滚动重要性] 进度: Lasso-H20 窗口 34/37 | window_end=2025-07-22
2025-12-19 19:27:29,346 | INFO | [滚动重要性] 进度: Lasso-H20 窗口 35/37 | window_end=2025-08-20
2025-12-19 19:27:29,373 | INFO | [滚动重要性] 进度: Lasso-H20 窗口 36/37 | window_end=2025-09-18
2025-12-19 19:27:29,395 | INFO | [滚动重要性] 进度: Lasso-H20 窗口 37/37 | window_end=2025-10-17
2025-12-19 19:27:29,420 | INFO | [滚动重要性] 完成: model=Lasso | H=20 | 用时 1.0s
2025-12-19 19:27:30,360 | INFO | [滚动重要性] 开始: model=LightGBM | H=1 | windows=37 | window=252 | step=21 | sample_n=500 | repeats=3
2025-12-19 19:27:30,360 | INFO | [滚动重要性] 进度: LightGBM-H1 窗口 1/37 | window_end=2022-11-15
2025-12-19 19:27:30,741 | INFO | [滚动重要性] 进度: LightGBM-H1 窗口 2/37 | window_end=2022-12-14
2025-12-19 19:27:31,009 | INFO | [滚动重要性] 进度: LightGBM-H1 窗口 3/37 | window_end=2023-01-16
2025-12-19 19:27:31,258 | INFO | [滚动重要性] 进度: LightGBM-H1 窗口 4/37 | window_end=2023-02-14
2025-12-19 19:27:31,561 | INFO | [滚动重要性] 进度: LightGBM-H1 窗口 5/37 | window_end=2023-03-15
2025-12-19 19:27:31,852 | INFO | [滚动重要性] 进度: LightGBM-H1 窗口 6/37 | window_end=2023-04-13
2025-12-19 19:27:32,085 | INFO | [滚动重要性] 进度: LightGBM-H1 窗口 7/37 | window_end=2023-05-12
2025-12-19 19:27:32,338 | INFO | [滚动重要性] 进度: LightGBM-H1 窗口 8/37 | window_end=2023-06-12
2025-12-19 19:27:32,649 | INFO | [滚动重要性] 进度: LightGBM-H1 窗口 9/37 | window_end=2023-07-11
2025-12-19 19:27:32,936 | INFO | [滚动重要性] 进度: LightGBM-H1 窗口 10/37 | window_end=2023-08-09
2025-12-19 19:27:33,190 | INFO | [滚动重要性] 进度: LightGBM-H1 窗口 11/37 | window_end=2023-09-07
2025-12-19 19:27:33,479 | INFO | [滚动重要性] 进度: LightGBM-H1 窗口 12/37 | window_end=2023-10-06
2025-12-19 19:27:33,799 | INFO | [滚动重要性] 进度: LightGBM-H1 窗口 13/37 | window_end=2023-11-06
2025-12-19 19:27:34,026 | INFO | [滚动重要性] 进度: LightGBM-H1 窗口 14/37 | window_end=2023-12-05
2025-12-19 19:27:34,254 | INFO | [滚动重要性] 进度: LightGBM-H1 窗口 15/37 | window_end=2024-01-05
2025-12-19 19:27:34,543 | INFO | [滚动重要性] 进度: LightGBM-H1 窗口 16/37 | window_end=2024-02-05
2025-12-19 19:27:34,847 | INFO | [滚动重要性] 进度: LightGBM-H1 窗口 17/37 | window_end=2024-03-05
2025-12-19 19:27:35,070 | INFO | [滚动重要性] 进度: LightGBM-H1 窗口 18/37 | window_end=2024-04-03
2025-12-19 19:27:35,340 | INFO | [滚动重要性] 进度: LightGBM-H1 窗口 19/37 | window_end=2024-05-02
2025-12-19 19:27:35,632 | INFO | [滚动重要性] 进度: LightGBM-H1 窗口 20/37 | window_end=2024-05-31
2025-12-19 19:27:35,912 | INFO | [滚动重要性] 进度: LightGBM-H1 窗口 21/37 | window_end=2024-07-01
2025-12-19 19:27:36,143 | INFO | [滚动重要性] 进度: LightGBM-H1 窗口 22/37 | window_end=2024-07-30
2025-12-19 19:27:36,401 | INFO | [滚动重要性] 进度: LightGBM-H1 窗口 23/37 | window_end=2024-08-28
2025-12-19 19:27:36,701 | INFO | [滚动重要性] 进度: LightGBM-H1 窗口 24/37 | window_end=2024-09-26
2025-12-19 19:27:36,965 | INFO | [滚动重要性] 进度: LightGBM-H1 窗口 25/37 | window_end=2024-10-25
2025-12-19 19:27:37,191 | INFO | [滚动重要性] 进度: LightGBM-H1 窗口 26/37 | window_end=2024-11-25
2025-12-19 19:27:37,502 | INFO | [滚动重要性] 进度: LightGBM-H1 窗口 27/37 | window_end=2024-12-24
2025-12-19 19:27:37,813 | INFO | [滚动重要性] 进度: LightGBM-H1 窗口 28/37 | window_end=2025-01-24
2025-12-19 19:27:38,040 | INFO | [滚动重要性] 进度: LightGBM-H1 窗口 29/37 | window_end=2025-02-24
2025-12-19 19:27:38,271 | INFO | [滚动重要性] 进度: LightGBM-H1 窗口 30/37 | window_end=2025-03-25
2025-12-19 19:27:38,572 | INFO | [滚动重要性] 进度: LightGBM-H1 窗口 31/37 | window_end=2025-04-24
2025-12-19 19:27:38,872 | INFO | [滚动重要性] 进度: LightGBM-H1 窗口 32/37 | window_end=2025-05-23
2025-12-19 19:27:39,104 | INFO | [滚动重要性] 进度: LightGBM-H1 窗口 33/37 | window_end=2025-06-23
2025-12-19 19:27:39,359 | INFO | [滚动重要性] 进度: LightGBM-H1 窗口 34/37 | window_end=2025-07-22
2025-12-19 19:27:39,656 | INFO | [滚动重要性] 进度: LightGBM-H1 窗口 35/37 | window_end=2025-08-20
2025-12-19 19:27:39,940 | INFO | [滚动重要性] 进度: LightGBM-H1 窗口 36/37 | window_end=2025-09-18
2025-12-19 19:27:40,168 | INFO | [滚动重要性] 进度: LightGBM-H1 窗口 37/37 | window_end=2025-10-17
2025-12-19 19:27:40,424 | INFO | [滚动重要性] 完成: model=LightGBM | H=1 | 用时 10.1s
2025-12-19 19:27:41,300 | INFO | [滚动重要性] 开始: model=LightGBM | H=5 | windows=37 | window=252 | step=21 | sample_n=500 | repeats=3
2025-12-19 19:27:41,301 | INFO | [滚动重要性] 进度: LightGBM-H5 窗口 1/37 | window_end=2022-11-15
2025-12-19 19:27:41,677 | INFO | [滚动重要性] 进度: LightGBM-H5 窗口 2/37 | window_end=2022-12-14
2025-12-19 19:27:41,956 | INFO | [滚动重要性] 进度: LightGBM-H5 窗口 3/37 | window_end=2023-01-16
2025-12-19 19:27:42,199 | INFO | [滚动重要性] 进度: LightGBM-H5 窗口 4/37 | window_end=2023-02-14
2025-12-19 19:27:42,458 | INFO | [滚动重要性] 进度: LightGBM-H5 窗口 5/37 | window_end=2023-03-15
2025-12-19 19:27:42,753 | INFO | [滚动重要性] 进度: LightGBM-H5 窗口 6/37 | window_end=2023-04-13
2025-12-19 19:27:43,013 | INFO | [滚动重要性] 进度: LightGBM-H5 窗口 7/37 | window_end=2023-05-12
2025-12-19 19:27:43,240 | INFO | [滚动重要性] 进度: LightGBM-H5 窗口 8/37 | window_end=2023-06-12
2025-12-19 19:27:43,529 | INFO | [滚动重要性] 进度: LightGBM-H5 窗口 9/37 | window_end=2023-07-11
2025-12-19 19:27:43,835 | INFO | [滚动重要性] 进度: LightGBM-H5 窗口 10/37 | window_end=2023-08-09
2025-12-19 19:27:44,086 | INFO | [滚动重要性] 进度: LightGBM-H5 窗口 11/37 | window_end=2023-09-07
2025-12-19 19:27:44,317 | INFO | [滚动重要性] 进度: LightGBM-H5 窗口 12/37 | window_end=2023-10-06
2025-12-19 19:27:44,601 | INFO | [滚动重要性] 进度: LightGBM-H5 窗口 13/37 | window_end=2023-11-06
2025-12-19 19:27:44,900 | INFO | [滚动重要性] 进度: LightGBM-H5 窗口 14/37 | window_end=2023-12-05
2025-12-19 19:27:45,123 | INFO | [滚动重要性] 进度: LightGBM-H5 窗口 15/37 | window_end=2024-01-05
2025-12-19 19:27:45,349 | INFO | [滚动重要性] 进度: LightGBM-H5 窗口 16/37 | window_end=2024-02-05
2025-12-19 19:27:45,653 | INFO | [滚动重要性] 进度: LightGBM-H5 窗口 17/37 | window_end=2024-03-05
2025-12-19 19:27:45,940 | INFO | [滚动重要性] 进度: LightGBM-H5 窗口 18/37 | window_end=2024-04-03
2025-12-19 19:27:46,168 | INFO | [滚动重要性] 进度: LightGBM-H5 窗口 19/37 | window_end=2024-05-02
2025-12-19 19:27:46,404 | INFO | [滚动重要性] 进度: LightGBM-H5 窗口 20/37 | window_end=2024-05-31
2025-12-19 19:27:46,689 | INFO | [滚动重要性] 进度: LightGBM-H5 窗口 21/37 | window_end=2024-07-01
2025-12-19 19:27:46,968 | INFO | [滚动重要性] 进度: LightGBM-H5 窗口 22/37 | window_end=2024-07-30
2025-12-19 19:27:47,193 | INFO | [滚动重要性] 进度: LightGBM-H5 窗口 23/37 | window_end=2024-08-28
2025-12-19 19:27:47,446 | INFO | [滚动重要性] 进度: LightGBM-H5 窗口 24/37 | window_end=2024-09-26
2025-12-19 19:27:47,736 | INFO | [滚动重要性] 进度: LightGBM-H5 窗口 25/37 | window_end=2024-10-25
2025-12-19 19:27:48,008 | INFO | [滚动重要性] 进度: LightGBM-H5 窗口 26/37 | window_end=2024-11-25
2025-12-19 19:27:48,228 | INFO | [滚动重要性] 进度: LightGBM-H5 窗口 27/37 | window_end=2024-12-24
2025-12-19 19:27:48,471 | INFO | [滚动重要性] 进度: LightGBM-H5 窗口 28/37 | window_end=2025-01-24
2025-12-19 19:27:48,754 | INFO | [滚动重要性] 进度: LightGBM-H5 窗口 29/37 | window_end=2025-02-24
2025-12-19 19:27:49,014 | INFO | [滚动重要性] 进度: LightGBM-H5 窗口 30/37 | window_end=2025-03-25
2025-12-19 19:27:49,237 | INFO | [滚动重要性] 进度: LightGBM-H5 窗口 31/37 | window_end=2025-04-24
2025-12-19 19:27:49,495 | INFO | [滚动重要性] 进度: LightGBM-H5 窗口 32/37 | window_end=2025-05-23
2025-12-19 19:27:49,795 | INFO | [滚动重要性] 进度: LightGBM-H5 窗口 33/37 | window_end=2025-06-23
2025-12-19 19:27:50,053 | INFO | [滚动重要性] 进度: LightGBM-H5 窗口 34/37 | window_end=2025-07-22
2025-12-19 19:27:50,284 | INFO | [滚动重要性] 进度: LightGBM-H5 窗口 35/37 | window_end=2025-08-20
2025-12-19 19:27:50,545 | INFO | [滚动重要性] 进度: LightGBM-H5 窗口 36/37 | window_end=2025-09-18
2025-12-19 19:27:50,840 | INFO | [滚动重要性] 进度: LightGBM-H5 窗口 37/37 | window_end=2025-10-17
2025-12-19 19:27:51,075 | INFO | [滚动重要性] 完成: model=LightGBM | H=5 | 用时 9.8s
2025-12-19 19:27:51,811 | INFO | [滚动重要性] 开始: model=LightGBM | H=10 | windows=37 | window=252 | step=21 | sample_n=500 | repeats=3
2025-12-19 19:27:51,812 | INFO | [滚动重要性] 进度: LightGBM-H10 窗口 1/37 | window_end=2022-11-15
2025-12-19 19:27:52,120 | INFO | [滚动重要性] 进度: LightGBM-H10 窗口 2/37 | window_end=2022-12-14
2025-12-19 19:27:52,359 | INFO | [滚动重要性] 进度: LightGBM-H10 窗口 3/37 | window_end=2023-01-16
2025-12-19 19:27:52,660 | INFO | [滚动重要性] 进度: LightGBM-H10 窗口 4/37 | window_end=2023-02-14
2025-12-19 19:27:52,968 | INFO | [滚动重要性] 进度: LightGBM-H10 窗口 5/37 | window_end=2023-03-15
2025-12-19 19:27:53,196 | INFO | [滚动重要性] 进度: LightGBM-H10 窗口 6/37 | window_end=2023-04-13
2025-12-19 19:27:53,452 | INFO | [滚动重要性] 进度: LightGBM-H10 窗口 7/37 | window_end=2023-05-12
2025-12-19 19:27:53,753 | INFO | [滚动重要性] 进度: LightGBM-H10 窗口 8/37 | window_end=2023-06-12
2025-12-19 19:27:54,042 | INFO | [滚动重要性] 进度: LightGBM-H10 窗口 9/37 | window_end=2023-07-11
2025-12-19 19:27:54,270 | INFO | [滚动重要性] 进度: LightGBM-H10 窗口 10/37 | window_end=2023-08-09
2025-12-19 19:27:54,538 | INFO | [滚动重要性] 进度: LightGBM-H10 窗口 11/37 | window_end=2023-09-07
2025-12-19 19:27:54,845 | INFO | [滚动重要性] 进度: LightGBM-H10 窗口 12/37 | window_end=2023-10-06
2025-12-19 19:27:55,098 | INFO | [滚动重要性] 进度: LightGBM-H10 窗口 13/37 | window_end=2023-11-06
2025-12-19 19:27:55,326 | INFO | [滚动重要性] 进度: LightGBM-H10 窗口 14/37 | window_end=2023-12-05
2025-12-19 19:27:55,606 | INFO | [滚动重要性] 进度: LightGBM-H10 窗口 15/37 | window_end=2024-01-05
2025-12-19 19:27:55,930 | INFO | [滚动重要性] 进度: LightGBM-H10 窗口 16/37 | window_end=2024-02-05
2025-12-19 19:27:56,152 | INFO | [滚动重要性] 进度: LightGBM-H10 窗口 17/37 | window_end=2024-03-05
2025-12-19 19:27:56,391 | INFO | [滚动重要性] 进度: LightGBM-H10 窗口 18/37 | window_end=2024-04-03
2025-12-19 19:27:56,687 | INFO | [滚动重要性] 进度: LightGBM-H10 窗口 19/37 | window_end=2024-05-02
2025-12-19 19:27:57,019 | INFO | [滚动重要性] 进度: LightGBM-H10 窗口 20/37 | window_end=2024-05-31
2025-12-19 19:27:57,254 | INFO | [滚动重要性] 进度: LightGBM-H10 窗口 21/37 | window_end=2024-07-01
2025-12-19 19:27:57,501 | INFO | [滚动重要性] 进度: LightGBM-H10 窗口 22/37 | window_end=2024-07-30
2025-12-19 19:27:57,795 | INFO | [滚动重要性] 进度: LightGBM-H10 窗口 23/37 | window_end=2024-08-28
2025-12-19 19:27:58,072 | INFO | [滚动重要性] 进度: LightGBM-H10 窗口 24/37 | window_end=2024-09-26
2025-12-19 19:27:58,297 | INFO | [滚动重要性] 进度: LightGBM-H10 窗口 25/37 | window_end=2024-10-25
2025-12-19 19:27:58,574 | INFO | [滚动重要性] 进度: LightGBM-H10 窗口 26/37 | window_end=2024-11-25
2025-12-19 19:27:58,867 | INFO | [滚动重要性] 进度: LightGBM-H10 窗口 27/37 | window_end=2024-12-24
2025-12-19 19:27:59,111 | INFO | [滚动重要性] 进度: LightGBM-H10 窗口 28/37 | window_end=2025-01-24
2025-12-19 19:27:59,332 | INFO | [滚动重要性] 进度: LightGBM-H10 窗口 29/37 | window_end=2025-02-24
2025-12-19 19:27:59,598 | INFO | [滚动重要性] 进度: LightGBM-H10 窗口 30/37 | window_end=2025-03-25
2025-12-19 19:27:59,907 | INFO | [滚动重要性] 进度: LightGBM-H10 窗口 31/37 | window_end=2025-04-24
2025-12-19 19:28:00,157 | INFO | [滚动重要性] 进度: LightGBM-H10 窗口 32/37 | window_end=2025-05-23
2025-12-19 19:28:00,389 | INFO | [滚动重要性] 进度: LightGBM-H10 窗口 33/37 | window_end=2025-06-23
2025-12-19 19:28:00,678 | INFO | [滚动重要性] 进度: LightGBM-H10 窗口 34/37 | window_end=2025-07-22
2025-12-19 19:28:00,980 | INFO | [滚动重要性] 进度: LightGBM-H10 窗口 35/37 | window_end=2025-08-20
2025-12-19 19:28:01,201 | INFO | [滚动重要性] 进度: LightGBM-H10 窗口 36/37 | window_end=2025-09-18
2025-12-19 19:28:01,440 | INFO | [滚动重要性] 进度: LightGBM-H10 窗口 37/37 | window_end=2025-10-17
2025-12-19 19:28:01,730 | INFO | [滚动重要性] 完成: model=LightGBM | H=10 | 用时 9.9s
2025-12-19 19:28:02,535 | INFO | [滚动重要性] 开始: model=LightGBM | H=20 | windows=37 | window=252 | step=21 | sample_n=500 | repeats=3
2025-12-19 19:28:02,536 | INFO | [滚动重要性] 进度: LightGBM-H20 窗口 1/37 | window_end=2022-11-15
2025-12-19 19:28:04,257 | INFO | [滚动重要性] 进度: LightGBM-H20 窗口 2/37 | window_end=2022-12-14
2025-12-19 19:28:05,775 | INFO | [滚动重要性] 进度: LightGBM-H20 窗口 3/37 | window_end=2023-01-16
2025-12-19 19:28:07,331 | INFO | [滚动重要性] 进度: LightGBM-H20 窗口 4/37 | window_end=2023-02-14
2025-12-19 19:28:08,985 | INFO | [滚动重要性] 进度: LightGBM-H20 窗口 5/37 | window_end=2023-03-15
2025-12-19 19:28:10,748 | INFO | [滚动重要性] 进度: LightGBM-H20 窗口 6/37 | window_end=2023-04-13
2025-12-19 19:28:12,428 | INFO | [滚动重要性] 进度: LightGBM-H20 窗口 7/37 | window_end=2023-05-12
2025-12-19 19:28:14,073 | INFO | [滚动重要性] 进度: LightGBM-H20 窗口 8/37 | window_end=2023-06-12
2025-12-19 19:28:15,739 | INFO | [滚动重要性] 进度: LightGBM-H20 窗口 9/37 | window_end=2023-07-11
2025-12-19 19:28:17,507 | INFO | [滚动重要性] 进度: LightGBM-H20 窗口 10/37 | window_end=2023-08-09
2025-12-19 19:28:19,198 | INFO | [滚动重要性] 进度: LightGBM-H20 窗口 11/37 | window_end=2023-09-07
2025-12-19 19:28:20,950 | INFO | [滚动重要性] 进度: LightGBM-H20 窗口 12/37 | window_end=2023-10-06
2025-12-19 19:28:22,582 | INFO | [滚动重要性] 进度: LightGBM-H20 窗口 13/37 | window_end=2023-11-06
2025-12-19 19:28:24,066 | INFO | [滚动重要性] 进度: LightGBM-H20 窗口 14/37 | window_end=2023-12-05
2025-12-19 19:28:25,774 | INFO | [滚动重要性] 进度: LightGBM-H20 窗口 15/37 | window_end=2024-01-05
2025-12-19 19:28:27,486 | INFO | [滚动重要性] 进度: LightGBM-H20 窗口 16/37 | window_end=2024-02-05
2025-12-19 19:28:29,013 | INFO | [滚动重要性] 进度: LightGBM-H20 窗口 17/37 | window_end=2024-03-05
2025-12-19 19:28:30,554 | INFO | [滚动重要性] 进度: LightGBM-H20 窗口 18/37 | window_end=2024-04-03
2025-12-19 19:28:32,112 | INFO | [滚动重要性] 进度: LightGBM-H20 窗口 19/37 | window_end=2024-05-02
2025-12-19 19:28:33,861 | INFO | [滚动重要性] 进度: LightGBM-H20 窗口 20/37 | window_end=2024-05-31
2025-12-19 19:28:35,818 | INFO | [滚动重要性] 进度: LightGBM-H20 窗口 21/37 | window_end=2024-07-01
2025-12-19 19:28:37,403 | INFO | [滚动重要性] 进度: LightGBM-H20 窗口 22/37 | window_end=2024-07-30
2025-12-19 19:28:38,932 | INFO | [滚动重要性] 进度: LightGBM-H20 窗口 23/37 | window_end=2024-08-28
2025-12-19 19:28:40,479 | INFO | [滚动重要性] 进度: LightGBM-H20 窗口 24/37 | window_end=2024-09-26
2025-12-19 19:28:42,106 | INFO | [滚动重要性] 进度: LightGBM-H20 窗口 25/37 | window_end=2024-10-25
2025-12-19 19:28:43,668 | INFO | [滚动重要性] 进度: LightGBM-H20 窗口 26/37 | window_end=2024-11-25
2025-12-19 19:28:45,162 | INFO | [滚动重要性] 进度: LightGBM-H20 窗口 27/37 | window_end=2024-12-24
2025-12-19 19:28:46,685 | INFO | [滚动重要性] 进度: LightGBM-H20 窗口 28/37 | window_end=2025-01-24
2025-12-19 19:28:48,203 | INFO | [滚动重要性] 进度: LightGBM-H20 窗口 29/37 | window_end=2025-02-24
2025-12-19 19:28:49,841 | INFO | [滚动重要性] 进度: LightGBM-H20 窗口 30/37 | window_end=2025-03-25
2025-12-19 19:28:51,417 | INFO | [滚动重要性] 进度: LightGBM-H20 窗口 31/37 | window_end=2025-04-24
2025-12-19 19:28:53,100 | INFO | [滚动重要性] 进度: LightGBM-H20 窗口 32/37 | window_end=2025-05-23
2025-12-19 19:28:54,748 | INFO | [滚动重要性] 进度: LightGBM-H20 窗口 33/37 | window_end=2025-06-23
2025-12-19 19:28:56,421 | INFO | [滚动重要性] 进度: LightGBM-H20 窗口 34/37 | window_end=2025-07-22
2025-12-19 19:28:58,099 | INFO | [滚动重要性] 进度: LightGBM-H20 窗口 35/37 | window_end=2025-08-20
2025-12-19 19:28:59,887 | INFO | [滚动重要性] 进度: LightGBM-H20 窗口 36/37 | window_end=2025-09-18
2025-12-19 19:29:01,737 | INFO | [滚动重要性] 进度: LightGBM-H20 窗口 37/37 | window_end=2025-10-17
2025-12-19 19:29:03,319 | INFO | [滚动重要性] 完成: model=LightGBM | H=20 | 用时 60.8s
2025-12-19 19:29:04,284 | INFO | [滚动重要性] 开始: model=RandomForest | H=1 | windows=37 | window=252 | step=21 | sample_n=500 | repeats=3
2025-12-19 19:29:04,284 | INFO | [滚动重要性] 进度: RandomForest-H1 窗口 1/37 | window_end=2022-11-15
2025-12-19 19:29:18,406 | INFO | [滚动重要性] 进度: RandomForest-H1 窗口 2/37 | window_end=2022-12-14
2025-12-19 19:29:33,801 | INFO | [滚动重要性] 进度: RandomForest-H1 窗口 3/37 | window_end=2023-01-16
2025-12-19 19:29:48,100 | INFO | [滚动重要性] 进度: RandomForest-H1 窗口 4/37 | window_end=2023-02-14
2025-12-19 19:30:03,752 | INFO | [滚动重要性] 进度: RandomForest-H1 窗口 5/37 | window_end=2023-03-15
2025-12-19 19:30:21,019 | INFO | [滚动重要性] 进度: RandomForest-H1 窗口 6/37 | window_end=2023-04-13
2025-12-19 19:30:42,395 | INFO | [滚动重要性] 进度: RandomForest-H1 窗口 7/37 | window_end=2023-05-12
2025-12-19 19:31:03,591 | INFO | [滚动重要性] 进度: RandomForest-H1 窗口 8/37 | window_end=2023-06-12
2025-12-19 19:31:25,815 | INFO | [滚动重要性] 进度: RandomForest-H1 窗口 9/37 | window_end=2023-07-11
2025-12-19 19:31:48,392 | INFO | [滚动重要性] 进度: RandomForest-H1 窗口 10/37 | window_end=2023-08-09
2025-12-19 19:32:12,344 | INFO | [滚动重要性] 进度: RandomForest-H1 窗口 11/37 | window_end=2023-09-07
2025-12-19 19:32:34,429 | INFO | [滚动重要性] 进度: RandomForest-H1 窗口 12/37 | window_end=2023-10-06
2025-12-19 19:32:57,020 | INFO | [滚动重要性] 进度: RandomForest-H1 窗口 13/37 | window_end=2023-11-06
2025-12-19 19:33:12,092 | INFO | [滚动重要性] 进度: RandomForest-H1 窗口 14/37 | window_end=2023-12-05
2025-12-19 19:33:31,547 | INFO | [滚动重要性] 进度: RandomForest-H1 窗口 15/37 | window_end=2024-01-05
2025-12-19 19:33:53,802 | INFO | [滚动重要性] 进度: RandomForest-H1 窗口 16/37 | window_end=2024-02-05
2025-12-19 19:34:15,503 | INFO | [滚动重要性] 进度: RandomForest-H1 窗口 17/37 | window_end=2024-03-05
2025-12-19 19:34:36,952 | INFO | [滚动重要性] 进度: RandomForest-H1 窗口 18/37 | window_end=2024-04-03
2025-12-19 19:34:58,102 | INFO | [滚动重要性] 进度: RandomForest-H1 窗口 19/37 | window_end=2024-05-02
2025-12-19 19:35:18,993 | INFO | [滚动重要性] 进度: RandomForest-H1 窗口 20/37 | window_end=2024-05-31
2025-12-19 19:35:40,358 | INFO | [滚动重要性] 进度: RandomForest-H1 窗口 21/37 | window_end=2024-07-01
2025-12-19 19:36:01,684 | INFO | [滚动重要性] 进度: RandomForest-H1 窗口 22/37 | window_end=2024-07-30
2025-12-19 19:36:23,106 | INFO | [滚动重要性] 进度: RandomForest-H1 窗口 23/37 | window_end=2024-08-28
2025-12-19 19:36:44,677 | INFO | [滚动重要性] 进度: RandomForest-H1 窗口 24/37 | window_end=2024-09-26
2025-12-19 19:37:05,717 | INFO | [滚动重要性] 进度: RandomForest-H1 窗口 25/37 | window_end=2024-10-25
2025-12-19 19:37:26,935 | INFO | [滚动重要性] 进度: RandomForest-H1 窗口 26/37 | window_end=2024-11-25
2025-12-19 19:37:48,444 | INFO | [滚动重要性] 进度: RandomForest-H1 窗口 27/37 | window_end=2024-12-24
2025-12-19 19:38:09,890 | INFO | [滚动重要性] 进度: RandomForest-H1 窗口 28/37 | window_end=2025-01-24
2025-12-19 19:38:33,809 | INFO | [滚动重要性] 进度: RandomForest-H1 窗口 29/37 | window_end=2025-02-24
2025-12-19 19:38:56,924 | INFO | [滚动重要性] 进度: RandomForest-H1 窗口 30/37 | window_end=2025-03-25
2025-12-19 19:39:20,164 | INFO | [滚动重要性] 进度: RandomForest-H1 窗口 31/37 | window_end=2025-04-24
2025-12-19 19:39:41,314 | INFO | [滚动重要性] 进度: RandomForest-H1 窗口 32/37 | window_end=2025-05-23
2025-12-19 19:40:02,884 | INFO | [滚动重要性] 进度: RandomForest-H1 窗口 33/37 | window_end=2025-06-23
2025-12-19 19:40:24,389 | INFO | [滚动重要性] 进度: RandomForest-H1 窗口 34/37 | window_end=2025-07-22
2025-12-19 19:40:46,055 | INFO | [滚动重要性] 进度: RandomForest-H1 窗口 35/37 | window_end=2025-08-20
2025-12-19 19:41:07,538 | INFO | [滚动重要性] 进度: RandomForest-H1 窗口 36/37 | window_end=2025-09-18
2025-12-19 19:41:30,091 | INFO | [滚动重要性] 进度: RandomForest-H1 窗口 37/37 | window_end=2025-10-17
2025-12-19 19:41:51,677 | INFO | [滚动重要性] 完成: model=RandomForest | H=1 | 用时 767.4s
2025-12-19 19:41:53,356 | INFO | [滚动重要性] 开始: model=RandomForest | H=5 | windows=37 | window=252 | step=21 | sample_n=500 | repeats=3
2025-12-19 19:41:53,357 | INFO | [滚动重要性] 进度: RandomForest-H5 窗口 1/37 | window_end=2022-11-15
2025-12-19 19:42:12,762 | INFO | [滚动重要性] 进度: RandomForest-H5 窗口 2/37 | window_end=2022-12-14
2025-12-19 19:42:32,267 | INFO | [滚动重要性] 进度: RandomForest-H5 窗口 3/37 | window_end=2023-01-16
2025-12-19 19:42:53,116 | INFO | [滚动重要性] 进度: RandomForest-H5 窗口 4/37 | window_end=2023-02-14
2025-12-19 19:43:14,711 | INFO | [滚动重要性] 进度: RandomForest-H5 窗口 5/37 | window_end=2023-03-15
2025-12-19 19:43:35,638 | INFO | [滚动重要性] 进度: RandomForest-H5 窗口 6/37 | window_end=2023-04-13
2025-12-19 19:43:56,977 | INFO | [滚动重要性] 进度: RandomForest-H5 窗口 7/37 | window_end=2023-05-12
2025-12-19 19:44:11,559 | INFO | [滚动重要性] 进度: RandomForest-H5 窗口 8/37 | window_end=2023-06-12
2025-12-19 19:44:28,127 | INFO | [滚动重要性] 进度: RandomForest-H5 窗口 9/37 | window_end=2023-07-11
2025-12-19 19:44:43,329 | INFO | [滚动重要性] 进度: RandomForest-H5 窗口 10/37 | window_end=2023-08-09
2025-12-19 19:45:04,098 | INFO | [滚动重要性] 进度: RandomForest-H5 窗口 11/37 | window_end=2023-09-07
2025-12-19 19:45:24,669 | INFO | [滚动重要性] 进度: RandomForest-H5 窗口 12/37 | window_end=2023-10-06
2025-12-19 19:45:45,353 | INFO | [滚动重要性] 进度: RandomForest-H5 窗口 13/37 | window_end=2023-11-06
2025-12-19 19:46:05,120 | INFO | [滚动重要性] 进度: RandomForest-H5 窗口 14/37 | window_end=2023-12-05
2025-12-19 19:46:24,504 | INFO | [滚动重要性] 进度: RandomForest-H5 窗口 15/37 | window_end=2024-01-05
2025-12-19 19:46:43,591 | INFO | [滚动重要性] 进度: RandomForest-H5 窗口 16/37 | window_end=2024-02-05
2025-12-19 19:47:02,458 | INFO | [滚动重要性] 进度: RandomForest-H5 窗口 17/37 | window_end=2024-03-05
2025-12-19 19:47:20,545 | INFO | [滚动重要性] 进度: RandomForest-H5 窗口 18/37 | window_end=2024-04-03
2025-12-19 19:47:32,700 | INFO | [滚动重要性] 进度: RandomForest-H5 窗口 19/37 | window_end=2024-05-02
2025-12-19 19:47:46,974 | INFO | [滚动重要性] 进度: RandomForest-H5 窗口 20/37 | window_end=2024-05-31
2025-12-19 19:48:01,489 | INFO | [滚动重要性] 进度: RandomForest-H5 窗口 21/37 | window_end=2024-07-01
2025-12-19 19:48:15,478 | INFO | [滚动重要性] 进度: RandomForest-H5 窗口 22/37 | window_end=2024-07-30
2025-12-19 19:48:29,870 | INFO | [滚动重要性] 进度: RandomForest-H5 窗口 23/37 | window_end=2024-08-28
2025-12-19 19:48:44,502 | INFO | [滚动重要性] 进度: RandomForest-H5 窗口 24/37 | window_end=2024-09-26
2025-12-19 19:49:05,198 | INFO | [滚动重要性] 进度: RandomForest-H5 窗口 25/37 | window_end=2024-10-25
2025-12-19 19:49:25,292 | INFO | [滚动重要性] 进度: RandomForest-H5 窗口 26/37 | window_end=2024-11-25
2025-12-19 19:49:46,003 | INFO | [滚动重要性] 进度: RandomForest-H5 窗口 27/37 | window_end=2024-12-24
2025-12-19 19:50:05,627 | INFO | [滚动重要性] 进度: RandomForest-H5 窗口 28/37 | window_end=2025-01-24
2025-12-19 19:50:26,557 | INFO | [滚动重要性] 进度: RandomForest-H5 窗口 29/37 | window_end=2025-02-24
2025-12-19 19:50:47,375 | INFO | [滚动重要性] 进度: RandomForest-H5 窗口 30/37 | window_end=2025-03-25
2025-12-19 19:51:08,721 | INFO | [滚动重要性] 进度: RandomForest-H5 窗口 31/37 | window_end=2025-04-24
2025-12-19 19:51:29,879 | INFO | [滚动重要性] 进度: RandomForest-H5 窗口 32/37 | window_end=2025-05-23
2025-12-19 19:51:51,239 | INFO | [滚动重要性] 进度: RandomForest-H5 窗口 33/37 | window_end=2025-06-23
2025-12-19 19:52:11,829 | INFO | [滚动重要性] 进度: RandomForest-H5 窗口 34/37 | window_end=2025-07-22
2025-12-19 19:52:32,852 | INFO | [滚动重要性] 进度: RandomForest-H5 窗口 35/37 | window_end=2025-08-20
2025-12-19 19:52:53,205 | INFO | [滚动重要性] 进度: RandomForest-H5 窗口 36/37 | window_end=2025-09-18
2025-12-19 19:53:13,000 | INFO | [滚动重要性] 进度: RandomForest-H5 窗口 37/37 | window_end=2025-10-17
2025-12-19 19:53:32,690 | INFO | [滚动重要性] 完成: model=RandomForest | H=5 | 用时 699.3s
2025-12-19 19:53:34,444 | INFO | [滚动重要性] 开始: model=RandomForest | H=10 | windows=37 | window=252 | step=21 | sample_n=500 | repeats=3
2025-12-19 19:53:34,444 | INFO | [滚动重要性] 进度: RandomForest-H10 窗口 1/37 | window_end=2022-11-15
2025-12-19 19:53:46,647 | INFO | [滚动重要性] 进度: RandomForest-H10 窗口 2/37 | window_end=2022-12-14
2025-12-19 19:53:58,539 | INFO | [滚动重要性] 进度: RandomForest-H10 窗口 3/37 | window_end=2023-01-16
2025-12-19 19:54:10,437 | INFO | [滚动重要性] 进度: RandomForest-H10 窗口 4/37 | window_end=2023-02-14
2025-12-19 19:54:22,852 | INFO | [滚动重要性] 进度: RandomForest-H10 窗口 5/37 | window_end=2023-03-15
2025-12-19 19:54:34,912 | INFO | [滚动重要性] 进度: RandomForest-H10 窗口 6/37 | window_end=2023-04-13
2025-12-19 19:54:47,116 | INFO | [滚动重要性] 进度: RandomForest-H10 窗口 7/37 | window_end=2023-05-12
2025-12-19 19:54:59,080 | INFO | [滚动重要性] 进度: RandomForest-H10 窗口 8/37 | window_end=2023-06-12
2025-12-19 19:55:10,973 | INFO | [滚动重要性] 进度: RandomForest-H10 窗口 9/37 | window_end=2023-07-11
2025-12-19 19:55:23,285 | INFO | [滚动重要性] 进度: RandomForest-H10 窗口 10/37 | window_end=2023-08-09
2025-12-19 19:55:34,952 | INFO | [滚动重要性] 进度: RandomForest-H10 窗口 11/37 | window_end=2023-09-07
2025-12-19 19:55:47,209 | INFO | [滚动重要性] 进度: RandomForest-H10 窗口 12/37 | window_end=2023-10-06
2025-12-19 19:55:58,574 | INFO | [滚动重要性] 进度: RandomForest-H10 窗口 13/37 | window_end=2023-11-06
2025-12-19 19:56:10,192 | INFO | [滚动重要性] 进度: RandomForest-H10 窗口 14/37 | window_end=2023-12-05
2025-12-19 19:56:21,818 | INFO | [滚动重要性] 进度: RandomForest-H10 窗口 15/37 | window_end=2024-01-05
2025-12-19 19:56:33,379 | INFO | [滚动重要性] 进度: RandomForest-H10 窗口 16/37 | window_end=2024-02-05
2025-12-19 19:56:45,384 | INFO | [滚动重要性] 进度: RandomForest-H10 窗口 17/37 | window_end=2024-03-05
2025-12-19 19:56:57,287 | INFO | [滚动重要性] 进度: RandomForest-H10 窗口 18/37 | window_end=2024-04-03
2025-12-19 19:57:09,078 | INFO | [滚动重要性] 进度: RandomForest-H10 窗口 19/37 | window_end=2024-05-02
2025-12-19 19:57:20,840 | INFO | [滚动重要性] 进度: RandomForest-H10 窗口 20/37 | window_end=2024-05-31
2025-12-19 19:57:32,588 | INFO | [滚动重要性] 进度: RandomForest-H10 窗口 21/37 | window_end=2024-07-01
2025-12-19 19:57:44,323 | INFO | [滚动重要性] 进度: RandomForest-H10 窗口 22/37 | window_end=2024-07-30
2025-12-19 19:57:55,898 | INFO | [滚动重要性] 进度: RandomForest-H10 窗口 23/37 | window_end=2024-08-28
2025-12-19 19:58:07,184 | INFO | [滚动重要性] 进度: RandomForest-H10 窗口 24/37 | window_end=2024-09-26
2025-12-19 19:58:18,849 | INFO | [滚动重要性] 进度: RandomForest-H10 窗口 25/37 | window_end=2024-10-25
2025-12-19 19:58:30,246 | INFO | [滚动重要性] 进度: RandomForest-H10 窗口 26/37 | window_end=2024-11-25
2025-12-19 19:58:41,933 | INFO | [滚动重要性] 进度: RandomForest-H10 窗口 27/37 | window_end=2024-12-24
2025-12-19 19:58:53,454 | INFO | [滚动重要性] 进度: RandomForest-H10 窗口 28/37 | window_end=2025-01-24
2025-12-19 19:59:04,851 | INFO | [滚动重要性] 进度: RandomForest-H10 窗口 29/37 | window_end=2025-02-24
2025-12-19 19:59:16,810 | INFO | [滚动重要性] 进度: RandomForest-H10 窗口 30/37 | window_end=2025-03-25
2025-12-19 19:59:28,326 | INFO | [滚动重要性] 进度: RandomForest-H10 窗口 31/37 | window_end=2025-04-24
2025-12-19 19:59:40,347 | INFO | [滚动重要性] 进度: RandomForest-H10 窗口 32/37 | window_end=2025-05-23
2025-12-19 19:59:52,176 | INFO | [滚动重要性] 进度: RandomForest-H10 窗口 33/37 | window_end=2025-06-23
2025-12-19 20:00:03,822 | INFO | [滚动重要性] 进度: RandomForest-H10 窗口 34/37 | window_end=2025-07-22
2025-12-19 20:00:15,627 | INFO | [滚动重要性] 进度: RandomForest-H10 窗口 35/37 | window_end=2025-08-20
2025-12-19 20:00:27,284 | INFO | [滚动重要性] 进度: RandomForest-H10 窗口 36/37 | window_end=2025-09-18
2025-12-19 20:00:39,127 | INFO | [滚动重要性] 进度: RandomForest-H10 窗口 37/37 | window_end=2025-10-17
2025-12-19 20:00:51,138 | INFO | [滚动重要性] 完成: model=RandomForest | H=10 | 用时 436.7s
2025-12-19 20:00:52,651 | INFO | [滚动重要性] 开始: model=RandomForest | H=20 | windows=37 | window=252 | step=21 | sample_n=500 | repeats=3
2025-12-19 20:00:52,651 | INFO | [滚动重要性] 进度: RandomForest-H20 窗口 1/37 | window_end=2022-11-15
2025-12-19 20:01:04,262 | INFO | [滚动重要性] 进度: RandomForest-H20 窗口 2/37 | window_end=2022-12-14
2025-12-19 20:01:15,752 | INFO | [滚动重要性] 进度: RandomForest-H20 窗口 3/37 | window_end=2023-01-16
2025-12-19 20:01:27,234 | INFO | [滚动重要性] 进度: RandomForest-H20 窗口 4/37 | window_end=2023-02-14
2025-12-19 20:01:39,749 | INFO | [滚动重要性] 进度: RandomForest-H20 窗口 5/37 | window_end=2023-03-15
2025-12-19 20:01:51,342 | INFO | [滚动重要性] 进度: RandomForest-H20 窗口 6/37 | window_end=2023-04-13
2025-12-19 20:02:03,009 | INFO | [滚动重要性] 进度: RandomForest-H20 窗口 7/37 | window_end=2023-05-12
2025-12-19 20:02:14,517 | INFO | [滚动重要性] 进度: RandomForest-H20 窗口 8/37 | window_end=2023-06-12
2025-12-19 20:02:25,916 | INFO | [滚动重要性] 进度: RandomForest-H20 窗口 9/37 | window_end=2023-07-11
2025-12-19 20:02:37,862 | INFO | [滚动重要性] 进度: RandomForest-H20 窗口 10/37 | window_end=2023-08-09
2025-12-19 20:02:49,337 | INFO | [滚动重要性] 进度: RandomForest-H20 窗口 11/37 | window_end=2023-09-07
2025-12-19 20:03:01,093 | INFO | [滚动重要性] 进度: RandomForest-H20 窗口 12/37 | window_end=2023-10-06
2025-12-19 20:03:12,813 | INFO | [滚动重要性] 进度: RandomForest-H20 窗口 13/37 | window_end=2023-11-06
2025-12-19 20:03:24,354 | INFO | [滚动重要性] 进度: RandomForest-H20 窗口 14/37 | window_end=2023-12-05
2025-12-19 20:03:36,200 | INFO | [滚动重要性] 进度: RandomForest-H20 窗口 15/37 | window_end=2024-01-05
2025-12-19 20:03:47,877 | INFO | [滚动重要性] 进度: RandomForest-H20 窗口 16/37 | window_end=2024-02-05
2025-12-19 20:03:59,363 | INFO | [滚动重要性] 进度: RandomForest-H20 窗口 17/37 | window_end=2024-03-05
2025-12-19 20:04:11,139 | INFO | [滚动重要性] 进度: RandomForest-H20 窗口 18/37 | window_end=2024-04-03
2025-12-19 20:04:22,686 | INFO | [滚动重要性] 进度: RandomForest-H20 窗口 19/37 | window_end=2024-05-02
2025-12-19 20:04:34,341 | INFO | [滚动重要性] 进度: RandomForest-H20 窗口 20/37 | window_end=2024-05-31
2025-12-19 20:04:45,956 | INFO | [滚动重要性] 进度: RandomForest-H20 窗口 21/37 | window_end=2024-07-01
2025-12-19 20:04:57,592 | INFO | [滚动重要性] 进度: RandomForest-H20 窗口 22/37 | window_end=2024-07-30
2025-12-19 20:05:09,325 | INFO | [滚动重要性] 进度: RandomForest-H20 窗口 23/37 | window_end=2024-08-28
2025-12-19 20:05:20,826 | INFO | [滚动重要性] 进度: RandomForest-H20 窗口 24/37 | window_end=2024-09-26
2025-12-19 20:05:32,523 | INFO | [滚动重要性] 进度: RandomForest-H20 窗口 25/37 | window_end=2024-10-25
2025-12-19 20:05:44,343 | INFO | [滚动重要性] 进度: RandomForest-H20 窗口 26/37 | window_end=2024-11-25
2025-12-19 20:05:56,075 | INFO | [滚动重要性] 进度: RandomForest-H20 窗口 27/37 | window_end=2024-12-24
2025-12-19 20:06:07,761 | INFO | [滚动重要性] 进度: RandomForest-H20 窗口 28/37 | window_end=2025-01-24
2025-12-19 20:06:19,564 | INFO | [滚动重要性] 进度: RandomForest-H20 窗口 29/37 | window_end=2025-02-24
2025-12-19 20:06:31,293 | INFO | [滚动重要性] 进度: RandomForest-H20 窗口 30/37 | window_end=2025-03-25
2025-12-19 20:06:43,273 | INFO | [滚动重要性] 进度: RandomForest-H20 窗口 31/37 | window_end=2025-04-24
2025-12-19 20:06:55,032 | INFO | [滚动重要性] 进度: RandomForest-H20 窗口 32/37 | window_end=2025-05-23
2025-12-19 20:07:06,447 | INFO | [滚动重要性] 进度: RandomForest-H20 窗口 33/37 | window_end=2025-06-23
2025-12-19 20:07:18,235 | INFO | [滚动重要性] 进度: RandomForest-H20 窗口 34/37 | window_end=2025-07-22
2025-12-19 20:07:29,752 | INFO | [滚动重要性] 进度: RandomForest-H20 窗口 35/37 | window_end=2025-08-20
2025-12-19 20:07:41,368 | INFO | [滚动重要性] 进度: RandomForest-H20 窗口 36/37 | window_end=2025-09-18
2025-12-19 20:07:52,970 | INFO | [滚动重要性] 进度: RandomForest-H20 窗口 37/37 | window_end=2025-10-17
2025-12-19 20:08:04,511 | INFO | [滚动重要性] 完成: model=RandomForest | H=20 | 用时 431.9s
2025-12-19 20:08:06,189 | INFO | [滚动重要性] 开始: model=Ridge | H=1 | windows=37 | window=252 | step=21 | sample_n=500 | repeats=3
2025-12-19 20:08:06,190 | INFO | [滚动重要性] 进度: Ridge-H1 窗口 1/37 | window_end=2022-11-15
2025-12-19 20:08:06,251 | INFO | [滚动重要性] 进度: Ridge-H1 窗口 2/37 | window_end=2022-12-14
2025-12-19 20:08:06,301 | INFO | [滚动重要性] 进度: Ridge-H1 窗口 3/37 | window_end=2023-01-16
2025-12-19 20:08:06,356 | INFO | [滚动重要性] 进度: Ridge-H1 窗口 4/37 | window_end=2023-02-14
2025-12-19 20:08:06,404 | INFO | [滚动重要性] 进度: Ridge-H1 窗口 5/37 | window_end=2023-03-15
2025-12-19 20:08:06,455 | INFO | [滚动重要性] 进度: Ridge-H1 窗口 6/37 | window_end=2023-04-13
2025-12-19 20:08:06,514 | INFO | [滚动重要性] 进度: Ridge-H1 窗口 7/37 | window_end=2023-05-12
2025-12-19 20:08:06,564 | INFO | [滚动重要性] 进度: Ridge-H1 窗口 8/37 | window_end=2023-06-12
2025-12-19 20:08:06,616 | INFO | [滚动重要性] 进度: Ridge-H1 窗口 9/37 | window_end=2023-07-11
2025-12-19 20:08:06,665 | INFO | [滚动重要性] 进度: Ridge-H1 窗口 10/37 | window_end=2023-08-09
2025-12-19 20:08:06,716 | INFO | [滚动重要性] 进度: Ridge-H1 窗口 11/37 | window_end=2023-09-07
2025-12-19 20:08:06,765 | INFO | [滚动重要性] 进度: Ridge-H1 窗口 12/37 | window_end=2023-10-06
2025-12-19 20:08:06,813 | INFO | [滚动重要性] 进度: Ridge-H1 窗口 13/37 | window_end=2023-11-06
2025-12-19 20:08:06,871 | INFO | [滚动重要性] 进度: Ridge-H1 窗口 14/37 | window_end=2023-12-05
2025-12-19 20:08:06,933 | INFO | [滚动重要性] 进度: Ridge-H1 窗口 15/37 | window_end=2024-01-05
2025-12-19 20:08:06,983 | INFO | [滚动重要性] 进度: Ridge-H1 窗口 16/37 | window_end=2024-02-05
2025-12-19 20:08:07,034 | INFO | [滚动重要性] 进度: Ridge-H1 窗口 17/37 | window_end=2024-03-05
2025-12-19 20:08:07,098 | INFO | [滚动重要性] 进度: Ridge-H1 窗口 18/37 | window_end=2024-04-03
2025-12-19 20:08:07,148 | INFO | [滚动重要性] 进度: Ridge-H1 窗口 19/37 | window_end=2024-05-02
2025-12-19 20:08:07,199 | INFO | [滚动重要性] 进度: Ridge-H1 窗口 20/37 | window_end=2024-05-31
2025-12-19 20:08:07,249 | INFO | [滚动重要性] 进度: Ridge-H1 窗口 21/37 | window_end=2024-07-01
2025-12-19 20:08:07,301 | INFO | [滚动重要性] 进度: Ridge-H1 窗口 22/37 | window_end=2024-07-30
2025-12-19 20:08:07,349 | INFO | [滚动重要性] 进度: Ridge-H1 窗口 23/37 | window_end=2024-08-28
2025-12-19 20:08:07,401 | INFO | [滚动重要性] 进度: Ridge-H1 窗口 24/37 | window_end=2024-09-26
2025-12-19 20:08:07,456 | INFO | [滚动重要性] 进度: Ridge-H1 窗口 25/37 | window_end=2024-10-25
2025-12-19 20:08:07,515 | INFO | [滚动重要性] 进度: Ridge-H1 窗口 26/37 | window_end=2024-11-25
2025-12-19 20:08:07,566 | INFO | [滚动重要性] 进度: Ridge-H1 窗口 27/37 | window_end=2024-12-24
2025-12-19 20:08:07,617 | INFO | [滚动重要性] 进度: Ridge-H1 窗口 28/37 | window_end=2025-01-24
2025-12-19 20:08:07,679 | INFO | [滚动重要性] 进度: Ridge-H1 窗口 29/37 | window_end=2025-02-24
2025-12-19 20:08:07,726 | INFO | [滚动重要性] 进度: Ridge-H1 窗口 30/37 | window_end=2025-03-25
2025-12-19 20:08:07,774 | INFO | [滚动重要性] 进度: Ridge-H1 窗口 31/37 | window_end=2025-04-24
2025-12-19 20:08:07,824 | INFO | [滚动重要性] 进度: Ridge-H1 窗口 32/37 | window_end=2025-05-23
2025-12-19 20:08:07,876 | INFO | [滚动重要性] 进度: Ridge-H1 窗口 33/37 | window_end=2025-06-23
2025-12-19 20:08:07,927 | INFO | [滚动重要性] 进度: Ridge-H1 窗口 34/37 | window_end=2025-07-22
2025-12-19 20:08:07,977 | INFO | [滚动重要性] 进度: Ridge-H1 窗口 35/37 | window_end=2025-08-20
2025-12-19 20:08:08,037 | INFO | [滚动重要性] 进度: Ridge-H1 窗口 36/37 | window_end=2025-09-18
2025-12-19 20:08:08,095 | INFO | [滚动重要性] 进度: Ridge-H1 窗口 37/37 | window_end=2025-10-17
2025-12-19 20:08:08,146 | INFO | [滚动重要性] 完成: model=Ridge | H=1 | 用时 2.0s
2025-12-19 20:08:09,937 | INFO | [滚动重要性] 开始: model=Ridge | H=5 | windows=37 | window=252 | step=21 | sample_n=500 | repeats=3
2025-12-19 20:08:09,937 | INFO | [滚动重要性] 进度: Ridge-H5 窗口 1/37 | window_end=2022-11-15
2025-12-19 20:08:09,988 | INFO | [滚动重要性] 进度: Ridge-H5 窗口 2/37 | window_end=2022-12-14
2025-12-19 20:08:10,035 | INFO | [滚动重要性] 进度: Ridge-H5 窗口 3/37 | window_end=2023-01-16
2025-12-19 20:08:10,085 | INFO | [滚动重要性] 进度: Ridge-H5 窗口 4/37 | window_end=2023-02-14
2025-12-19 20:08:10,141 | INFO | [滚动重要性] 进度: Ridge-H5 窗口 5/37 | window_end=2023-03-15
2025-12-19 20:08:10,199 | INFO | [滚动重要性] 进度: Ridge-H5 窗口 6/37 | window_end=2023-04-13
2025-12-19 20:08:10,246 | INFO | [滚动重要性] 进度: Ridge-H5 窗口 7/37 | window_end=2023-05-12
2025-12-19 20:08:10,308 | INFO | [滚动重要性] 进度: Ridge-H5 窗口 8/37 | window_end=2023-06-12
2025-12-19 20:08:10,357 | INFO | [滚动重要性] 进度: Ridge-H5 窗口 9/37 | window_end=2023-07-11
2025-12-19 20:08:10,409 | INFO | [滚动重要性] 进度: Ridge-H5 窗口 10/37 | window_end=2023-08-09
2025-12-19 20:08:10,457 | INFO | [滚动重要性] 进度: Ridge-H5 窗口 11/37 | window_end=2023-09-07
2025-12-19 20:08:10,518 | INFO | [滚动重要性] 进度: Ridge-H5 窗口 12/37 | window_end=2023-10-06
2025-12-19 20:08:10,579 | INFO | [滚动重要性] 进度: Ridge-H5 窗口 13/37 | window_end=2023-11-06
2025-12-19 20:08:10,628 | INFO | [滚动重要性] 进度: Ridge-H5 窗口 14/37 | window_end=2023-12-05
2025-12-19 20:08:10,677 | INFO | [滚动重要性] 进度: Ridge-H5 窗口 15/37 | window_end=2024-01-05
2025-12-19 20:08:10,727 | INFO | [滚动重要性] 进度: Ridge-H5 窗口 16/37 | window_end=2024-02-05
2025-12-19 20:08:10,778 | INFO | [滚动重要性] 进度: Ridge-H5 窗口 17/37 | window_end=2024-03-05
2025-12-19 20:08:10,827 | INFO | [滚动重要性] 进度: Ridge-H5 窗口 18/37 | window_end=2024-04-03
2025-12-19 20:08:10,878 | INFO | [滚动重要性] 进度: Ridge-H5 窗口 19/37 | window_end=2024-05-02
2025-12-19 20:08:10,926 | INFO | [滚动重要性] 进度: Ridge-H5 窗口 20/37 | window_end=2024-05-31
2025-12-19 20:08:10,976 | INFO | [滚动重要性] 进度: Ridge-H5 窗口 21/37 | window_end=2024-07-01
2025-12-19 20:08:11,030 | INFO | [滚动重要性] 进度: Ridge-H5 窗口 22/37 | window_end=2024-07-30
2025-12-19 20:08:11,080 | INFO | [滚动重要性] 进度: Ridge-H5 窗口 23/37 | window_end=2024-08-28
2025-12-19 20:08:11,129 | INFO | [滚动重要性] 进度: Ridge-H5 窗口 24/37 | window_end=2024-09-26
2025-12-19 20:08:11,188 | INFO | [滚动重要性] 进度: Ridge-H5 窗口 25/37 | window_end=2024-10-25
2025-12-19 20:08:11,237 | INFO | [滚动重要性] 进度: Ridge-H5 窗口 26/37 | window_end=2024-11-25
2025-12-19 20:08:11,289 | INFO | [滚动重要性] 进度: Ridge-H5 窗口 27/37 | window_end=2024-12-24
2025-12-19 20:08:11,341 | INFO | [滚动重要性] 进度: Ridge-H5 窗口 28/37 | window_end=2025-01-24
2025-12-19 20:08:11,397 | INFO | [滚动重要性] 进度: Ridge-H5 窗口 29/37 | window_end=2025-02-24
2025-12-19 20:08:11,448 | INFO | [滚动重要性] 进度: Ridge-H5 窗口 30/37 | window_end=2025-03-25
2025-12-19 20:08:11,499 | INFO | [滚动重要性] 进度: Ridge-H5 窗口 31/37 | window_end=2025-04-24
2025-12-19 20:08:11,566 | INFO | [滚动重要性] 进度: Ridge-H5 窗口 32/37 | window_end=2025-05-23
2025-12-19 20:08:11,617 | INFO | [滚动重要性] 进度: Ridge-H5 窗口 33/37 | window_end=2025-06-23
2025-12-19 20:08:11,666 | INFO | [滚动重要性] 进度: Ridge-H5 窗口 34/37 | window_end=2025-07-22
2025-12-19 20:08:11,720 | INFO | [滚动重要性] 进度: Ridge-H5 窗口 35/37 | window_end=2025-08-20
2025-12-19 20:08:11,775 | INFO | [滚动重要性] 进度: Ridge-H5 窗口 36/37 | window_end=2025-09-18
2025-12-19 20:08:11,829 | INFO | [滚动重要性] 进度: Ridge-H5 窗口 37/37 | window_end=2025-10-17
2025-12-19 20:08:11,880 | INFO | [滚动重要性] 完成: model=Ridge | H=5 | 用时 1.9s
2025-12-19 20:08:13,425 | INFO | [滚动重要性] 开始: model=Ridge | H=10 | windows=37 | window=252 | step=21 | sample_n=500 | repeats=3
2025-12-19 20:08:13,425 | INFO | [滚动重要性] 进度: Ridge-H10 窗口 1/37 | window_end=2022-11-15
2025-12-19 20:08:13,475 | INFO | [滚动重要性] 进度: Ridge-H10 窗口 2/37 | window_end=2022-12-14
2025-12-19 20:08:13,532 | INFO | [滚动重要性] 进度: Ridge-H10 窗口 3/37 | window_end=2023-01-16
2025-12-19 20:08:13,586 | INFO | [滚动重要性] 进度: Ridge-H10 窗口 4/37 | window_end=2023-02-14
2025-12-19 20:08:13,646 | INFO | [滚动重要性] 进度: Ridge-H10 窗口 5/37 | window_end=2023-03-15
2025-12-19 20:08:13,695 | INFO | [滚动重要性] 进度: Ridge-H10 窗口 6/37 | window_end=2023-04-13
2025-12-19 20:08:13,746 | INFO | [滚动重要性] 进度: Ridge-H10 窗口 7/37 | window_end=2023-05-12
2025-12-19 20:08:13,802 | INFO | [滚动重要性] 进度: Ridge-H10 窗口 8/37 | window_end=2023-06-12
2025-12-19 20:08:13,858 | INFO | [滚动重要性] 进度: Ridge-H10 窗口 9/37 | window_end=2023-07-11
2025-12-19 20:08:13,911 | INFO | [滚动重要性] 进度: Ridge-H10 窗口 10/37 | window_end=2023-08-09
2025-12-19 20:08:13,971 | INFO | [滚动重要性] 进度: Ridge-H10 窗口 11/37 | window_end=2023-09-07
2025-12-19 20:08:14,027 | INFO | [滚动重要性] 进度: Ridge-H10 窗口 12/37 | window_end=2023-10-06
2025-12-19 20:08:14,086 | INFO | [滚动重要性] 进度: Ridge-H10 窗口 13/37 | window_end=2023-11-06
2025-12-19 20:08:14,143 | INFO | [滚动重要性] 进度: Ridge-H10 窗口 14/37 | window_end=2023-12-05
2025-12-19 20:08:14,200 | INFO | [滚动重要性] 进度: Ridge-H10 窗口 15/37 | window_end=2024-01-05
2025-12-19 20:08:14,250 | INFO | [滚动重要性] 进度: Ridge-H10 窗口 16/37 | window_end=2024-02-05
2025-12-19 20:08:14,305 | INFO | [滚动重要性] 进度: Ridge-H10 窗口 17/37 | window_end=2024-03-05
2025-12-19 20:08:14,360 | INFO | [滚动重要性] 进度: Ridge-H10 窗口 18/37 | window_end=2024-04-03
2025-12-19 20:08:14,429 | INFO | [滚动重要性] 进度: Ridge-H10 窗口 19/37 | window_end=2024-05-02
2025-12-19 20:08:14,477 | INFO | [滚动重要性] 进度: Ridge-H10 窗口 20/37 | window_end=2024-05-31
2025-12-19 20:08:14,527 | INFO | [滚动重要性] 进度: Ridge-H10 窗口 21/37 | window_end=2024-07-01
2025-12-19 20:08:14,577 | INFO | [滚动重要性] 进度: Ridge-H10 窗口 22/37 | window_end=2024-07-30
2025-12-19 20:08:14,631 | INFO | [滚动重要性] 进度: Ridge-H10 窗口 23/37 | window_end=2024-08-28
2025-12-19 20:08:14,680 | INFO | [滚动重要性] 进度: Ridge-H10 窗口 24/37 | window_end=2024-09-26
2025-12-19 20:08:14,731 | INFO | [滚动重要性] 进度: Ridge-H10 窗口 25/37 | window_end=2024-10-25
2025-12-19 20:08:14,782 | INFO | [滚动重要性] 进度: Ridge-H10 窗口 26/37 | window_end=2024-11-25
2025-12-19 20:08:14,834 | INFO | [滚动重要性] 进度: Ridge-H10 窗口 27/37 | window_end=2024-12-24
2025-12-19 20:08:14,895 | INFO | [滚动重要性] 进度: Ridge-H10 窗口 28/37 | window_end=2025-01-24
2025-12-19 20:08:14,949 | INFO | [滚动重要性] 进度: Ridge-H10 窗口 29/37 | window_end=2025-02-24
2025-12-19 20:08:15,004 | INFO | [滚动重要性] 进度: Ridge-H10 窗口 30/37 | window_end=2025-03-25
2025-12-19 20:08:15,057 | INFO | [滚动重要性] 进度: Ridge-H10 窗口 31/37 | window_end=2025-04-24
2025-12-19 20:08:15,109 | INFO | [滚动重要性] 进度: Ridge-H10 窗口 32/37 | window_end=2025-05-23
2025-12-19 20:08:15,166 | INFO | [滚动重要性] 进度: Ridge-H10 窗口 33/37 | window_end=2025-06-23
2025-12-19 20:08:15,215 | INFO | [滚动重要性] 进度: Ridge-H10 窗口 34/37 | window_end=2025-07-22
2025-12-19 20:08:15,278 | INFO | [滚动重要性] 进度: Ridge-H10 窗口 35/37 | window_end=2025-08-20
2025-12-19 20:08:15,331 | INFO | [滚动重要性] 进度: Ridge-H10 窗口 36/37 | window_end=2025-09-18
2025-12-19 20:08:15,380 | INFO | [滚动重要性] 进度: Ridge-H10 窗口 37/37 | window_end=2025-10-17
2025-12-19 20:08:15,427 | INFO | [滚动重要性] 完成: model=Ridge | H=10 | 用时 2.0s
2025-12-19 20:08:17,101 | INFO | [滚动重要性] 开始: model=Ridge | H=20 | windows=37 | window=252 | step=21 | sample_n=500 | repeats=3
2025-12-19 20:08:17,102 | INFO | [滚动重要性] 进度: Ridge-H20 窗口 1/37 | window_end=2022-11-15
2025-12-19 20:08:17,152 | INFO | [滚动重要性] 进度: Ridge-H20 窗口 2/37 | window_end=2022-12-14
2025-12-19 20:08:17,214 | INFO | [滚动重要性] 进度: Ridge-H20 窗口 3/37 | window_end=2023-01-16
2025-12-19 20:08:17,265 | INFO | [滚动重要性] 进度: Ridge-H20 窗口 4/37 | window_end=2023-02-14
2025-12-19 20:08:17,320 | INFO | [滚动重要性] 进度: Ridge-H20 窗口 5/37 | window_end=2023-03-15
2025-12-19 20:08:17,370 | INFO | [滚动重要性] 进度: Ridge-H20 窗口 6/37 | window_end=2023-04-13
2025-12-19 20:08:17,423 | INFO | [滚动重要性] 进度: Ridge-H20 窗口 7/37 | window_end=2023-05-12
2025-12-19 20:08:17,474 | INFO | [滚动重要性] 进度: Ridge-H20 窗口 8/37 | window_end=2023-06-12
2025-12-19 20:08:17,523 | INFO | [滚动重要性] 进度: Ridge-H20 窗口 9/37 | window_end=2023-07-11
2025-12-19 20:08:17,600 | INFO | [滚动重要性] 进度: Ridge-H20 窗口 10/37 | window_end=2023-08-09
2025-12-19 20:08:17,650 | INFO | [滚动重要性] 进度: Ridge-H20 窗口 11/37 | window_end=2023-09-07
2025-12-19 20:08:17,706 | INFO | [滚动重要性] 进度: Ridge-H20 窗口 12/37 | window_end=2023-10-06
2025-12-19 20:08:17,763 | INFO | [滚动重要性] 进度: Ridge-H20 窗口 13/37 | window_end=2023-11-06
2025-12-19 20:08:17,810 | INFO | [滚动重要性] 进度: Ridge-H20 窗口 14/37 | window_end=2023-12-05
2025-12-19 20:08:17,859 | INFO | [滚动重要性] 进度: Ridge-H20 窗口 15/37 | window_end=2024-01-05
2025-12-19 20:08:17,911 | INFO | [滚动重要性] 进度: Ridge-H20 窗口 16/37 | window_end=2024-02-05
2025-12-19 20:08:17,960 | INFO | [滚动重要性] 进度: Ridge-H20 窗口 17/37 | window_end=2024-03-05
2025-12-19 20:08:18,009 | INFO | [滚动重要性] 进度: Ridge-H20 窗口 18/37 | window_end=2024-04-03
2025-12-19 20:08:18,061 | INFO | [滚动重要性] 进度: Ridge-H20 窗口 19/37 | window_end=2024-05-02
2025-12-19 20:08:18,125 | INFO | [滚动重要性] 进度: Ridge-H20 窗口 20/37 | window_end=2024-05-31
2025-12-19 20:08:18,186 | INFO | [滚动重要性] 进度: Ridge-H20 窗口 21/37 | window_end=2024-07-01
2025-12-19 20:08:18,234 | INFO | [滚动重要性] 进度: Ridge-H20 窗口 22/37 | window_end=2024-07-30
2025-12-19 20:08:18,290 | INFO | [滚动重要性] 进度: Ridge-H20 窗口 23/37 | window_end=2024-08-28
2025-12-19 20:08:18,340 | INFO | [滚动重要性] 进度: Ridge-H20 窗口 24/37 | window_end=2024-09-26
2025-12-19 20:08:18,400 | INFO | [滚动重要性] 进度: Ridge-H20 窗口 25/37 | window_end=2024-10-25
2025-12-19 20:08:18,454 | INFO | [滚动重要性] 进度: Ridge-H20 窗口 26/37 | window_end=2024-11-25
2025-12-19 20:08:18,516 | INFO | [滚动重要性] 进度: Ridge-H20 窗口 27/37 | window_end=2024-12-24
2025-12-19 20:08:18,573 | INFO | [滚动重要性] 进度: Ridge-H20 窗口 28/37 | window_end=2025-01-24
2025-12-19 20:08:18,647 | INFO | [滚动重要性] 进度: Ridge-H20 窗口 29/37 | window_end=2025-02-24
2025-12-19 20:08:18,706 | INFO | [滚动重要性] 进度: Ridge-H20 窗口 30/37 | window_end=2025-03-25
2025-12-19 20:08:18,764 | INFO | [滚动重要性] 进度: Ridge-H20 窗口 31/37 | window_end=2025-04-24
2025-12-19 20:08:18,826 | INFO | [滚动重要性] 进度: Ridge-H20 窗口 32/37 | window_end=2025-05-23
2025-12-19 20:08:18,877 | INFO | [滚动重要性] 进度: Ridge-H20 窗口 33/37 | window_end=2025-06-23
2025-12-19 20:08:18,933 | INFO | [滚动重要性] 进度: Ridge-H20 窗口 34/37 | window_end=2025-07-22
2025-12-19 20:08:18,991 | INFO | [滚动重要性] 进度: Ridge-H20 窗口 35/37 | window_end=2025-08-20
2025-12-19 20:08:19,042 | INFO | [滚动重要性] 进度: Ridge-H20 窗口 36/37 | window_end=2025-09-18
2025-12-19 20:08:19,092 | INFO | [滚动重要性] 进度: Ridge-H20 窗口 37/37 | window_end=2025-10-17
2025-12-19 20:08:19,142 | INFO | [滚动重要性] 完成: model=Ridge | H=20 | 用时 2.0s
2025-12-19 20:08:20,823 | INFO | [滚动重要性] 开始: model=XGBoost | H=1 | windows=37 | window=252 | step=21 | sample_n=500 | repeats=3
2025-12-19 20:08:20,824 | INFO | [滚动重要性] 进度: XGBoost-H1 窗口 1/37 | window_end=2022-11-15
2025-12-19 20:08:24,018 | INFO | [滚动重要性] 进度: XGBoost-H1 窗口 2/37 | window_end=2022-12-14
2025-12-19 20:08:24,434 | INFO | [滚动重要性] 进度: XGBoost-H1 窗口 3/37 | window_end=2023-01-16
2025-12-19 20:08:24,913 | INFO | [滚动重要性] 进度: XGBoost-H1 窗口 4/37 | window_end=2023-02-14
2025-12-19 20:08:25,362 | INFO | [滚动重要性] 进度: XGBoost-H1 窗口 5/37 | window_end=2023-03-15
2025-12-19 20:08:25,794 | INFO | [滚动重要性] 进度: XGBoost-H1 窗口 6/37 | window_end=2023-04-13
2025-12-19 20:08:26,215 | INFO | [滚动重要性] 进度: XGBoost-H1 窗口 7/37 | window_end=2023-05-12
2025-12-19 20:08:26,638 | INFO | [滚动重要性] 进度: XGBoost-H1 窗口 8/37 | window_end=2023-06-12
2025-12-19 20:08:27,076 | INFO | [滚动重要性] 进度: XGBoost-H1 窗口 9/37 | window_end=2023-07-11
2025-12-19 20:08:27,495 | INFO | [滚动重要性] 进度: XGBoost-H1 窗口 10/37 | window_end=2023-08-09
2025-12-19 20:08:27,927 | INFO | [滚动重要性] 进度: XGBoost-H1 窗口 11/37 | window_end=2023-09-07
2025-12-19 20:08:28,349 | INFO | [滚动重要性] 进度: XGBoost-H1 窗口 12/37 | window_end=2023-10-06
2025-12-19 20:08:28,811 | INFO | [滚动重要性] 进度: XGBoost-H1 窗口 13/37 | window_end=2023-11-06
2025-12-19 20:08:29,277 | INFO | [滚动重要性] 进度: XGBoost-H1 窗口 14/37 | window_end=2023-12-05
2025-12-19 20:08:29,708 | INFO | [滚动重要性] 进度: XGBoost-H1 窗口 15/37 | window_end=2024-01-05
2025-12-19 20:08:30,185 | INFO | [滚动重要性] 进度: XGBoost-H1 窗口 16/37 | window_end=2024-02-05
2025-12-19 20:08:30,625 | INFO | [滚动重要性] 进度: XGBoost-H1 窗口 17/37 | window_end=2024-03-05
2025-12-19 20:08:31,093 | INFO | [滚动重要性] 进度: XGBoost-H1 窗口 18/37 | window_end=2024-04-03
2025-12-19 20:08:31,532 | INFO | [滚动重要性] 进度: XGBoost-H1 窗口 19/37 | window_end=2024-05-02
2025-12-19 20:08:31,987 | INFO | [滚动重要性] 进度: XGBoost-H1 窗口 20/37 | window_end=2024-05-31
2025-12-19 20:08:32,450 | INFO | [滚动重要性] 进度: XGBoost-H1 窗口 21/37 | window_end=2024-07-01
2025-12-19 20:08:32,957 | INFO | [滚动重要性] 进度: XGBoost-H1 窗口 22/37 | window_end=2024-07-30
2025-12-19 20:08:33,428 | INFO | [滚动重要性] 进度: XGBoost-H1 窗口 23/37 | window_end=2024-08-28
2025-12-19 20:08:33,868 | INFO | [滚动重要性] 进度: XGBoost-H1 窗口 24/37 | window_end=2024-09-26
2025-12-19 20:08:34,304 | INFO | [滚动重要性] 进度: XGBoost-H1 窗口 25/37 | window_end=2024-10-25
2025-12-19 20:08:34,728 | INFO | [滚动重要性] 进度: XGBoost-H1 窗口 26/37 | window_end=2024-11-25
2025-12-19 20:08:35,184 | INFO | [滚动重要性] 进度: XGBoost-H1 窗口 27/37 | window_end=2024-12-24
2025-12-19 20:08:35,626 | INFO | [滚动重要性] 进度: XGBoost-H1 窗口 28/37 | window_end=2025-01-24
2025-12-19 20:08:36,052 | INFO | [滚动重要性] 进度: XGBoost-H1 窗口 29/37 | window_end=2025-02-24
2025-12-19 20:08:36,501 | INFO | [滚动重要性] 进度: XGBoost-H1 窗口 30/37 | window_end=2025-03-25
2025-12-19 20:08:36,991 | INFO | [滚动重要性] 进度: XGBoost-H1 窗口 31/37 | window_end=2025-04-24
2025-12-19 20:08:37,435 | INFO | [滚动重要性] 进度: XGBoost-H1 窗口 32/37 | window_end=2025-05-23
2025-12-19 20:08:37,897 | INFO | [滚动重要性] 进度: XGBoost-H1 窗口 33/37 | window_end=2025-06-23
2025-12-19 20:08:38,346 | INFO | [滚动重要性] 进度: XGBoost-H1 窗口 34/37 | window_end=2025-07-22
2025-12-19 20:08:38,794 | INFO | [滚动重要性] 进度: XGBoost-H1 窗口 35/37 | window_end=2025-08-20
2025-12-19 20:08:39,264 | INFO | [滚动重要性] 进度: XGBoost-H1 窗口 36/37 | window_end=2025-09-18
2025-12-19 20:08:39,703 | INFO | [滚动重要性] 进度: XGBoost-H1 窗口 37/37 | window_end=2025-10-17
2025-12-19 20:08:40,137 | INFO | [滚动重要性] 完成: model=XGBoost | H=1 | 用时 19.3s
2025-12-19 20:08:41,893 | INFO | [滚动重要性] 开始: model=XGBoost | H=5 | windows=37 | window=252 | step=21 | sample_n=500 | repeats=3
2025-12-19 20:08:41,893 | INFO | [滚动重要性] 进度: XGBoost-H5 窗口 1/37 | window_end=2022-11-15
2025-12-19 20:08:42,347 | INFO | [滚动重要性] 进度: XGBoost-H5 窗口 2/37 | window_end=2022-12-14
2025-12-19 20:08:42,776 | INFO | [滚动重要性] 进度: XGBoost-H5 窗口 3/37 | window_end=2023-01-16
2025-12-19 20:08:43,248 | INFO | [滚动重要性] 进度: XGBoost-H5 窗口 4/37 | window_end=2023-02-14
2025-12-19 20:08:43,678 | INFO | [滚动重要性] 进度: XGBoost-H5 窗口 5/37 | window_end=2023-03-15
2025-12-19 20:08:44,102 | INFO | [滚动重要性] 进度: XGBoost-H5 窗口 6/37 | window_end=2023-04-13
2025-12-19 20:08:44,557 | INFO | [滚动重要性] 进度: XGBoost-H5 窗口 7/37 | window_end=2023-05-12
2025-12-19 20:08:44,986 | INFO | [滚动重要性] 进度: XGBoost-H5 窗口 8/37 | window_end=2023-06-12
2025-12-19 20:08:45,467 | INFO | [滚动重要性] 进度: XGBoost-H5 窗口 9/37 | window_end=2023-07-11
2025-12-19 20:08:45,896 | INFO | [滚动重要性] 进度: XGBoost-H5 窗口 10/37 | window_end=2023-08-09
2025-12-19 20:08:46,329 | INFO | [滚动重要性] 进度: XGBoost-H5 窗口 11/37 | window_end=2023-09-07
2025-12-19 20:08:46,754 | INFO | [滚动重要性] 进度: XGBoost-H5 窗口 12/37 | window_end=2023-10-06
2025-12-19 20:08:47,173 | INFO | [滚动重要性] 进度: XGBoost-H5 窗口 13/37 | window_end=2023-11-06
2025-12-19 20:08:47,625 | INFO | [滚动重要性] 进度: XGBoost-H5 窗口 14/37 | window_end=2023-12-05
2025-12-19 20:08:48,078 | INFO | [滚动重要性] 进度: XGBoost-H5 窗口 15/37 | window_end=2024-01-05
2025-12-19 20:08:48,523 | INFO | [滚动重要性] 进度: XGBoost-H5 窗口 16/37 | window_end=2024-02-05
2025-12-19 20:08:48,989 | INFO | [滚动重要性] 进度: XGBoost-H5 窗口 17/37 | window_end=2024-03-05
2025-12-19 20:08:49,423 | INFO | [滚动重要性] 进度: XGBoost-H5 窗口 18/37 | window_end=2024-04-03
2025-12-19 20:08:49,866 | INFO | [滚动重要性] 进度: XGBoost-H5 窗口 19/37 | window_end=2024-05-02
2025-12-19 20:08:50,329 | INFO | [滚动重要性] 进度: XGBoost-H5 窗口 20/37 | window_end=2024-05-31
2025-12-19 20:08:50,771 | INFO | [滚动重要性] 进度: XGBoost-H5 窗口 21/37 | window_end=2024-07-01
2025-12-19 20:08:51,205 | INFO | [滚动重要性] 进度: XGBoost-H5 窗口 22/37 | window_end=2024-07-30
2025-12-19 20:08:51,684 | INFO | [滚动重要性] 进度: XGBoost-H5 窗口 23/37 | window_end=2024-08-28
2025-12-19 20:08:52,115 | INFO | [滚动重要性] 进度: XGBoost-H5 窗口 24/37 | window_end=2024-09-26
2025-12-19 20:08:52,545 | INFO | [滚动重要性] 进度: XGBoost-H5 窗口 25/37 | window_end=2024-10-25
2025-12-19 20:08:53,000 | INFO | [滚动重要性] 进度: XGBoost-H5 窗口 26/37 | window_end=2024-11-25
2025-12-19 20:08:53,449 | INFO | [滚动重要性] 进度: XGBoost-H5 窗口 27/37 | window_end=2024-12-24
2025-12-19 20:08:53,895 | INFO | [滚动重要性] 进度: XGBoost-H5 窗口 28/37 | window_end=2025-01-24
2025-12-19 20:08:54,335 | INFO | [滚动重要性] 进度: XGBoost-H5 窗口 29/37 | window_end=2025-02-24
2025-12-19 20:08:54,773 | INFO | [滚动重要性] 进度: XGBoost-H5 窗口 30/37 | window_end=2025-03-25
2025-12-19 20:08:55,217 | INFO | [滚动重要性] 进度: XGBoost-H5 窗口 31/37 | window_end=2025-04-24
2025-12-19 20:08:55,696 | INFO | [滚动重要性] 进度: XGBoost-H5 窗口 32/37 | window_end=2025-05-23
2025-12-19 20:08:56,148 | INFO | [滚动重要性] 进度: XGBoost-H5 窗口 33/37 | window_end=2025-06-23
2025-12-19 20:08:56,605 | INFO | [滚动重要性] 进度: XGBoost-H5 窗口 34/37 | window_end=2025-07-22
2025-12-19 20:08:57,033 | INFO | [滚动重要性] 进度: XGBoost-H5 窗口 35/37 | window_end=2025-08-20
2025-12-19 20:08:57,472 | INFO | [滚动重要性] 进度: XGBoost-H5 窗口 36/37 | window_end=2025-09-18
2025-12-19 20:08:57,931 | INFO | [滚动重要性] 进度: XGBoost-H5 窗口 37/37 | window_end=2025-10-17
2025-12-19 20:08:58,371 | INFO | [滚动重要性] 完成: model=XGBoost | H=5 | 用时 16.5s
2025-12-19 20:08:59,945 | INFO | [滚动重要性] 开始: model=XGBoost | H=10 | windows=37 | window=252 | step=21 | sample_n=500 | repeats=3
2025-12-19 20:08:59,946 | INFO | [滚动重要性] 进度: XGBoost-H10 窗口 1/37 | window_end=2022-11-15
2025-12-19 20:09:00,373 | INFO | [滚动重要性] 进度: XGBoost-H10 窗口 2/37 | window_end=2022-12-14
2025-12-19 20:09:00,821 | INFO | [滚动重要性] 进度: XGBoost-H10 窗口 3/37 | window_end=2023-01-16
2025-12-19 20:09:01,266 | INFO | [滚动重要性] 进度: XGBoost-H10 窗口 4/37 | window_end=2023-02-14
2025-12-19 20:09:01,718 | INFO | [滚动重要性] 进度: XGBoost-H10 窗口 5/37 | window_end=2023-03-15
2025-12-19 20:09:02,166 | INFO | [滚动重要性] 进度: XGBoost-H10 窗口 6/37 | window_end=2023-04-13
2025-12-19 20:09:02,604 | INFO | [滚动重要性] 进度: XGBoost-H10 窗口 7/37 | window_end=2023-05-12
2025-12-19 20:09:03,061 | INFO | [滚动重要性] 进度: XGBoost-H10 窗口 8/37 | window_end=2023-06-12
2025-12-19 20:09:03,510 | INFO | [滚动重要性] 进度: XGBoost-H10 窗口 9/37 | window_end=2023-07-11
2025-12-19 20:09:03,947 | INFO | [滚动重要性] 进度: XGBoost-H10 窗口 10/37 | window_end=2023-08-09
2025-12-19 20:09:04,415 | INFO | [滚动重要性] 进度: XGBoost-H10 窗口 11/37 | window_end=2023-09-07
2025-12-19 20:09:04,857 | INFO | [滚动重要性] 进度: XGBoost-H10 窗口 12/37 | window_end=2023-10-06
2025-12-19 20:09:05,291 | INFO | [滚动重要性] 进度: XGBoost-H10 窗口 13/37 | window_end=2023-11-06
2025-12-19 20:09:05,753 | INFO | [滚动重要性] 进度: XGBoost-H10 窗口 14/37 | window_end=2023-12-05
2025-12-19 20:09:06,187 | INFO | [滚动重要性] 进度: XGBoost-H10 窗口 15/37 | window_end=2024-01-05
2025-12-19 20:09:06,653 | INFO | [滚动重要性] 进度: XGBoost-H10 窗口 16/37 | window_end=2024-02-05
2025-12-19 20:09:07,094 | INFO | [滚动重要性] 进度: XGBoost-H10 窗口 17/37 | window_end=2024-03-05
2025-12-19 20:09:07,559 | INFO | [滚动重要性] 进度: XGBoost-H10 窗口 18/37 | window_end=2024-04-03
2025-12-19 20:09:08,023 | INFO | [滚动重要性] 进度: XGBoost-H10 窗口 19/37 | window_end=2024-05-02
2025-12-19 20:09:08,458 | INFO | [滚动重要性] 进度: XGBoost-H10 窗口 20/37 | window_end=2024-05-31
2025-12-19 20:09:08,892 | INFO | [滚动重要性] 进度: XGBoost-H10 窗口 21/37 | window_end=2024-07-01
2025-12-19 20:09:09,338 | INFO | [滚动重要性] 进度: XGBoost-H10 窗口 22/37 | window_end=2024-07-30
2025-12-19 20:09:09,827 | INFO | [滚动重要性] 进度: XGBoost-H10 窗口 23/37 | window_end=2024-08-28
2025-12-19 20:09:10,253 | INFO | [滚动重要性] 进度: XGBoost-H10 窗口 24/37 | window_end=2024-09-26
2025-12-19 20:09:10,680 | INFO | [滚动重要性] 进度: XGBoost-H10 窗口 25/37 | window_end=2024-10-25
2025-12-19 20:09:11,123 | INFO | [滚动重要性] 进度: XGBoost-H10 窗口 26/37 | window_end=2024-11-25
2025-12-19 20:09:11,579 | INFO | [滚动重要性] 进度: XGBoost-H10 窗口 27/37 | window_end=2024-12-24
2025-12-19 20:09:12,096 | INFO | [滚动重要性] 进度: XGBoost-H10 窗口 28/37 | window_end=2025-01-24
2025-12-19 20:09:12,548 | INFO | [滚动重要性] 进度: XGBoost-H10 窗口 29/37 | window_end=2025-02-24
2025-12-19 20:09:12,993 | INFO | [滚动重要性] 进度: XGBoost-H10 窗口 30/37 | window_end=2025-03-25
2025-12-19 20:09:13,417 | INFO | [滚动重要性] 进度: XGBoost-H10 窗口 31/37 | window_end=2025-04-24
2025-12-19 20:09:13,880 | INFO | [滚动重要性] 进度: XGBoost-H10 窗口 32/37 | window_end=2025-05-23
2025-12-19 20:09:14,339 | INFO | [滚动重要性] 进度: XGBoost-H10 窗口 33/37 | window_end=2025-06-23
2025-12-19 20:09:14,791 | INFO | [滚动重要性] 进度: XGBoost-H10 窗口 34/37 | window_end=2025-07-22
2025-12-19 20:09:15,241 | INFO | [滚动重要性] 进度: XGBoost-H10 窗口 35/37 | window_end=2025-08-20
2025-12-19 20:09:15,693 | INFO | [滚动重要性] 进度: XGBoost-H10 窗口 36/37 | window_end=2025-09-18
2025-12-19 20:09:16,156 | INFO | [滚动重要性] 进度: XGBoost-H10 窗口 37/37 | window_end=2025-10-17
2025-12-19 20:09:16,597 | INFO | [滚动重要性] 完成: model=XGBoost | H=10 | 用时 16.7s
2025-12-19 20:09:18,325 | INFO | [滚动重要性] 开始: model=XGBoost | H=20 | windows=37 | window=252 | step=21 | sample_n=500 | repeats=3
2025-12-19 20:09:18,326 | INFO | [滚动重要性] 进度: XGBoost-H20 窗口 1/37 | window_end=2022-11-15
2025-12-19 20:09:18,758 | INFO | [滚动重要性] 进度: XGBoost-H20 窗口 2/37 | window_end=2022-12-14
2025-12-19 20:09:19,188 | INFO | [滚动重要性] 进度: XGBoost-H20 窗口 3/37 | window_end=2023-01-16
2025-12-19 20:09:19,614 | INFO | [滚动重要性] 进度: XGBoost-H20 窗口 4/37 | window_end=2023-02-14
2025-12-19 20:09:20,071 | INFO | [滚动重要性] 进度: XGBoost-H20 窗口 5/37 | window_end=2023-03-15
2025-12-19 20:09:20,509 | INFO | [滚动重要性] 进度: XGBoost-H20 窗口 6/37 | window_end=2023-04-13
2025-12-19 20:09:20,964 | INFO | [滚动重要性] 进度: XGBoost-H20 窗口 7/37 | window_end=2023-05-12
2025-12-19 20:09:21,396 | INFO | [滚动重要性] 进度: XGBoost-H20 窗口 8/37 | window_end=2023-06-12
2025-12-19 20:09:21,834 | INFO | [滚动重要性] 进度: XGBoost-H20 窗口 9/37 | window_end=2023-07-11
2025-12-19 20:09:22,282 | INFO | [滚动重要性] 进度: XGBoost-H20 窗口 10/37 | window_end=2023-08-09
2025-12-19 20:09:22,717 | INFO | [滚动重要性] 进度: XGBoost-H20 窗口 11/37 | window_end=2023-09-07
2025-12-19 20:09:23,171 | INFO | [滚动重要性] 进度: XGBoost-H20 窗口 12/37 | window_end=2023-10-06
2025-12-19 20:09:23,634 | INFO | [滚动重要性] 进度: XGBoost-H20 窗口 13/37 | window_end=2023-11-06
2025-12-19 20:09:24,059 | INFO | [滚动重要性] 进度: XGBoost-H20 窗口 14/37 | window_end=2023-12-05
2025-12-19 20:09:24,527 | INFO | [滚动重要性] 进度: XGBoost-H20 窗口 15/37 | window_end=2024-01-05
2025-12-19 20:09:24,971 | INFO | [滚动重要性] 进度: XGBoost-H20 窗口 16/37 | window_end=2024-02-05
2025-12-19 20:09:25,407 | INFO | [滚动重要性] 进度: XGBoost-H20 窗口 17/37 | window_end=2024-03-05
2025-12-19 20:09:25,850 | INFO | [滚动重要性] 进度: XGBoost-H20 窗口 18/37 | window_end=2024-04-03
2025-12-19 20:09:26,304 | INFO | [滚动重要性] 进度: XGBoost-H20 窗口 19/37 | window_end=2024-05-02
2025-12-19 20:09:26,731 | INFO | [滚动重要性] 进度: XGBoost-H20 窗口 20/37 | window_end=2024-05-31
2025-12-19 20:09:27,179 | INFO | [滚动重要性] 进度: XGBoost-H20 窗口 21/37 | window_end=2024-07-01
2025-12-19 20:09:27,614 | INFO | [滚动重要性] 进度: XGBoost-H20 窗口 22/37 | window_end=2024-07-30
2025-12-19 20:09:28,053 | INFO | [滚动重要性] 进度: XGBoost-H20 窗口 23/37 | window_end=2024-08-28
2025-12-19 20:09:28,506 | INFO | [滚动重要性] 进度: XGBoost-H20 窗口 24/37 | window_end=2024-09-26
2025-12-19 20:09:28,948 | INFO | [滚动重要性] 进度: XGBoost-H20 窗口 25/37 | window_end=2024-10-25
2025-12-19 20:09:29,374 | INFO | [滚动重要性] 进度: XGBoost-H20 窗口 26/37 | window_end=2024-11-25
2025-12-19 20:09:29,814 | INFO | [滚动重要性] 进度: XGBoost-H20 窗口 27/37 | window_end=2024-12-24
2025-12-19 20:09:30,255 | INFO | [滚动重要性] 进度: XGBoost-H20 窗口 28/37 | window_end=2025-01-24
2025-12-19 20:09:30,703 | INFO | [滚动重要性] 进度: XGBoost-H20 窗口 29/37 | window_end=2025-02-24
2025-12-19 20:09:31,162 | INFO | [滚动重要性] 进度: XGBoost-H20 窗口 30/37 | window_end=2025-03-25
2025-12-19 20:09:31,615 | INFO | [滚动重要性] 进度: XGBoost-H20 窗口 31/37 | window_end=2025-04-24
2025-12-19 20:09:32,073 | INFO | [滚动重要性] 进度: XGBoost-H20 窗口 32/37 | window_end=2025-05-23
2025-12-19 20:09:32,542 | INFO | [滚动重要性] 进度: XGBoost-H20 窗口 33/37 | window_end=2025-06-23
2025-12-19 20:09:32,995 | INFO | [滚动重要性] 进度: XGBoost-H20 窗口 34/37 | window_end=2025-07-22
2025-12-19 20:09:33,430 | INFO | [滚动重要性] 进度: XGBoost-H20 窗口 35/37 | window_end=2025-08-20
2025-12-19 20:09:33,895 | INFO | [滚动重要性] 进度: XGBoost-H20 窗口 36/37 | window_end=2025-09-18
2025-12-19 20:09:34,335 | INFO | [滚动重要性] 进度: XGBoost-H20 窗口 37/37 | window_end=2025-10-17
2025-12-19 20:09:34,810 | INFO | [滚动重要性] 完成: model=XGBoost | H=20 | 用时 16.5s
2025-12-19 20:10:23,131 | INFO | Step3 完成 | 输出目录: C:\Users\13377\Desktop\Financial-Big-Data-V2.0\output\step3
2025-12-19 20:10:23,132 | INFO | Manifest: C:\Users\13377\Desktop\Financial-Big-Data-V2.0\output\step3\meta\run_manifest.json
