2025-12-18 17:24:32,434 | INFO | Matplotlib 字体候选=['SimHei', 'Microsoft YaHei', 'Arial Unicode MS', 'Noto Sans CJK SC', 'DejaVu Sans'] | 实际启用=['SimHei', 'Microsoft YaHei', 'DejaVu Sans']
2025-12-18 17:24:32,435 | INFO | 读取 Step2 config_snapshot: C:\Users\13377\Desktop\Financial-Big-Data-V2.0\output\step2\meta\config_snapshot.json
2025-12-18 17:24:32,437 | INFO | Step3 扫描到 predictions 文件=40 | 选中=24
2025-12-18 17:24:32,437 | INFO | 示例 combo: {'model': 'ElasticNet', 'H': 1, 'path': 'C:\\Users\\13377\\Desktop\\Financial-Big-Data-V2.0\\output\\step2\\datasets\\predictions_ElasticNet_H1.csv'}
2025-12-18 17:24:33,543 | INFO | ElasticNet-H1 | y_true 对齐检查 | n_check=200 | max_abs_diff=9.899e-17 | threshold=1.000e-10
2025-12-18 17:24:34,561 | INFO | ElasticNet-H10 | y_true 对齐检查 | n_check=200 | max_abs_diff=9.714e-17 | threshold=1.000e-10
2025-12-18 17:24:35,314 | INFO | ElasticNet-H20 | y_true 对齐检查 | n_check=200 | max_abs_diff=9.541e-17 | threshold=1.000e-10
2025-12-18 17:24:36,178 | INFO | ElasticNet-H5 | y_true 对齐检查 | n_check=200 | max_abs_diff=9.888e-17 | threshold=1.000e-10
2025-12-18 17:24:37,371 | INFO | Lasso-H1 | y_true 对齐检查 | n_check=200 | max_abs_diff=9.899e-17 | threshold=1.000e-10
2025-12-18 17:24:38,491 | INFO | Lasso-H10 | y_true 对齐检查 | n_check=200 | max_abs_diff=9.714e-17 | threshold=1.000e-10
2025-12-18 17:24:39,547 | INFO | Lasso-H20 | y_true 对齐检查 | n_check=200 | max_abs_diff=9.541e-17 | threshold=1.000e-10
2025-12-18 17:24:40,778 | INFO | Lasso-H5 | y_true 对齐检查 | n_check=200 | max_abs_diff=9.888e-17 | threshold=1.000e-10
2025-12-18 17:24:41,920 | INFO | LightGBM-H1 | y_true 对齐检查 | n_check=200 | max_abs_diff=9.899e-17 | threshold=1.000e-10
2025-12-18 17:24:43,066 | INFO | LightGBM-H10 | y_true 对齐检查 | n_check=200 | max_abs_diff=9.714e-17 | threshold=1.000e-10
2025-12-18 17:24:44,257 | INFO | LightGBM-H20 | y_true 对齐检查 | n_check=200 | max_abs_diff=9.541e-17 | threshold=1.000e-10
2025-12-18 17:24:45,552 | INFO | LightGBM-H5 | y_true 对齐检查 | n_check=200 | max_abs_diff=9.888e-17 | threshold=1.000e-10
2025-12-18 17:24:46,831 | INFO | RandomForest-H1 | y_true 对齐检查 | n_check=200 | max_abs_diff=9.899e-17 | threshold=1.000e-10
2025-12-18 17:24:47,885 | INFO | RandomForest-H10 | y_true 对齐检查 | n_check=200 | max_abs_diff=9.714e-17 | threshold=1.000e-10
2025-12-18 17:24:48,946 | INFO | RandomForest-H20 | y_true 对齐检查 | n_check=200 | max_abs_diff=9.541e-17 | threshold=1.000e-10
2025-12-18 17:24:49,884 | INFO | RandomForest-H5 | y_true 对齐检查 | n_check=200 | max_abs_diff=9.888e-17 | threshold=1.000e-10
2025-12-18 17:24:50,835 | INFO | Ridge-H1 | y_true 对齐检查 | n_check=200 | max_abs_diff=9.899e-17 | threshold=1.000e-10
2025-12-18 17:24:51,802 | INFO | Ridge-H10 | y_true 对齐检查 | n_check=200 | max_abs_diff=9.714e-17 | threshold=1.000e-10
2025-12-18 17:24:52,678 | INFO | Ridge-H20 | y_true 对齐检查 | n_check=200 | max_abs_diff=9.541e-17 | threshold=1.000e-10
2025-12-18 17:24:53,418 | INFO | Ridge-H5 | y_true 对齐检查 | n_check=200 | max_abs_diff=9.888e-17 | threshold=1.000e-10
2025-12-18 17:24:54,487 | INFO | XGBoost-H1 | y_true 对齐检查 | n_check=200 | max_abs_diff=9.899e-17 | threshold=1.000e-10
2025-12-18 17:24:55,439 | INFO | XGBoost-H10 | y_true 对齐检查 | n_check=200 | max_abs_diff=9.714e-17 | threshold=1.000e-10
2025-12-18 17:24:56,446 | INFO | XGBoost-H20 | y_true 对齐检查 | n_check=200 | max_abs_diff=9.541e-17 | threshold=1.000e-10
2025-12-18 17:24:57,234 | INFO | XGBoost-H5 | y_true 对齐检查 | n_check=200 | max_abs_diff=9.888e-17 | threshold=1.000e-10
2025-12-18 17:25:17,555 | INFO | VIX 阴影资金曲线已生成: 24 张
2025-12-18 17:25:18,662 | INFO | [滚动重要性] 开始: model=ElasticNet | H=1 | windows=37 | window=252 | step=21 | sample_n=500 | repeats=3
2025-12-18 17:25:18,663 | INFO | [滚动重要性] 进度: ElasticNet-H1 窗口 1/37 | window_end=2022-11-15
2025-12-18 17:25:18,694 | INFO | [滚动重要性] 进度: ElasticNet-H1 窗口 2/37 | window_end=2022-12-14
2025-12-18 17:25:18,724 | INFO | [滚动重要性] 进度: ElasticNet-H1 窗口 3/37 | window_end=2023-01-16
2025-12-18 17:25:18,752 | INFO | [滚动重要性] 进度: ElasticNet-H1 窗口 4/37 | window_end=2023-02-14
2025-12-18 17:25:18,779 | INFO | [滚动重要性] 进度: ElasticNet-H1 窗口 5/37 | window_end=2023-03-15
2025-12-18 17:25:18,807 | INFO | [滚动重要性] 进度: ElasticNet-H1 窗口 6/37 | window_end=2023-04-13
2025-12-18 17:25:18,836 | INFO | [滚动重要性] 进度: ElasticNet-H1 窗口 7/37 | window_end=2023-05-12
2025-12-18 17:25:18,864 | INFO | [滚动重要性] 进度: ElasticNet-H1 窗口 8/37 | window_end=2023-06-12
2025-12-18 17:25:18,891 | INFO | [滚动重要性] 进度: ElasticNet-H1 窗口 9/37 | window_end=2023-07-11
2025-12-18 17:25:18,920 | INFO | [滚动重要性] 进度: ElasticNet-H1 窗口 10/37 | window_end=2023-08-09
2025-12-18 17:25:18,948 | INFO | [滚动重要性] 进度: ElasticNet-H1 窗口 11/37 | window_end=2023-09-07
2025-12-18 17:25:18,974 | INFO | [滚动重要性] 进度: ElasticNet-H1 窗口 12/37 | window_end=2023-10-06
2025-12-18 17:25:19,001 | INFO | [滚动重要性] 进度: ElasticNet-H1 窗口 13/37 | window_end=2023-11-06
2025-12-18 17:25:19,029 | INFO | [滚动重要性] 进度: ElasticNet-H1 窗口 14/37 | window_end=2023-12-05
2025-12-18 17:25:19,059 | INFO | [滚动重要性] 进度: ElasticNet-H1 窗口 15/37 | window_end=2024-01-05
2025-12-18 17:25:19,088 | INFO | [滚动重要性] 进度: ElasticNet-H1 窗口 16/37 | window_end=2024-02-05
2025-12-18 17:25:19,116 | INFO | [滚动重要性] 进度: ElasticNet-H1 窗口 17/37 | window_end=2024-03-05
2025-12-18 17:25:19,144 | INFO | [滚动重要性] 进度: ElasticNet-H1 窗口 18/37 | window_end=2024-04-03
2025-12-18 17:25:19,175 | INFO | [滚动重要性] 进度: ElasticNet-H1 窗口 19/37 | window_end=2024-05-02
2025-12-18 17:25:19,204 | INFO | [滚动重要性] 进度: ElasticNet-H1 窗口 20/37 | window_end=2024-05-31
2025-12-18 17:25:19,232 | INFO | [滚动重要性] 进度: ElasticNet-H1 窗口 21/37 | window_end=2024-07-01
2025-12-18 17:25:19,262 | INFO | [滚动重要性] 进度: ElasticNet-H1 窗口 22/37 | window_end=2024-07-30
2025-12-18 17:25:19,291 | INFO | [滚动重要性] 进度: ElasticNet-H1 窗口 23/37 | window_end=2024-08-28
2025-12-18 17:25:19,318 | INFO | [滚动重要性] 进度: ElasticNet-H1 窗口 24/37 | window_end=2024-09-26
2025-12-18 17:25:19,350 | INFO | [滚动重要性] 进度: ElasticNet-H1 窗口 25/37 | window_end=2024-10-25
2025-12-18 17:25:19,382 | INFO | [滚动重要性] 进度: ElasticNet-H1 窗口 26/37 | window_end=2024-11-25
2025-12-18 17:25:19,414 | INFO | [滚动重要性] 进度: ElasticNet-H1 窗口 27/37 | window_end=2024-12-24
2025-12-18 17:25:19,444 | INFO | [滚动重要性] 进度: ElasticNet-H1 窗口 28/37 | window_end=2025-01-24
2025-12-18 17:25:19,474 | INFO | [滚动重要性] 进度: ElasticNet-H1 窗口 29/37 | window_end=2025-02-24
2025-12-18 17:25:19,505 | INFO | [滚动重要性] 进度: ElasticNet-H1 窗口 30/37 | window_end=2025-03-25
2025-12-18 17:25:19,541 | INFO | [滚动重要性] 进度: ElasticNet-H1 窗口 31/37 | window_end=2025-04-24
2025-12-18 17:25:19,576 | INFO | [滚动重要性] 进度: ElasticNet-H1 窗口 32/37 | window_end=2025-05-23
2025-12-18 17:25:19,608 | INFO | [滚动重要性] 进度: ElasticNet-H1 窗口 33/37 | window_end=2025-06-23
2025-12-18 17:25:19,638 | INFO | [滚动重要性] 进度: ElasticNet-H1 窗口 34/37 | window_end=2025-07-22
2025-12-18 17:25:19,670 | INFO | [滚动重要性] 进度: ElasticNet-H1 窗口 35/37 | window_end=2025-08-20
2025-12-18 17:25:19,700 | INFO | [滚动重要性] 进度: ElasticNet-H1 窗口 36/37 | window_end=2025-09-18
2025-12-18 17:25:19,730 | INFO | [滚动重要性] 进度: ElasticNet-H1 窗口 37/37 | window_end=2025-10-17
2025-12-18 17:25:19,759 | INFO | [滚动重要性] 完成: model=ElasticNet | H=1 | 用时 1.1s
2025-12-18 17:25:20,536 | INFO | [滚动重要性] 开始: model=ElasticNet | H=5 | windows=37 | window=252 | step=21 | sample_n=500 | repeats=3
2025-12-18 17:25:20,536 | INFO | [滚动重要性] 进度: ElasticNet-H5 窗口 1/37 | window_end=2022-11-15
2025-12-18 17:25:20,563 | INFO | [滚动重要性] 进度: ElasticNet-H5 窗口 2/37 | window_end=2022-12-14
2025-12-18 17:25:20,586 | INFO | [滚动重要性] 进度: ElasticNet-H5 窗口 3/37 | window_end=2023-01-16
2025-12-18 17:25:20,610 | INFO | [滚动重要性] 进度: ElasticNet-H5 窗口 4/37 | window_end=2023-02-14
2025-12-18 17:25:20,634 | INFO | [滚动重要性] 进度: ElasticNet-H5 窗口 5/37 | window_end=2023-03-15
2025-12-18 17:25:20,660 | INFO | [滚动重要性] 进度: ElasticNet-H5 窗口 6/37 | window_end=2023-04-13
2025-12-18 17:25:20,685 | INFO | [滚动重要性] 进度: ElasticNet-H5 窗口 7/37 | window_end=2023-05-12
2025-12-18 17:25:20,715 | INFO | [滚动重要性] 进度: ElasticNet-H5 窗口 8/37 | window_end=2023-06-12
2025-12-18 17:25:20,741 | INFO | [滚动重要性] 进度: ElasticNet-H5 窗口 9/37 | window_end=2023-07-11
2025-12-18 17:25:20,763 | INFO | [滚动重要性] 进度: ElasticNet-H5 窗口 10/37 | window_end=2023-08-09
2025-12-18 17:25:20,783 | INFO | [滚动重要性] 进度: ElasticNet-H5 窗口 11/37 | window_end=2023-09-07
2025-12-18 17:25:20,805 | INFO | [滚动重要性] 进度: ElasticNet-H5 窗口 12/37 | window_end=2023-10-06
2025-12-18 17:25:20,826 | INFO | [滚动重要性] 进度: ElasticNet-H5 窗口 13/37 | window_end=2023-11-06
2025-12-18 17:25:20,848 | INFO | [滚动重要性] 进度: ElasticNet-H5 窗口 14/37 | window_end=2023-12-05
2025-12-18 17:25:20,874 | INFO | [滚动重要性] 进度: ElasticNet-H5 窗口 15/37 | window_end=2024-01-05
2025-12-18 17:25:20,895 | INFO | [滚动重要性] 进度: ElasticNet-H5 窗口 16/37 | window_end=2024-02-05
2025-12-18 17:25:20,917 | INFO | [滚动重要性] 进度: ElasticNet-H5 窗口 17/37 | window_end=2024-03-05
2025-12-18 17:25:20,941 | INFO | [滚动重要性] 进度: ElasticNet-H5 窗口 18/37 | window_end=2024-04-03
2025-12-18 17:25:20,965 | INFO | [滚动重要性] 进度: ElasticNet-H5 窗口 19/37 | window_end=2024-05-02
2025-12-18 17:25:20,988 | INFO | [滚动重要性] 进度: ElasticNet-H5 窗口 20/37 | window_end=2024-05-31
2025-12-18 17:25:21,010 | INFO | [滚动重要性] 进度: ElasticNet-H5 窗口 21/37 | window_end=2024-07-01
2025-12-18 17:25:21,032 | INFO | [滚动重要性] 进度: ElasticNet-H5 窗口 22/37 | window_end=2024-07-30
2025-12-18 17:25:21,054 | INFO | [滚动重要性] 进度: ElasticNet-H5 窗口 23/37 | window_end=2024-08-28
2025-12-18 17:25:21,076 | INFO | [滚动重要性] 进度: ElasticNet-H5 窗口 24/37 | window_end=2024-09-26
2025-12-18 17:25:21,099 | INFO | [滚动重要性] 进度: ElasticNet-H5 窗口 25/37 | window_end=2024-10-25
2025-12-18 17:25:21,123 | INFO | [滚动重要性] 进度: ElasticNet-H5 窗口 26/37 | window_end=2024-11-25
2025-12-18 17:25:21,146 | INFO | [滚动重要性] 进度: ElasticNet-H5 窗口 27/37 | window_end=2024-12-24
2025-12-18 17:25:21,170 | INFO | [滚动重要性] 进度: ElasticNet-H5 窗口 28/37 | window_end=2025-01-24
2025-12-18 17:25:21,190 | INFO | [滚动重要性] 进度: ElasticNet-H5 窗口 29/37 | window_end=2025-02-24
2025-12-18 17:25:21,212 | INFO | [滚动重要性] 进度: ElasticNet-H5 窗口 30/37 | window_end=2025-03-25
2025-12-18 17:25:21,236 | INFO | [滚动重要性] 进度: ElasticNet-H5 窗口 31/37 | window_end=2025-04-24
2025-12-18 17:25:21,258 | INFO | [滚动重要性] 进度: ElasticNet-H5 窗口 32/37 | window_end=2025-05-23
2025-12-18 17:25:21,280 | INFO | [滚动重要性] 进度: ElasticNet-H5 窗口 33/37 | window_end=2025-06-23
2025-12-18 17:25:21,302 | INFO | [滚动重要性] 进度: ElasticNet-H5 窗口 34/37 | window_end=2025-07-22
2025-12-18 17:25:21,325 | INFO | [滚动重要性] 进度: ElasticNet-H5 窗口 35/37 | window_end=2025-08-20
2025-12-18 17:25:21,346 | INFO | [滚动重要性] 进度: ElasticNet-H5 窗口 36/37 | window_end=2025-09-18
2025-12-18 17:25:21,369 | INFO | [滚动重要性] 进度: ElasticNet-H5 窗口 37/37 | window_end=2025-10-17
2025-12-18 17:25:21,392 | INFO | [滚动重要性] 完成: model=ElasticNet | H=5 | 用时 0.9s
2025-12-18 17:25:22,277 | INFO | [滚动重要性] 开始: model=ElasticNet | H=10 | windows=37 | window=252 | step=21 | sample_n=500 | repeats=3
2025-12-18 17:25:22,277 | INFO | [滚动重要性] 进度: ElasticNet-H10 窗口 1/37 | window_end=2022-11-15
2025-12-18 17:25:22,299 | INFO | [滚动重要性] 进度: ElasticNet-H10 窗口 2/37 | window_end=2022-12-14
2025-12-18 17:25:22,322 | INFO | [滚动重要性] 进度: ElasticNet-H10 窗口 3/37 | window_end=2023-01-16
2025-12-18 17:25:22,344 | INFO | [滚动重要性] 进度: ElasticNet-H10 窗口 4/37 | window_end=2023-02-14
2025-12-18 17:25:22,367 | INFO | [滚动重要性] 进度: ElasticNet-H10 窗口 5/37 | window_end=2023-03-15
2025-12-18 17:25:22,389 | INFO | [滚动重要性] 进度: ElasticNet-H10 窗口 6/37 | window_end=2023-04-13
2025-12-18 17:25:22,411 | INFO | [滚动重要性] 进度: ElasticNet-H10 窗口 7/37 | window_end=2023-05-12
2025-12-18 17:25:22,433 | INFO | [滚动重要性] 进度: ElasticNet-H10 窗口 8/37 | window_end=2023-06-12
2025-12-18 17:25:22,455 | INFO | [滚动重要性] 进度: ElasticNet-H10 窗口 9/37 | window_end=2023-07-11
2025-12-18 17:25:22,478 | INFO | [滚动重要性] 进度: ElasticNet-H10 窗口 10/37 | window_end=2023-08-09
2025-12-18 17:25:22,499 | INFO | [滚动重要性] 进度: ElasticNet-H10 窗口 11/37 | window_end=2023-09-07
2025-12-18 17:25:22,522 | INFO | [滚动重要性] 进度: ElasticNet-H10 窗口 12/37 | window_end=2023-10-06
2025-12-18 17:25:22,543 | INFO | [滚动重要性] 进度: ElasticNet-H10 窗口 13/37 | window_end=2023-11-06
2025-12-18 17:25:22,566 | INFO | [滚动重要性] 进度: ElasticNet-H10 窗口 14/37 | window_end=2023-12-05
2025-12-18 17:25:22,588 | INFO | [滚动重要性] 进度: ElasticNet-H10 窗口 15/37 | window_end=2024-01-05
2025-12-18 17:25:22,610 | INFO | [滚动重要性] 进度: ElasticNet-H10 窗口 16/37 | window_end=2024-02-05
2025-12-18 17:25:22,631 | INFO | [滚动重要性] 进度: ElasticNet-H10 窗口 17/37 | window_end=2024-03-05
2025-12-18 17:25:22,655 | INFO | [滚动重要性] 进度: ElasticNet-H10 窗口 18/37 | window_end=2024-04-03
2025-12-18 17:25:22,680 | INFO | [滚动重要性] 进度: ElasticNet-H10 窗口 19/37 | window_end=2024-05-02
2025-12-18 17:25:22,710 | INFO | [滚动重要性] 进度: ElasticNet-H10 窗口 20/37 | window_end=2024-05-31
2025-12-18 17:25:22,736 | INFO | [滚动重要性] 进度: ElasticNet-H10 窗口 21/37 | window_end=2024-07-01
2025-12-18 17:25:22,762 | INFO | [滚动重要性] 进度: ElasticNet-H10 窗口 22/37 | window_end=2024-07-30
2025-12-18 17:25:22,792 | INFO | [滚动重要性] 进度: ElasticNet-H10 窗口 23/37 | window_end=2024-08-28
2025-12-18 17:25:22,830 | INFO | [滚动重要性] 进度: ElasticNet-H10 窗口 24/37 | window_end=2024-09-26
2025-12-18 17:25:22,871 | INFO | [滚动重要性] 进度: ElasticNet-H10 窗口 25/37 | window_end=2024-10-25
2025-12-18 17:25:22,909 | INFO | [滚动重要性] 进度: ElasticNet-H10 窗口 26/37 | window_end=2024-11-25
2025-12-18 17:25:22,945 | INFO | [滚动重要性] 进度: ElasticNet-H10 窗口 27/37 | window_end=2024-12-24
2025-12-18 17:25:22,974 | INFO | [滚动重要性] 进度: ElasticNet-H10 窗口 28/37 | window_end=2025-01-24
2025-12-18 17:25:22,998 | INFO | [滚动重要性] 进度: ElasticNet-H10 窗口 29/37 | window_end=2025-02-24
2025-12-18 17:25:23,020 | INFO | [滚动重要性] 进度: ElasticNet-H10 窗口 30/37 | window_end=2025-03-25
2025-12-18 17:25:23,043 | INFO | [滚动重要性] 进度: ElasticNet-H10 窗口 31/37 | window_end=2025-04-24
2025-12-18 17:25:23,064 | INFO | [滚动重要性] 进度: ElasticNet-H10 窗口 32/37 | window_end=2025-05-23
2025-12-18 17:25:23,087 | INFO | [滚动重要性] 进度: ElasticNet-H10 窗口 33/37 | window_end=2025-06-23
2025-12-18 17:25:23,110 | INFO | [滚动重要性] 进度: ElasticNet-H10 窗口 34/37 | window_end=2025-07-22
2025-12-18 17:25:23,132 | INFO | [滚动重要性] 进度: ElasticNet-H10 窗口 35/37 | window_end=2025-08-20
2025-12-18 17:25:23,155 | INFO | [滚动重要性] 进度: ElasticNet-H10 窗口 36/37 | window_end=2025-09-18
2025-12-18 17:25:23,177 | INFO | [滚动重要性] 进度: ElasticNet-H10 窗口 37/37 | window_end=2025-10-17
2025-12-18 17:25:23,202 | INFO | [滚动重要性] 完成: model=ElasticNet | H=10 | 用时 0.9s
2025-12-18 17:25:24,140 | INFO | [滚动重要性] 开始: model=ElasticNet | H=20 | windows=37 | window=252 | step=21 | sample_n=500 | repeats=3
2025-12-18 17:25:24,141 | INFO | [滚动重要性] 进度: ElasticNet-H20 窗口 1/37 | window_end=2022-11-15
2025-12-18 17:25:24,162 | INFO | [滚动重要性] 进度: ElasticNet-H20 窗口 2/37 | window_end=2022-12-14
2025-12-18 17:25:24,183 | INFO | [滚动重要性] 进度: ElasticNet-H20 窗口 3/37 | window_end=2023-01-16
2025-12-18 17:25:24,207 | INFO | [滚动重要性] 进度: ElasticNet-H20 窗口 4/37 | window_end=2023-02-14
2025-12-18 17:25:24,228 | INFO | [滚动重要性] 进度: ElasticNet-H20 窗口 5/37 | window_end=2023-03-15
2025-12-18 17:25:24,249 | INFO | [滚动重要性] 进度: ElasticNet-H20 窗口 6/37 | window_end=2023-04-13
2025-12-18 17:25:24,274 | INFO | [滚动重要性] 进度: ElasticNet-H20 窗口 7/37 | window_end=2023-05-12
2025-12-18 17:25:24,299 | INFO | [滚动重要性] 进度: ElasticNet-H20 窗口 8/37 | window_end=2023-06-12
2025-12-18 17:25:24,322 | INFO | [滚动重要性] 进度: ElasticNet-H20 窗口 9/37 | window_end=2023-07-11
2025-12-18 17:25:24,344 | INFO | [滚动重要性] 进度: ElasticNet-H20 窗口 10/37 | window_end=2023-08-09
2025-12-18 17:25:24,367 | INFO | [滚动重要性] 进度: ElasticNet-H20 窗口 11/37 | window_end=2023-09-07
2025-12-18 17:25:24,388 | INFO | [滚动重要性] 进度: ElasticNet-H20 窗口 12/37 | window_end=2023-10-06
2025-12-18 17:25:24,410 | INFO | [滚动重要性] 进度: ElasticNet-H20 窗口 13/37 | window_end=2023-11-06
2025-12-18 17:25:24,433 | INFO | [滚动重要性] 进度: ElasticNet-H20 窗口 14/37 | window_end=2023-12-05
2025-12-18 17:25:24,455 | INFO | [滚动重要性] 进度: ElasticNet-H20 窗口 15/37 | window_end=2024-01-05
2025-12-18 17:25:24,477 | INFO | [滚动重要性] 进度: ElasticNet-H20 窗口 16/37 | window_end=2024-02-05
2025-12-18 17:25:24,499 | INFO | [滚动重要性] 进度: ElasticNet-H20 窗口 17/37 | window_end=2024-03-05
2025-12-18 17:25:24,521 | INFO | [滚动重要性] 进度: ElasticNet-H20 窗口 18/37 | window_end=2024-04-03
2025-12-18 17:25:24,542 | INFO | [滚动重要性] 进度: ElasticNet-H20 窗口 19/37 | window_end=2024-05-02
2025-12-18 17:25:24,563 | INFO | [滚动重要性] 进度: ElasticNet-H20 窗口 20/37 | window_end=2024-05-31
2025-12-18 17:25:24,587 | INFO | [滚动重要性] 进度: ElasticNet-H20 窗口 21/37 | window_end=2024-07-01
2025-12-18 17:25:24,609 | INFO | [滚动重要性] 进度: ElasticNet-H20 窗口 22/37 | window_end=2024-07-30
2025-12-18 17:25:24,631 | INFO | [滚动重要性] 进度: ElasticNet-H20 窗口 23/37 | window_end=2024-08-28
2025-12-18 17:25:24,658 | INFO | [滚动重要性] 进度: ElasticNet-H20 窗口 24/37 | window_end=2024-09-26
2025-12-18 17:25:24,688 | INFO | [滚动重要性] 进度: ElasticNet-H20 窗口 25/37 | window_end=2024-10-25
2025-12-18 17:25:24,721 | INFO | [滚动重要性] 进度: ElasticNet-H20 窗口 26/37 | window_end=2024-11-25
2025-12-18 17:25:24,751 | INFO | [滚动重要性] 进度: ElasticNet-H20 窗口 27/37 | window_end=2024-12-24
2025-12-18 17:25:24,778 | INFO | [滚动重要性] 进度: ElasticNet-H20 窗口 28/37 | window_end=2025-01-24
2025-12-18 17:25:24,803 | INFO | [滚动重要性] 进度: ElasticNet-H20 窗口 29/37 | window_end=2025-02-24
2025-12-18 17:25:24,827 | INFO | [滚动重要性] 进度: ElasticNet-H20 窗口 30/37 | window_end=2025-03-25
2025-12-18 17:25:24,850 | INFO | [滚动重要性] 进度: ElasticNet-H20 窗口 31/37 | window_end=2025-04-24
2025-12-18 17:25:24,874 | INFO | [滚动重要性] 进度: ElasticNet-H20 窗口 32/37 | window_end=2025-05-23
2025-12-18 17:25:24,897 | INFO | [滚动重要性] 进度: ElasticNet-H20 窗口 33/37 | window_end=2025-06-23
2025-12-18 17:25:24,922 | INFO | [滚动重要性] 进度: ElasticNet-H20 窗口 34/37 | window_end=2025-07-22
2025-12-18 17:25:24,945 | INFO | [滚动重要性] 进度: ElasticNet-H20 窗口 35/37 | window_end=2025-08-20
2025-12-18 17:25:24,969 | INFO | [滚动重要性] 进度: ElasticNet-H20 窗口 36/37 | window_end=2025-09-18
2025-12-18 17:25:24,993 | INFO | [滚动重要性] 进度: ElasticNet-H20 窗口 37/37 | window_end=2025-10-17
2025-12-18 17:25:25,015 | INFO | [滚动重要性] 完成: model=ElasticNet | H=20 | 用时 0.9s
2025-12-18 17:25:25,768 | INFO | [滚动重要性] 开始: model=Lasso | H=1 | windows=37 | window=252 | step=21 | sample_n=500 | repeats=3
2025-12-18 17:25:25,768 | INFO | [滚动重要性] 进度: Lasso-H1 窗口 1/37 | window_end=2022-11-15
2025-12-18 17:25:25,791 | INFO | [滚动重要性] 进度: Lasso-H1 窗口 2/37 | window_end=2022-12-14
2025-12-18 17:25:25,814 | INFO | [滚动重要性] 进度: Lasso-H1 窗口 3/37 | window_end=2023-01-16
2025-12-18 17:25:25,839 | INFO | [滚动重要性] 进度: Lasso-H1 窗口 4/37 | window_end=2023-02-14
2025-12-18 17:25:25,862 | INFO | [滚动重要性] 进度: Lasso-H1 窗口 5/37 | window_end=2023-03-15
2025-12-18 17:25:25,886 | INFO | [滚动重要性] 进度: Lasso-H1 窗口 6/37 | window_end=2023-04-13
2025-12-18 17:25:25,909 | INFO | [滚动重要性] 进度: Lasso-H1 窗口 7/37 | window_end=2023-05-12
2025-12-18 17:25:25,931 | INFO | [滚动重要性] 进度: Lasso-H1 窗口 8/37 | window_end=2023-06-12
2025-12-18 17:25:25,955 | INFO | [滚动重要性] 进度: Lasso-H1 窗口 9/37 | window_end=2023-07-11
2025-12-18 17:25:25,979 | INFO | [滚动重要性] 进度: Lasso-H1 窗口 10/37 | window_end=2023-08-09
2025-12-18 17:25:26,002 | INFO | [滚动重要性] 进度: Lasso-H1 窗口 11/37 | window_end=2023-09-07
2025-12-18 17:25:26,027 | INFO | [滚动重要性] 进度: Lasso-H1 窗口 12/37 | window_end=2023-10-06
2025-12-18 17:25:26,056 | INFO | [滚动重要性] 进度: Lasso-H1 窗口 13/37 | window_end=2023-11-06
2025-12-18 17:25:26,079 | INFO | [滚动重要性] 进度: Lasso-H1 窗口 14/37 | window_end=2023-12-05
2025-12-18 17:25:26,105 | INFO | [滚动重要性] 进度: Lasso-H1 窗口 15/37 | window_end=2024-01-05
2025-12-18 17:25:26,128 | INFO | [滚动重要性] 进度: Lasso-H1 窗口 16/37 | window_end=2024-02-05
2025-12-18 17:25:26,150 | INFO | [滚动重要性] 进度: Lasso-H1 窗口 17/37 | window_end=2024-03-05
2025-12-18 17:25:26,173 | INFO | [滚动重要性] 进度: Lasso-H1 窗口 18/37 | window_end=2024-04-03
2025-12-18 17:25:26,195 | INFO | [滚动重要性] 进度: Lasso-H1 窗口 19/37 | window_end=2024-05-02
2025-12-18 17:25:26,216 | INFO | [滚动重要性] 进度: Lasso-H1 窗口 20/37 | window_end=2024-05-31
2025-12-18 17:25:26,238 | INFO | [滚动重要性] 进度: Lasso-H1 窗口 21/37 | window_end=2024-07-01
2025-12-18 17:25:26,262 | INFO | [滚动重要性] 进度: Lasso-H1 窗口 22/37 | window_end=2024-07-30
2025-12-18 17:25:26,285 | INFO | [滚动重要性] 进度: Lasso-H1 窗口 23/37 | window_end=2024-08-28
2025-12-18 17:25:26,308 | INFO | [滚动重要性] 进度: Lasso-H1 窗口 24/37 | window_end=2024-09-26
2025-12-18 17:25:26,330 | INFO | [滚动重要性] 进度: Lasso-H1 窗口 25/37 | window_end=2024-10-25
2025-12-18 17:25:26,355 | INFO | [滚动重要性] 进度: Lasso-H1 窗口 26/37 | window_end=2024-11-25
2025-12-18 17:25:26,377 | INFO | [滚动重要性] 进度: Lasso-H1 窗口 27/37 | window_end=2024-12-24
2025-12-18 17:25:26,401 | INFO | [滚动重要性] 进度: Lasso-H1 窗口 28/37 | window_end=2025-01-24
2025-12-18 17:25:26,425 | INFO | [滚动重要性] 进度: Lasso-H1 窗口 29/37 | window_end=2025-02-24
2025-12-18 17:25:26,449 | INFO | [滚动重要性] 进度: Lasso-H1 窗口 30/37 | window_end=2025-03-25
2025-12-18 17:25:26,475 | INFO | [滚动重要性] 进度: Lasso-H1 窗口 31/37 | window_end=2025-04-24
2025-12-18 17:25:26,500 | INFO | [滚动重要性] 进度: Lasso-H1 窗口 32/37 | window_end=2025-05-23
2025-12-18 17:25:26,523 | INFO | [滚动重要性] 进度: Lasso-H1 窗口 33/37 | window_end=2025-06-23
2025-12-18 17:25:26,550 | INFO | [滚动重要性] 进度: Lasso-H1 窗口 34/37 | window_end=2025-07-22
2025-12-18 17:25:26,578 | INFO | [滚动重要性] 进度: Lasso-H1 窗口 35/37 | window_end=2025-08-20
2025-12-18 17:25:26,603 | INFO | [滚动重要性] 进度: Lasso-H1 窗口 36/37 | window_end=2025-09-18
2025-12-18 17:25:26,626 | INFO | [滚动重要性] 进度: Lasso-H1 窗口 37/37 | window_end=2025-10-17
2025-12-18 17:25:26,648 | INFO | [滚动重要性] 完成: model=Lasso | H=1 | 用时 0.9s
2025-12-18 17:25:27,364 | INFO | [滚动重要性] 开始: model=Lasso | H=5 | windows=37 | window=252 | step=21 | sample_n=500 | repeats=3
2025-12-18 17:25:27,364 | INFO | [滚动重要性] 进度: Lasso-H5 窗口 1/37 | window_end=2022-11-15
2025-12-18 17:25:27,386 | INFO | [滚动重要性] 进度: Lasso-H5 窗口 2/37 | window_end=2022-12-14
2025-12-18 17:25:27,408 | INFO | [滚动重要性] 进度: Lasso-H5 窗口 3/37 | window_end=2023-01-16
2025-12-18 17:25:27,433 | INFO | [滚动重要性] 进度: Lasso-H5 窗口 4/37 | window_end=2023-02-14
2025-12-18 17:25:27,458 | INFO | [滚动重要性] 进度: Lasso-H5 窗口 5/37 | window_end=2023-03-15
2025-12-18 17:25:27,485 | INFO | [滚动重要性] 进度: Lasso-H5 窗口 6/37 | window_end=2023-04-13
2025-12-18 17:25:27,511 | INFO | [滚动重要性] 进度: Lasso-H5 窗口 7/37 | window_end=2023-05-12
2025-12-18 17:25:27,536 | INFO | [滚动重要性] 进度: Lasso-H5 窗口 8/37 | window_end=2023-06-12
2025-12-18 17:25:27,561 | INFO | [滚动重要性] 进度: Lasso-H5 窗口 9/37 | window_end=2023-07-11
2025-12-18 17:25:27,588 | INFO | [滚动重要性] 进度: Lasso-H5 窗口 10/37 | window_end=2023-08-09
2025-12-18 17:25:27,615 | INFO | [滚动重要性] 进度: Lasso-H5 窗口 11/37 | window_end=2023-09-07
2025-12-18 17:25:27,645 | INFO | [滚动重要性] 进度: Lasso-H5 窗口 12/37 | window_end=2023-10-06
2025-12-18 17:25:27,682 | INFO | [滚动重要性] 进度: Lasso-H5 窗口 13/37 | window_end=2023-11-06
2025-12-18 17:25:27,721 | INFO | [滚动重要性] 进度: Lasso-H5 窗口 14/37 | window_end=2023-12-05
2025-12-18 17:25:27,758 | INFO | [滚动重要性] 进度: Lasso-H5 窗口 15/37 | window_end=2024-01-05
2025-12-18 17:25:27,791 | INFO | [滚动重要性] 进度: Lasso-H5 窗口 16/37 | window_end=2024-02-05
2025-12-18 17:25:27,825 | INFO | [滚动重要性] 进度: Lasso-H5 窗口 17/37 | window_end=2024-03-05
2025-12-18 17:25:27,881 | INFO | [滚动重要性] 进度: Lasso-H5 窗口 18/37 | window_end=2024-04-03
2025-12-18 17:25:27,906 | INFO | [滚动重要性] 进度: Lasso-H5 窗口 19/37 | window_end=2024-05-02
2025-12-18 17:25:27,928 | INFO | [滚动重要性] 进度: Lasso-H5 窗口 20/37 | window_end=2024-05-31
2025-12-18 17:25:27,951 | INFO | [滚动重要性] 进度: Lasso-H5 窗口 21/37 | window_end=2024-07-01
2025-12-18 17:25:27,971 | INFO | [滚动重要性] 进度: Lasso-H5 窗口 22/37 | window_end=2024-07-30
2025-12-18 17:25:27,995 | INFO | [滚动重要性] 进度: Lasso-H5 窗口 23/37 | window_end=2024-08-28
2025-12-18 17:25:28,019 | INFO | [滚动重要性] 进度: Lasso-H5 窗口 24/37 | window_end=2024-09-26
2025-12-18 17:25:28,041 | INFO | [滚动重要性] 进度: Lasso-H5 窗口 25/37 | window_end=2024-10-25
2025-12-18 17:25:28,064 | INFO | [滚动重要性] 进度: Lasso-H5 窗口 26/37 | window_end=2024-11-25
2025-12-18 17:25:28,086 | INFO | [滚动重要性] 进度: Lasso-H5 窗口 27/37 | window_end=2024-12-24
2025-12-18 17:25:28,112 | INFO | [滚动重要性] 进度: Lasso-H5 窗口 28/37 | window_end=2025-01-24
2025-12-18 17:25:28,139 | INFO | [滚动重要性] 进度: Lasso-H5 窗口 29/37 | window_end=2025-02-24
2025-12-18 17:25:28,161 | INFO | [滚动重要性] 进度: Lasso-H5 窗口 30/37 | window_end=2025-03-25
2025-12-18 17:25:28,184 | INFO | [滚动重要性] 进度: Lasso-H5 窗口 31/37 | window_end=2025-04-24
2025-12-18 17:25:28,207 | INFO | [滚动重要性] 进度: Lasso-H5 窗口 32/37 | window_end=2025-05-23
2025-12-18 17:25:28,229 | INFO | [滚动重要性] 进度: Lasso-H5 窗口 33/37 | window_end=2025-06-23
2025-12-18 17:25:28,251 | INFO | [滚动重要性] 进度: Lasso-H5 窗口 34/37 | window_end=2025-07-22
2025-12-18 17:25:28,273 | INFO | [滚动重要性] 进度: Lasso-H5 窗口 35/37 | window_end=2025-08-20
2025-12-18 17:25:28,294 | INFO | [滚动重要性] 进度: Lasso-H5 窗口 36/37 | window_end=2025-09-18
2025-12-18 17:25:28,318 | INFO | [滚动重要性] 进度: Lasso-H5 窗口 37/37 | window_end=2025-10-17
2025-12-18 17:25:28,342 | INFO | [滚动重要性] 完成: model=Lasso | H=5 | 用时 1.0s
2025-12-18 17:25:29,169 | INFO | [滚动重要性] 开始: model=Lasso | H=10 | windows=37 | window=252 | step=21 | sample_n=500 | repeats=3
2025-12-18 17:25:29,170 | INFO | [滚动重要性] 进度: Lasso-H10 窗口 1/37 | window_end=2022-11-15
2025-12-18 17:25:29,195 | INFO | [滚动重要性] 进度: Lasso-H10 窗口 2/37 | window_end=2022-12-14
2025-12-18 17:25:29,218 | INFO | [滚动重要性] 进度: Lasso-H10 窗口 3/37 | window_end=2023-01-16
2025-12-18 17:25:29,238 | INFO | [滚动重要性] 进度: Lasso-H10 窗口 4/37 | window_end=2023-02-14
2025-12-18 17:25:29,260 | INFO | [滚动重要性] 进度: Lasso-H10 窗口 5/37 | window_end=2023-03-15
2025-12-18 17:25:29,282 | INFO | [滚动重要性] 进度: Lasso-H10 窗口 6/37 | window_end=2023-04-13
2025-12-18 17:25:29,304 | INFO | [滚动重要性] 进度: Lasso-H10 窗口 7/37 | window_end=2023-05-12
2025-12-18 17:25:29,326 | INFO | [滚动重要性] 进度: Lasso-H10 窗口 8/37 | window_end=2023-06-12
2025-12-18 17:25:29,347 | INFO | [滚动重要性] 进度: Lasso-H10 窗口 9/37 | window_end=2023-07-11
2025-12-18 17:25:29,371 | INFO | [滚动重要性] 进度: Lasso-H10 窗口 10/37 | window_end=2023-08-09
2025-12-18 17:25:29,393 | INFO | [滚动重要性] 进度: Lasso-H10 窗口 11/37 | window_end=2023-09-07
2025-12-18 17:25:29,414 | INFO | [滚动重要性] 进度: Lasso-H10 窗口 12/37 | window_end=2023-10-06
2025-12-18 17:25:29,436 | INFO | [滚动重要性] 进度: Lasso-H10 窗口 13/37 | window_end=2023-11-06
2025-12-18 17:25:29,457 | INFO | [滚动重要性] 进度: Lasso-H10 窗口 14/37 | window_end=2023-12-05
2025-12-18 17:25:29,479 | INFO | [滚动重要性] 进度: Lasso-H10 窗口 15/37 | window_end=2024-01-05
2025-12-18 17:25:29,502 | INFO | [滚动重要性] 进度: Lasso-H10 窗口 16/37 | window_end=2024-02-05
2025-12-18 17:25:29,525 | INFO | [滚动重要性] 进度: Lasso-H10 窗口 17/37 | window_end=2024-03-05
2025-12-18 17:25:29,547 | INFO | [滚动重要性] 进度: Lasso-H10 窗口 18/37 | window_end=2024-04-03
2025-12-18 17:25:29,570 | INFO | [滚动重要性] 进度: Lasso-H10 窗口 19/37 | window_end=2024-05-02
2025-12-18 17:25:29,593 | INFO | [滚动重要性] 进度: Lasso-H10 窗口 20/37 | window_end=2024-05-31
2025-12-18 17:25:29,621 | INFO | [滚动重要性] 进度: Lasso-H10 窗口 21/37 | window_end=2024-07-01
2025-12-18 17:25:29,649 | INFO | [滚动重要性] 进度: Lasso-H10 窗口 22/37 | window_end=2024-07-30
2025-12-18 17:25:29,676 | INFO | [滚动重要性] 进度: Lasso-H10 窗口 23/37 | window_end=2024-08-28
2025-12-18 17:25:29,702 | INFO | [滚动重要性] 进度: Lasso-H10 窗口 24/37 | window_end=2024-09-26
2025-12-18 17:25:29,726 | INFO | [滚动重要性] 进度: Lasso-H10 窗口 25/37 | window_end=2024-10-25
2025-12-18 17:25:29,750 | INFO | [滚动重要性] 进度: Lasso-H10 窗口 26/37 | window_end=2024-11-25
2025-12-18 17:25:29,778 | INFO | [滚动重要性] 进度: Lasso-H10 窗口 27/37 | window_end=2024-12-24
2025-12-18 17:25:29,805 | INFO | [滚动重要性] 进度: Lasso-H10 窗口 28/37 | window_end=2025-01-24
2025-12-18 17:25:29,834 | INFO | [滚动重要性] 进度: Lasso-H10 窗口 29/37 | window_end=2025-02-24
2025-12-18 17:25:29,864 | INFO | [滚动重要性] 进度: Lasso-H10 窗口 30/37 | window_end=2025-03-25
2025-12-18 17:25:29,902 | INFO | [滚动重要性] 进度: Lasso-H10 窗口 31/37 | window_end=2025-04-24
2025-12-18 17:25:29,927 | INFO | [滚动重要性] 进度: Lasso-H10 窗口 32/37 | window_end=2025-05-23
2025-12-18 17:25:29,950 | INFO | [滚动重要性] 进度: Lasso-H10 窗口 33/37 | window_end=2025-06-23
2025-12-18 17:25:29,974 | INFO | [滚动重要性] 进度: Lasso-H10 窗口 34/37 | window_end=2025-07-22
2025-12-18 17:25:29,995 | INFO | [滚动重要性] 进度: Lasso-H10 窗口 35/37 | window_end=2025-08-20
2025-12-18 17:25:30,018 | INFO | [滚动重要性] 进度: Lasso-H10 窗口 36/37 | window_end=2025-09-18
2025-12-18 17:25:30,040 | INFO | [滚动重要性] 进度: Lasso-H10 窗口 37/37 | window_end=2025-10-17
2025-12-18 17:25:30,063 | INFO | [滚动重要性] 完成: model=Lasso | H=10 | 用时 0.9s
2025-12-18 17:25:30,935 | INFO | [滚动重要性] 开始: model=Lasso | H=20 | windows=37 | window=252 | step=21 | sample_n=500 | repeats=3
2025-12-18 17:25:30,935 | INFO | [滚动重要性] 进度: Lasso-H20 窗口 1/37 | window_end=2022-11-15
2025-12-18 17:25:30,963 | INFO | [滚动重要性] 进度: Lasso-H20 窗口 2/37 | window_end=2022-12-14
2025-12-18 17:25:30,995 | INFO | [滚动重要性] 进度: Lasso-H20 窗口 3/37 | window_end=2023-01-16
2025-12-18 17:25:31,026 | INFO | [滚动重要性] 进度: Lasso-H20 窗口 4/37 | window_end=2023-02-14
2025-12-18 17:25:31,056 | INFO | [滚动重要性] 进度: Lasso-H20 窗口 5/37 | window_end=2023-03-15
2025-12-18 17:25:31,081 | INFO | [滚动重要性] 进度: Lasso-H20 窗口 6/37 | window_end=2023-04-13
2025-12-18 17:25:31,104 | INFO | [滚动重要性] 进度: Lasso-H20 窗口 7/37 | window_end=2023-05-12
2025-12-18 17:25:31,125 | INFO | [滚动重要性] 进度: Lasso-H20 窗口 8/37 | window_end=2023-06-12
2025-12-18 17:25:31,146 | INFO | [滚动重要性] 进度: Lasso-H20 窗口 9/37 | window_end=2023-07-11
2025-12-18 17:25:31,167 | INFO | [滚动重要性] 进度: Lasso-H20 窗口 10/37 | window_end=2023-08-09
2025-12-18 17:25:31,189 | INFO | [滚动重要性] 进度: Lasso-H20 窗口 11/37 | window_end=2023-09-07
2025-12-18 17:25:31,211 | INFO | [滚动重要性] 进度: Lasso-H20 窗口 12/37 | window_end=2023-10-06
2025-12-18 17:25:31,234 | INFO | [滚动重要性] 进度: Lasso-H20 窗口 13/37 | window_end=2023-11-06
2025-12-18 17:25:31,257 | INFO | [滚动重要性] 进度: Lasso-H20 窗口 14/37 | window_end=2023-12-05
2025-12-18 17:25:31,278 | INFO | [滚动重要性] 进度: Lasso-H20 窗口 15/37 | window_end=2024-01-05
2025-12-18 17:25:31,301 | INFO | [滚动重要性] 进度: Lasso-H20 窗口 16/37 | window_end=2024-02-05
2025-12-18 17:25:31,323 | INFO | [滚动重要性] 进度: Lasso-H20 窗口 17/37 | window_end=2024-03-05
2025-12-18 17:25:31,346 | INFO | [滚动重要性] 进度: Lasso-H20 窗口 18/37 | window_end=2024-04-03
2025-12-18 17:25:31,375 | INFO | [滚动重要性] 进度: Lasso-H20 窗口 19/37 | window_end=2024-05-02
2025-12-18 17:25:31,406 | INFO | [滚动重要性] 进度: Lasso-H20 窗口 20/37 | window_end=2024-05-31
2025-12-18 17:25:31,433 | INFO | [滚动重要性] 进度: Lasso-H20 窗口 21/37 | window_end=2024-07-01
2025-12-18 17:25:31,462 | INFO | [滚动重要性] 进度: Lasso-H20 窗口 22/37 | window_end=2024-07-30
2025-12-18 17:25:31,494 | INFO | [滚动重要性] 进度: Lasso-H20 窗口 23/37 | window_end=2024-08-28
2025-12-18 17:25:31,524 | INFO | [滚动重要性] 进度: Lasso-H20 窗口 24/37 | window_end=2024-09-26
2025-12-18 17:25:31,552 | INFO | [滚动重要性] 进度: Lasso-H20 窗口 25/37 | window_end=2024-10-25
2025-12-18 17:25:31,580 | INFO | [滚动重要性] 进度: Lasso-H20 窗口 26/37 | window_end=2024-11-25
2025-12-18 17:25:31,612 | INFO | [滚动重要性] 进度: Lasso-H20 窗口 27/37 | window_end=2024-12-24
2025-12-18 17:25:31,645 | INFO | [滚动重要性] 进度: Lasso-H20 窗口 28/37 | window_end=2025-01-24
2025-12-18 17:25:31,680 | INFO | [滚动重要性] 进度: Lasso-H20 窗口 29/37 | window_end=2025-02-24
2025-12-18 17:25:31,715 | INFO | [滚动重要性] 进度: Lasso-H20 窗口 30/37 | window_end=2025-03-25
2025-12-18 17:25:31,754 | INFO | [滚动重要性] 进度: Lasso-H20 窗口 31/37 | window_end=2025-04-24
2025-12-18 17:25:31,791 | INFO | [滚动重要性] 进度: Lasso-H20 窗口 32/37 | window_end=2025-05-23
2025-12-18 17:25:31,828 | INFO | [滚动重要性] 进度: Lasso-H20 窗口 33/37 | window_end=2025-06-23
2025-12-18 17:25:31,866 | INFO | [滚动重要性] 进度: Lasso-H20 窗口 34/37 | window_end=2025-07-22
2025-12-18 17:25:31,902 | INFO | [滚动重要性] 进度: Lasso-H20 窗口 35/37 | window_end=2025-08-20
2025-12-18 17:25:31,935 | INFO | [滚动重要性] 进度: Lasso-H20 窗口 36/37 | window_end=2025-09-18
2025-12-18 17:25:31,964 | INFO | [滚动重要性] 进度: Lasso-H20 窗口 37/37 | window_end=2025-10-17
2025-12-18 17:25:31,990 | INFO | [滚动重要性] 完成: model=Lasso | H=20 | 用时 1.1s
2025-12-18 17:25:32,776 | INFO | [滚动重要性] 开始: model=LightGBM | H=1 | windows=37 | window=252 | step=21 | sample_n=500 | repeats=3
2025-12-18 17:25:32,777 | INFO | [滚动重要性] 进度: LightGBM-H1 窗口 1/37 | window_end=2022-11-15
2025-12-18 17:25:33,043 | INFO | [滚动重要性] 进度: LightGBM-H1 窗口 2/37 | window_end=2022-12-14
2025-12-18 17:25:33,271 | INFO | [滚动重要性] 进度: LightGBM-H1 窗口 3/37 | window_end=2023-01-16
2025-12-18 17:25:33,480 | INFO | [滚动重要性] 进度: LightGBM-H1 窗口 4/37 | window_end=2023-02-14
2025-12-18 17:25:33,650 | INFO | [滚动重要性] 进度: LightGBM-H1 窗口 5/37 | window_end=2023-03-15
2025-12-18 17:25:33,821 | INFO | [滚动重要性] 进度: LightGBM-H1 窗口 6/37 | window_end=2023-04-13
2025-12-18 17:25:34,034 | INFO | [滚动重要性] 进度: LightGBM-H1 窗口 7/37 | window_end=2023-05-12
2025-12-18 17:25:34,248 | INFO | [滚动重要性] 进度: LightGBM-H1 窗口 8/37 | window_end=2023-06-12
2025-12-18 17:25:34,418 | INFO | [滚动重要性] 进度: LightGBM-H1 窗口 9/37 | window_end=2023-07-11
2025-12-18 17:25:34,587 | INFO | [滚动重要性] 进度: LightGBM-H1 窗口 10/37 | window_end=2023-08-09
2025-12-18 17:25:34,764 | INFO | [滚动重要性] 进度: LightGBM-H1 窗口 11/37 | window_end=2023-09-07
2025-12-18 17:25:34,955 | INFO | [滚动重要性] 进度: LightGBM-H1 窗口 12/37 | window_end=2023-10-06
2025-12-18 17:25:35,175 | INFO | [滚动重要性] 进度: LightGBM-H1 窗口 13/37 | window_end=2023-11-06
2025-12-18 17:25:35,363 | INFO | [滚动重要性] 进度: LightGBM-H1 窗口 14/37 | window_end=2023-12-05
2025-12-18 17:25:35,547 | INFO | [滚动重要性] 进度: LightGBM-H1 窗口 15/37 | window_end=2024-01-05
2025-12-18 17:25:35,708 | INFO | [滚动重要性] 进度: LightGBM-H1 窗口 16/37 | window_end=2024-02-05
2025-12-18 17:25:35,891 | INFO | [滚动重要性] 进度: LightGBM-H1 窗口 17/37 | window_end=2024-03-05
2025-12-18 17:25:36,097 | INFO | [滚动重要性] 进度: LightGBM-H1 窗口 18/37 | window_end=2024-04-03
2025-12-18 17:25:36,283 | INFO | [滚动重要性] 进度: LightGBM-H1 窗口 19/37 | window_end=2024-05-02
2025-12-18 17:25:36,446 | INFO | [滚动重要性] 进度: LightGBM-H1 窗口 20/37 | window_end=2024-05-31
2025-12-18 17:25:36,615 | INFO | [滚动重要性] 进度: LightGBM-H1 窗口 21/37 | window_end=2024-07-01
2025-12-18 17:25:36,794 | INFO | [滚动重要性] 进度: LightGBM-H1 窗口 22/37 | window_end=2024-07-30
2025-12-18 17:25:36,978 | INFO | [滚动重要性] 进度: LightGBM-H1 窗口 23/37 | window_end=2024-08-28
2025-12-18 17:25:37,187 | INFO | [滚动重要性] 进度: LightGBM-H1 窗口 24/37 | window_end=2024-09-26
2025-12-18 17:25:37,375 | INFO | [滚动重要性] 进度: LightGBM-H1 窗口 25/37 | window_end=2024-10-25
2025-12-18 17:25:37,564 | INFO | [滚动重要性] 进度: LightGBM-H1 窗口 26/37 | window_end=2024-11-25
2025-12-18 17:25:37,734 | INFO | [滚动重要性] 进度: LightGBM-H1 窗口 27/37 | window_end=2024-12-24
2025-12-18 17:25:37,917 | INFO | [滚动重要性] 进度: LightGBM-H1 窗口 28/37 | window_end=2025-01-24
2025-12-18 17:25:38,126 | INFO | [滚动重要性] 进度: LightGBM-H1 窗口 29/37 | window_end=2025-02-24
2025-12-18 17:25:38,305 | INFO | [滚动重要性] 进度: LightGBM-H1 窗口 30/37 | window_end=2025-03-25
2025-12-18 17:25:38,472 | INFO | [滚动重要性] 进度: LightGBM-H1 窗口 31/37 | window_end=2025-04-24
2025-12-18 17:25:38,644 | INFO | [滚动重要性] 进度: LightGBM-H1 窗口 32/37 | window_end=2025-05-23
2025-12-18 17:25:38,825 | INFO | [滚动重要性] 进度: LightGBM-H1 窗口 33/37 | window_end=2025-06-23
2025-12-18 17:25:39,031 | INFO | [滚动重要性] 进度: LightGBM-H1 窗口 34/37 | window_end=2025-07-22
2025-12-18 17:25:39,239 | INFO | [滚动重要性] 进度: LightGBM-H1 窗口 35/37 | window_end=2025-08-20
2025-12-18 17:25:39,431 | INFO | [滚动重要性] 进度: LightGBM-H1 窗口 36/37 | window_end=2025-09-18
2025-12-18 17:25:39,615 | INFO | [滚动重要性] 进度: LightGBM-H1 窗口 37/37 | window_end=2025-10-17
2025-12-18 17:25:39,785 | INFO | [滚动重要性] 完成: model=LightGBM | H=1 | 用时 7.0s
2025-12-18 17:25:40,533 | INFO | [滚动重要性] 开始: model=LightGBM | H=5 | windows=37 | window=252 | step=21 | sample_n=500 | repeats=3
2025-12-18 17:25:40,534 | INFO | [滚动重要性] 进度: LightGBM-H5 窗口 1/37 | window_end=2022-11-15
2025-12-18 17:25:40,809 | INFO | [滚动重要性] 进度: LightGBM-H5 窗口 2/37 | window_end=2022-12-14
2025-12-18 17:25:41,010 | INFO | [滚动重要性] 进度: LightGBM-H5 窗口 3/37 | window_end=2023-01-16
2025-12-18 17:25:41,224 | INFO | [滚动重要性] 进度: LightGBM-H5 窗口 4/37 | window_end=2023-02-14
2025-12-18 17:25:41,417 | INFO | [滚动重要性] 进度: LightGBM-H5 窗口 5/37 | window_end=2023-03-15
2025-12-18 17:25:41,583 | INFO | [滚动重要性] 进度: LightGBM-H5 窗口 6/37 | window_end=2023-04-13
2025-12-18 17:25:41,769 | INFO | [滚动重要性] 进度: LightGBM-H5 窗口 7/37 | window_end=2023-05-12
2025-12-18 17:25:41,959 | INFO | [滚动重要性] 进度: LightGBM-H5 窗口 8/37 | window_end=2023-06-12
2025-12-18 17:25:42,173 | INFO | [滚动重要性] 进度: LightGBM-H5 窗口 9/37 | window_end=2023-07-11
2025-12-18 17:25:42,344 | INFO | [滚动重要性] 进度: LightGBM-H5 窗口 10/37 | window_end=2023-08-09
2025-12-18 17:25:42,511 | INFO | [滚动重要性] 进度: LightGBM-H5 窗口 11/37 | window_end=2023-09-07
2025-12-18 17:25:42,674 | INFO | [滚动重要性] 进度: LightGBM-H5 窗口 12/37 | window_end=2023-10-06
2025-12-18 17:25:42,841 | INFO | [滚动重要性] 进度: LightGBM-H5 窗口 13/37 | window_end=2023-11-06
2025-12-18 17:25:43,049 | INFO | [滚动重要性] 进度: LightGBM-H5 窗口 14/37 | window_end=2023-12-05
2025-12-18 17:25:43,261 | INFO | [滚动重要性] 进度: LightGBM-H5 窗口 15/37 | window_end=2024-01-05
2025-12-18 17:25:43,442 | INFO | [滚动重要性] 进度: LightGBM-H5 窗口 16/37 | window_end=2024-02-05
2025-12-18 17:25:43,608 | INFO | [滚动重要性] 进度: LightGBM-H5 窗口 17/37 | window_end=2024-03-05
2025-12-18 17:25:43,793 | INFO | [滚动重要性] 进度: LightGBM-H5 窗口 18/37 | window_end=2024-04-03
2025-12-18 17:25:43,975 | INFO | [滚动重要性] 进度: LightGBM-H5 窗口 19/37 | window_end=2024-05-02
2025-12-18 17:25:44,182 | INFO | [滚动重要性] 进度: LightGBM-H5 窗口 20/37 | window_end=2024-05-31
2025-12-18 17:25:44,345 | INFO | [滚动重要性] 进度: LightGBM-H5 窗口 21/37 | window_end=2024-07-01
2025-12-18 17:25:44,507 | INFO | [滚动重要性] 进度: LightGBM-H5 窗口 22/37 | window_end=2024-07-30
2025-12-18 17:25:44,666 | INFO | [滚动重要性] 进度: LightGBM-H5 窗口 23/37 | window_end=2024-08-28
2025-12-18 17:25:44,834 | INFO | [滚动重要性] 进度: LightGBM-H5 窗口 24/37 | window_end=2024-09-26
2025-12-18 17:25:45,034 | INFO | [滚动重要性] 进度: LightGBM-H5 窗口 25/37 | window_end=2024-10-25
2025-12-18 17:25:45,241 | INFO | [滚动重要性] 进度: LightGBM-H5 窗口 26/37 | window_end=2024-11-25
2025-12-18 17:25:45,413 | INFO | [滚动重要性] 进度: LightGBM-H5 窗口 27/37 | window_end=2024-12-24
2025-12-18 17:25:45,580 | INFO | [滚动重要性] 进度: LightGBM-H5 窗口 28/37 | window_end=2025-01-24
2025-12-18 17:25:45,752 | INFO | [滚动重要性] 进度: LightGBM-H5 窗口 29/37 | window_end=2025-02-24
2025-12-18 17:25:45,951 | INFO | [滚动重要性] 进度: LightGBM-H5 窗口 30/37 | window_end=2025-03-25
2025-12-18 17:25:46,157 | INFO | [滚动重要性] 进度: LightGBM-H5 窗口 31/37 | window_end=2025-04-24
2025-12-18 17:25:46,322 | INFO | [滚动重要性] 进度: LightGBM-H5 窗口 32/37 | window_end=2025-05-23
2025-12-18 17:25:46,486 | INFO | [滚动重要性] 进度: LightGBM-H5 窗口 33/37 | window_end=2025-06-23
2025-12-18 17:25:46,647 | INFO | [滚动重要性] 进度: LightGBM-H5 窗口 34/37 | window_end=2025-07-22
2025-12-18 17:25:46,813 | INFO | [滚动重要性] 进度: LightGBM-H5 窗口 35/37 | window_end=2025-08-20
2025-12-18 17:25:47,000 | INFO | [滚动重要性] 进度: LightGBM-H5 窗口 36/37 | window_end=2025-09-18
2025-12-18 17:25:47,201 | INFO | [滚动重要性] 进度: LightGBM-H5 窗口 37/37 | window_end=2025-10-17
2025-12-18 17:25:47,383 | INFO | [滚动重要性] 完成: model=LightGBM | H=5 | 用时 6.8s
2025-12-18 17:25:48,196 | INFO | [滚动重要性] 开始: model=LightGBM | H=10 | windows=37 | window=252 | step=21 | sample_n=500 | repeats=3
2025-12-18 17:25:48,196 | INFO | [滚动重要性] 进度: LightGBM-H10 窗口 1/37 | window_end=2022-11-15
2025-12-18 17:25:48,412 | INFO | [滚动重要性] 进度: LightGBM-H10 窗口 2/37 | window_end=2022-12-14
2025-12-18 17:25:48,591 | INFO | [滚动重要性] 进度: LightGBM-H10 窗口 3/37 | window_end=2023-01-16
2025-12-18 17:25:48,765 | INFO | [滚动重要性] 进度: LightGBM-H10 窗口 4/37 | window_end=2023-02-14
2025-12-18 17:25:48,964 | INFO | [滚动重要性] 进度: LightGBM-H10 窗口 5/37 | window_end=2023-03-15
2025-12-18 17:25:49,181 | INFO | [滚动重要性] 进度: LightGBM-H10 窗口 6/37 | window_end=2023-04-13
2025-12-18 17:25:49,378 | INFO | [滚动重要性] 进度: LightGBM-H10 窗口 7/37 | window_end=2023-05-12
2025-12-18 17:25:49,557 | INFO | [滚动重要性] 进度: LightGBM-H10 窗口 8/37 | window_end=2023-06-12
2025-12-18 17:25:49,726 | INFO | [滚动重要性] 进度: LightGBM-H10 窗口 9/37 | window_end=2023-07-11
2025-12-18 17:25:49,934 | INFO | [滚动重要性] 进度: LightGBM-H10 窗口 10/37 | window_end=2023-08-09
2025-12-18 17:25:50,152 | INFO | [滚动重要性] 进度: LightGBM-H10 窗口 11/37 | window_end=2023-09-07
2025-12-18 17:25:50,321 | INFO | [滚动重要性] 进度: LightGBM-H10 窗口 12/37 | window_end=2023-10-06
2025-12-18 17:25:50,494 | INFO | [滚动重要性] 进度: LightGBM-H10 窗口 13/37 | window_end=2023-11-06
2025-12-18 17:25:50,665 | INFO | [滚动重要性] 进度: LightGBM-H10 窗口 14/37 | window_end=2023-12-05
2025-12-18 17:25:50,833 | INFO | [滚动重要性] 进度: LightGBM-H10 窗口 15/37 | window_end=2024-01-05
2025-12-18 17:25:51,040 | INFO | [滚动重要性] 进度: LightGBM-H10 窗口 16/37 | window_end=2024-02-05
2025-12-18 17:25:51,245 | INFO | [滚动重要性] 进度: LightGBM-H10 窗口 17/37 | window_end=2024-03-05
2025-12-18 17:25:51,421 | INFO | [滚动重要性] 进度: LightGBM-H10 窗口 18/37 | window_end=2024-04-03
2025-12-18 17:25:51,602 | INFO | [滚动重要性] 进度: LightGBM-H10 窗口 19/37 | window_end=2024-05-02
2025-12-18 17:25:51,760 | INFO | [滚动重要性] 进度: LightGBM-H10 窗口 20/37 | window_end=2024-05-31
2025-12-18 17:25:51,968 | INFO | [滚动重要性] 进度: LightGBM-H10 窗口 21/37 | window_end=2024-07-01
2025-12-18 17:25:52,177 | INFO | [滚动重要性] 进度: LightGBM-H10 窗口 22/37 | window_end=2024-07-30
2025-12-18 17:25:52,338 | INFO | [滚动重要性] 进度: LightGBM-H10 窗口 23/37 | window_end=2024-08-28
2025-12-18 17:25:52,501 | INFO | [滚动重要性] 进度: LightGBM-H10 窗口 24/37 | window_end=2024-09-26
2025-12-18 17:25:52,667 | INFO | [滚动重要性] 进度: LightGBM-H10 窗口 25/37 | window_end=2024-10-25
2025-12-18 17:25:52,832 | INFO | [滚动重要性] 进度: LightGBM-H10 窗口 26/37 | window_end=2024-11-25
2025-12-18 17:25:53,051 | INFO | [滚动重要性] 进度: LightGBM-H10 窗口 27/37 | window_end=2024-12-24
2025-12-18 17:25:53,259 | INFO | [滚动重要性] 进度: LightGBM-H10 窗口 28/37 | window_end=2025-01-24
2025-12-18 17:25:53,429 | INFO | [滚动重要性] 进度: LightGBM-H10 窗口 29/37 | window_end=2025-02-24
2025-12-18 17:25:53,616 | INFO | [滚动重要性] 进度: LightGBM-H10 窗口 30/37 | window_end=2025-03-25
2025-12-18 17:25:53,780 | INFO | [滚动重要性] 进度: LightGBM-H10 窗口 31/37 | window_end=2025-04-24
2025-12-18 17:25:53,980 | INFO | [滚动重要性] 进度: LightGBM-H10 窗口 32/37 | window_end=2025-05-23
2025-12-18 17:25:54,193 | INFO | [滚动重要性] 进度: LightGBM-H10 窗口 33/37 | window_end=2025-06-23
2025-12-18 17:25:54,360 | INFO | [滚动重要性] 进度: LightGBM-H10 窗口 34/37 | window_end=2025-07-22
2025-12-18 17:25:54,526 | INFO | [滚动重要性] 进度: LightGBM-H10 窗口 35/37 | window_end=2025-08-20
2025-12-18 17:25:54,694 | INFO | [滚动重要性] 进度: LightGBM-H10 窗口 36/37 | window_end=2025-09-18
2025-12-18 17:25:54,868 | INFO | [滚动重要性] 进度: LightGBM-H10 窗口 37/37 | window_end=2025-10-17
2025-12-18 17:25:55,077 | INFO | [滚动重要性] 完成: model=LightGBM | H=10 | 用时 6.9s
2025-12-18 17:25:56,002 | INFO | [滚动重要性] 开始: model=LightGBM | H=20 | windows=37 | window=252 | step=21 | sample_n=500 | repeats=3
2025-12-18 17:25:56,002 | INFO | [滚动重要性] 进度: LightGBM-H20 窗口 1/37 | window_end=2022-11-15
2025-12-18 17:25:56,272 | INFO | [滚动重要性] 进度: LightGBM-H20 窗口 2/37 | window_end=2022-12-14
2025-12-18 17:25:56,448 | INFO | [滚动重要性] 进度: LightGBM-H20 窗口 3/37 | window_end=2023-01-16
2025-12-18 17:25:56,618 | INFO | [滚动重要性] 进度: LightGBM-H20 窗口 4/37 | window_end=2023-02-14
2025-12-18 17:25:56,785 | INFO | [滚动重要性] 进度: LightGBM-H20 窗口 5/37 | window_end=2023-03-15
2025-12-18 17:25:56,971 | INFO | [滚动重要性] 进度: LightGBM-H20 窗口 6/37 | window_end=2023-04-13
2025-12-18 17:25:57,191 | INFO | [滚动重要性] 进度: LightGBM-H20 窗口 7/37 | window_end=2023-05-12
2025-12-18 17:25:57,363 | INFO | [滚动重要性] 进度: LightGBM-H20 窗口 8/37 | window_end=2023-06-12
2025-12-18 17:25:57,557 | INFO | [滚动重要性] 进度: LightGBM-H20 窗口 9/37 | window_end=2023-07-11
2025-12-18 17:25:57,731 | INFO | [滚动重要性] 进度: LightGBM-H20 窗口 10/37 | window_end=2023-08-09
2025-12-18 17:25:57,907 | INFO | [滚动重要性] 进度: LightGBM-H20 窗口 11/37 | window_end=2023-09-07
2025-12-18 17:25:58,119 | INFO | [滚动重要性] 进度: LightGBM-H20 窗口 12/37 | window_end=2023-10-06
2025-12-18 17:25:58,328 | INFO | [滚动重要性] 进度: LightGBM-H20 窗口 13/37 | window_end=2023-11-06
2025-12-18 17:25:58,491 | INFO | [滚动重要性] 进度: LightGBM-H20 窗口 14/37 | window_end=2023-12-05
2025-12-18 17:25:58,660 | INFO | [滚动重要性] 进度: LightGBM-H20 窗口 15/37 | window_end=2024-01-05
2025-12-18 17:25:58,826 | INFO | [滚动重要性] 进度: LightGBM-H20 窗口 16/37 | window_end=2024-02-05
2025-12-18 17:25:59,021 | INFO | [滚动重要性] 进度: LightGBM-H20 窗口 17/37 | window_end=2024-03-05
2025-12-18 17:25:59,230 | INFO | [滚动重要性] 进度: LightGBM-H20 窗口 18/37 | window_end=2024-04-03
2025-12-18 17:25:59,415 | INFO | [滚动重要性] 进度: LightGBM-H20 窗口 19/37 | window_end=2024-05-02
2025-12-18 17:25:59,588 | INFO | [滚动重要性] 进度: LightGBM-H20 窗口 20/37 | window_end=2024-05-31
2025-12-18 17:25:59,756 | INFO | [滚动重要性] 进度: LightGBM-H20 窗口 21/37 | window_end=2024-07-01
2025-12-18 17:25:59,940 | INFO | [滚动重要性] 进度: LightGBM-H20 窗口 22/37 | window_end=2024-07-30
2025-12-18 17:26:00,168 | INFO | [滚动重要性] 进度: LightGBM-H20 窗口 23/37 | window_end=2024-08-28
2025-12-18 17:26:00,356 | INFO | [滚动重要性] 进度: LightGBM-H20 窗口 24/37 | window_end=2024-09-26
2025-12-18 17:26:00,520 | INFO | [滚动重要性] 进度: LightGBM-H20 窗口 25/37 | window_end=2024-10-25
2025-12-18 17:26:00,682 | INFO | [滚动重要性] 进度: LightGBM-H20 窗口 26/37 | window_end=2024-11-25
2025-12-18 17:26:00,849 | INFO | [滚动重要性] 进度: LightGBM-H20 窗口 27/37 | window_end=2024-12-24
2025-12-18 17:26:01,041 | INFO | [滚动重要性] 进度: LightGBM-H20 窗口 28/37 | window_end=2025-01-24
2025-12-18 17:26:01,249 | INFO | [滚动重要性] 进度: LightGBM-H20 窗口 29/37 | window_end=2025-02-24
2025-12-18 17:26:01,434 | INFO | [滚动重要性] 进度: LightGBM-H20 窗口 30/37 | window_end=2025-03-25
2025-12-18 17:26:01,628 | INFO | [滚动重要性] 进度: LightGBM-H20 窗口 31/37 | window_end=2025-04-24
2025-12-18 17:26:01,793 | INFO | [滚动重要性] 进度: LightGBM-H20 窗口 32/37 | window_end=2025-05-23
2025-12-18 17:26:01,970 | INFO | [滚动重要性] 进度: LightGBM-H20 窗口 33/37 | window_end=2025-06-23
2025-12-18 17:26:02,181 | INFO | [滚动重要性] 进度: LightGBM-H20 窗口 34/37 | window_end=2025-07-22
2025-12-18 17:26:02,382 | INFO | [滚动重要性] 进度: LightGBM-H20 窗口 35/37 | window_end=2025-08-20
2025-12-18 17:26:02,549 | INFO | [滚动重要性] 进度: LightGBM-H20 窗口 36/37 | window_end=2025-09-18
2025-12-18 17:26:02,720 | INFO | [滚动重要性] 进度: LightGBM-H20 窗口 37/37 | window_end=2025-10-17
2025-12-18 17:26:02,893 | INFO | [滚动重要性] 完成: model=LightGBM | H=20 | 用时 6.9s
2025-12-18 17:26:03,550 | INFO | [滚动重要性] 开始: model=RandomForest | H=1 | windows=37 | window=252 | step=21 | sample_n=500 | repeats=3
2025-12-18 17:26:03,551 | INFO | [滚动重要性] 进度: RandomForest-H1 窗口 1/37 | window_end=2022-11-15
2025-12-18 17:26:16,483 | INFO | [滚动重要性] 进度: RandomForest-H1 窗口 2/37 | window_end=2022-12-14
2025-12-18 17:26:29,088 | INFO | [滚动重要性] 进度: RandomForest-H1 窗口 3/37 | window_end=2023-01-16
2025-12-18 17:26:43,045 | INFO | [滚动重要性] 进度: RandomForest-H1 窗口 4/37 | window_end=2023-02-14
2025-12-18 17:26:55,940 | INFO | [滚动重要性] 进度: RandomForest-H1 窗口 5/37 | window_end=2023-03-15
2025-12-18 17:27:14,228 | INFO | [滚动重要性] 进度: RandomForest-H1 窗口 6/37 | window_end=2023-04-13
2025-12-18 17:27:33,136 | INFO | [滚动重要性] 进度: RandomForest-H1 窗口 7/37 | window_end=2023-05-12
2025-12-18 17:27:51,484 | INFO | [滚动重要性] 进度: RandomForest-H1 窗口 8/37 | window_end=2023-06-12
2025-12-18 17:28:04,640 | INFO | [滚动重要性] 进度: RandomForest-H1 窗口 9/37 | window_end=2023-07-11
2025-12-18 17:28:17,947 | INFO | [滚动重要性] 进度: RandomForest-H1 窗口 10/37 | window_end=2023-08-09
2025-12-18 17:28:35,801 | INFO | [滚动重要性] 进度: RandomForest-H1 窗口 11/37 | window_end=2023-09-07
2025-12-18 17:28:54,159 | INFO | [滚动重要性] 进度: RandomForest-H1 窗口 12/37 | window_end=2023-10-06
2025-12-18 17:29:13,797 | INFO | [滚动重要性] 进度: RandomForest-H1 窗口 13/37 | window_end=2023-11-06
2025-12-18 17:29:32,890 | INFO | [滚动重要性] 进度: RandomForest-H1 窗口 14/37 | window_end=2023-12-05
2025-12-18 17:29:51,340 | INFO | [滚动重要性] 进度: RandomForest-H1 窗口 15/37 | window_end=2024-01-05
2025-12-18 17:30:08,678 | INFO | [滚动重要性] 进度: RandomForest-H1 窗口 16/37 | window_end=2024-02-05
2025-12-18 17:30:25,724 | INFO | [滚动重要性] 进度: RandomForest-H1 窗口 17/37 | window_end=2024-03-05
2025-12-18 17:30:41,131 | INFO | [滚动重要性] 进度: RandomForest-H1 窗口 18/37 | window_end=2024-04-03
2025-12-18 17:30:59,742 | INFO | [滚动重要性] 进度: RandomForest-H1 窗口 19/37 | window_end=2024-05-02
2025-12-18 17:31:17,957 | INFO | [滚动重要性] 进度: RandomForest-H1 窗口 20/37 | window_end=2024-05-31
2025-12-18 17:31:36,135 | INFO | [滚动重要性] 进度: RandomForest-H1 窗口 21/37 | window_end=2024-07-01
2025-12-18 17:31:54,679 | INFO | [滚动重要性] 进度: RandomForest-H1 窗口 22/37 | window_end=2024-07-30
2025-12-18 17:32:13,082 | INFO | [滚动重要性] 进度: RandomForest-H1 窗口 23/37 | window_end=2024-08-28
2025-12-18 17:32:31,477 | INFO | [滚动重要性] 进度: RandomForest-H1 窗口 24/37 | window_end=2024-09-26
2025-12-18 17:32:50,046 | INFO | [滚动重要性] 进度: RandomForest-H1 窗口 25/37 | window_end=2024-10-25
2025-12-18 17:33:08,652 | INFO | [滚动重要性] 进度: RandomForest-H1 窗口 26/37 | window_end=2024-11-25
2025-12-18 17:33:27,306 | INFO | [滚动重要性] 进度: RandomForest-H1 窗口 27/37 | window_end=2024-12-24
2025-12-18 17:33:45,820 | INFO | [滚动重要性] 进度: RandomForest-H1 窗口 28/37 | window_end=2025-01-24
2025-12-18 17:34:04,210 | INFO | [滚动重要性] 进度: RandomForest-H1 窗口 29/37 | window_end=2025-02-24
2025-12-18 17:34:22,249 | INFO | [滚动重要性] 进度: RandomForest-H1 窗口 30/37 | window_end=2025-03-25
2025-12-18 17:34:40,225 | INFO | [滚动重要性] 进度: RandomForest-H1 窗口 31/37 | window_end=2025-04-24
2025-12-18 17:34:57,975 | INFO | [滚动重要性] 进度: RandomForest-H1 窗口 32/37 | window_end=2025-05-23
2025-12-18 17:35:16,386 | INFO | [滚动重要性] 进度: RandomForest-H1 窗口 33/37 | window_end=2025-06-23
2025-12-18 17:35:34,524 | INFO | [滚动重要性] 进度: RandomForest-H1 窗口 34/37 | window_end=2025-07-22
2025-12-18 17:35:52,670 | INFO | [滚动重要性] 进度: RandomForest-H1 窗口 35/37 | window_end=2025-08-20
2025-12-18 17:36:09,032 | INFO | [滚动重要性] 进度: RandomForest-H1 窗口 36/37 | window_end=2025-09-18
2025-12-18 17:36:25,435 | INFO | [滚动重要性] 进度: RandomForest-H1 窗口 37/37 | window_end=2025-10-17
2025-12-18 17:36:40,344 | INFO | [滚动重要性] 完成: model=RandomForest | H=1 | 用时 636.8s
2025-12-18 17:36:41,376 | INFO | [滚动重要性] 开始: model=RandomForest | H=5 | windows=37 | window=252 | step=21 | sample_n=500 | repeats=3
2025-12-18 17:36:41,377 | INFO | [滚动重要性] 进度: RandomForest-H5 窗口 1/37 | window_end=2022-11-15
2025-12-18 17:36:47,026 | INFO | [滚动重要性] 进度: RandomForest-H5 窗口 2/37 | window_end=2022-12-14
2025-12-18 17:36:53,098 | INFO | [滚动重要性] 进度: RandomForest-H5 窗口 3/37 | window_end=2023-01-16
2025-12-18 17:37:00,948 | INFO | [滚动重要性] 进度: RandomForest-H5 窗口 4/37 | window_end=2023-02-14
2025-12-18 17:37:08,559 | INFO | [滚动重要性] 进度: RandomForest-H5 窗口 5/37 | window_end=2023-03-15
2025-12-18 17:37:16,909 | INFO | [滚动重要性] 进度: RandomForest-H5 窗口 6/37 | window_end=2023-04-13
2025-12-18 17:37:25,085 | INFO | [滚动重要性] 进度: RandomForest-H5 窗口 7/37 | window_end=2023-05-12
2025-12-18 17:37:33,089 | INFO | [滚动重要性] 进度: RandomForest-H5 窗口 8/37 | window_end=2023-06-12
2025-12-18 17:37:41,322 | INFO | [滚动重要性] 进度: RandomForest-H5 窗口 9/37 | window_end=2023-07-11
2025-12-18 17:37:49,108 | INFO | [滚动重要性] 进度: RandomForest-H5 窗口 10/37 | window_end=2023-08-09
2025-12-18 17:37:56,908 | INFO | [滚动重要性] 进度: RandomForest-H5 窗口 11/37 | window_end=2023-09-07
2025-12-18 17:38:04,906 | INFO | [滚动重要性] 进度: RandomForest-H5 窗口 12/37 | window_end=2023-10-06
2025-12-18 17:38:12,724 | INFO | [滚动重要性] 进度: RandomForest-H5 窗口 13/37 | window_end=2023-11-06
2025-12-18 17:38:20,547 | INFO | [滚动重要性] 进度: RandomForest-H5 窗口 14/37 | window_end=2023-12-05
2025-12-18 17:38:28,679 | INFO | [滚动重要性] 进度: RandomForest-H5 窗口 15/37 | window_end=2024-01-05
2025-12-18 17:38:36,603 | INFO | [滚动重要性] 进度: RandomForest-H5 窗口 16/37 | window_end=2024-02-05
2025-12-18 17:38:44,567 | INFO | [滚动重要性] 进度: RandomForest-H5 窗口 17/37 | window_end=2024-03-05
2025-12-18 17:38:52,704 | INFO | [滚动重要性] 进度: RandomForest-H5 窗口 18/37 | window_end=2024-04-03
2025-12-18 17:39:00,693 | INFO | [滚动重要性] 进度: RandomForest-H5 窗口 19/37 | window_end=2024-05-02
2025-12-18 17:39:08,596 | INFO | [滚动重要性] 进度: RandomForest-H5 窗口 20/37 | window_end=2024-05-31
2025-12-18 17:39:16,687 | INFO | [滚动重要性] 进度: RandomForest-H5 窗口 21/37 | window_end=2024-07-01
2025-12-18 17:39:24,787 | INFO | [滚动重要性] 进度: RandomForest-H5 窗口 22/37 | window_end=2024-07-30
2025-12-18 17:39:32,825 | INFO | [滚动重要性] 进度: RandomForest-H5 窗口 23/37 | window_end=2024-08-28
2025-12-18 17:39:40,772 | INFO | [滚动重要性] 进度: RandomForest-H5 窗口 24/37 | window_end=2024-09-26
2025-12-18 17:39:48,699 | INFO | [滚动重要性] 进度: RandomForest-H5 窗口 25/37 | window_end=2024-10-25
2025-12-18 17:39:55,149 | INFO | [滚动重要性] 进度: RandomForest-H5 窗口 26/37 | window_end=2024-11-25
2025-12-18 17:40:00,976 | INFO | [滚动重要性] 进度: RandomForest-H5 窗口 27/37 | window_end=2024-12-24
2025-12-18 17:40:06,736 | INFO | [滚动重要性] 进度: RandomForest-H5 窗口 28/37 | window_end=2025-01-24
2025-12-18 17:40:12,643 | INFO | [滚动重要性] 进度: RandomForest-H5 窗口 29/37 | window_end=2025-02-24
2025-12-18 17:40:18,393 | INFO | [滚动重要性] 进度: RandomForest-H5 窗口 30/37 | window_end=2025-03-25
2025-12-18 17:40:24,168 | INFO | [滚动重要性] 进度: RandomForest-H5 窗口 31/37 | window_end=2025-04-24
2025-12-18 17:40:30,080 | INFO | [滚动重要性] 进度: RandomForest-H5 窗口 32/37 | window_end=2025-05-23
2025-12-18 17:40:35,860 | INFO | [滚动重要性] 进度: RandomForest-H5 窗口 33/37 | window_end=2025-06-23
2025-12-18 17:40:41,663 | INFO | [滚动重要性] 进度: RandomForest-H5 窗口 34/37 | window_end=2025-07-22
2025-12-18 17:40:47,606 | INFO | [滚动重要性] 进度: RandomForest-H5 窗口 35/37 | window_end=2025-08-20
2025-12-18 17:40:53,386 | INFO | [滚动重要性] 进度: RandomForest-H5 窗口 36/37 | window_end=2025-09-18
2025-12-18 17:40:59,261 | INFO | [滚动重要性] 进度: RandomForest-H5 窗口 37/37 | window_end=2025-10-17
2025-12-18 17:41:05,190 | INFO | [滚动重要性] 完成: model=RandomForest | H=5 | 用时 263.8s
2025-12-18 17:41:05,892 | INFO | [滚动重要性] 开始: model=RandomForest | H=10 | windows=37 | window=252 | step=21 | sample_n=500 | repeats=3
2025-12-18 17:41:05,893 | INFO | [滚动重要性] 进度: RandomForest-H10 窗口 1/37 | window_end=2022-11-15
2025-12-18 17:41:11,763 | INFO | [滚动重要性] 进度: RandomForest-H10 窗口 2/37 | window_end=2022-12-14
2025-12-18 17:41:17,646 | INFO | [滚动重要性] 进度: RandomForest-H10 窗口 3/37 | window_end=2023-01-16
2025-12-18 17:41:23,485 | INFO | [滚动重要性] 进度: RandomForest-H10 窗口 4/37 | window_end=2023-02-14
2025-12-18 17:41:29,503 | INFO | [滚动重要性] 进度: RandomForest-H10 窗口 5/37 | window_end=2023-03-15
2025-12-18 17:41:35,367 | INFO | [滚动重要性] 进度: RandomForest-H10 窗口 6/37 | window_end=2023-04-13
2025-12-18 17:41:41,173 | INFO | [滚动重要性] 进度: RandomForest-H10 窗口 7/37 | window_end=2023-05-12
2025-12-18 17:41:47,219 | INFO | [滚动重要性] 进度: RandomForest-H10 窗口 8/37 | window_end=2023-06-12
2025-12-18 17:41:53,136 | INFO | [滚动重要性] 进度: RandomForest-H10 窗口 9/37 | window_end=2023-07-11
2025-12-18 17:41:59,010 | INFO | [滚动重要性] 进度: RandomForest-H10 窗口 10/37 | window_end=2023-08-09
2025-12-18 17:42:05,000 | INFO | [滚动重要性] 进度: RandomForest-H10 窗口 11/37 | window_end=2023-09-07
2025-12-18 17:42:10,864 | INFO | [滚动重要性] 进度: RandomForest-H10 窗口 12/37 | window_end=2023-10-06
2025-12-18 17:42:16,738 | INFO | [滚动重要性] 进度: RandomForest-H10 窗口 13/37 | window_end=2023-11-06
2025-12-18 17:42:22,733 | INFO | [滚动重要性] 进度: RandomForest-H10 窗口 14/37 | window_end=2023-12-05
2025-12-18 17:42:28,636 | INFO | [滚动重要性] 进度: RandomForest-H10 窗口 15/37 | window_end=2024-01-05
2025-12-18 17:42:34,494 | INFO | [滚动重要性] 进度: RandomForest-H10 窗口 16/37 | window_end=2024-02-05
2025-12-18 17:42:40,514 | INFO | [滚动重要性] 进度: RandomForest-H10 窗口 17/37 | window_end=2024-03-05
2025-12-18 17:42:46,364 | INFO | [滚动重要性] 进度: RandomForest-H10 窗口 18/37 | window_end=2024-04-03
2025-12-18 17:42:52,382 | INFO | [滚动重要性] 进度: RandomForest-H10 窗口 19/37 | window_end=2024-05-02
2025-12-18 17:42:58,220 | INFO | [滚动重要性] 进度: RandomForest-H10 窗口 20/37 | window_end=2024-05-31
2025-12-18 17:43:04,124 | INFO | [滚动重要性] 进度: RandomForest-H10 窗口 21/37 | window_end=2024-07-01
2025-12-18 17:43:10,224 | INFO | [滚动重要性] 进度: RandomForest-H10 窗口 22/37 | window_end=2024-07-30
2025-12-18 17:43:16,099 | INFO | [滚动重要性] 进度: RandomForest-H10 窗口 23/37 | window_end=2024-08-28
2025-12-18 17:43:21,964 | INFO | [滚动重要性] 进度: RandomForest-H10 窗口 24/37 | window_end=2024-09-26
2025-12-18 17:43:28,041 | INFO | [滚动重要性] 进度: RandomForest-H10 窗口 25/37 | window_end=2024-10-25
2025-12-18 17:43:33,944 | INFO | [滚动重要性] 进度: RandomForest-H10 窗口 26/37 | window_end=2024-11-25
2025-12-18 17:43:39,873 | INFO | [滚动重要性] 进度: RandomForest-H10 窗口 27/37 | window_end=2024-12-24
2025-12-18 17:43:45,874 | INFO | [滚动重要性] 进度: RandomForest-H10 窗口 28/37 | window_end=2025-01-24
2025-12-18 17:43:51,766 | INFO | [滚动重要性] 进度: RandomForest-H10 窗口 29/37 | window_end=2025-02-24
2025-12-18 17:43:57,786 | INFO | [滚动重要性] 进度: RandomForest-H10 窗口 30/37 | window_end=2025-03-25
2025-12-18 17:44:04,114 | INFO | [滚动重要性] 进度: RandomForest-H10 窗口 31/37 | window_end=2025-04-24
2025-12-18 17:44:10,992 | INFO | [滚动重要性] 进度: RandomForest-H10 窗口 32/37 | window_end=2025-05-23
2025-12-18 17:44:16,843 | INFO | [滚动重要性] 进度: RandomForest-H10 窗口 33/37 | window_end=2025-06-23
2025-12-18 17:44:22,976 | INFO | [滚动重要性] 进度: RandomForest-H10 窗口 34/37 | window_end=2025-07-22
2025-12-18 17:44:28,938 | INFO | [滚动重要性] 进度: RandomForest-H10 窗口 35/37 | window_end=2025-08-20
2025-12-18 17:44:34,922 | INFO | [滚动重要性] 进度: RandomForest-H10 窗口 36/37 | window_end=2025-09-18
2025-12-18 17:44:40,885 | INFO | [滚动重要性] 进度: RandomForest-H10 窗口 37/37 | window_end=2025-10-17
2025-12-18 17:44:46,852 | INFO | [滚动重要性] 完成: model=RandomForest | H=10 | 用时 221.0s
2025-12-18 17:44:47,860 | INFO | [滚动重要性] 开始: model=RandomForest | H=20 | windows=37 | window=252 | step=21 | sample_n=500 | repeats=3
2025-12-18 17:44:47,860 | INFO | [滚动重要性] 进度: RandomForest-H20 窗口 1/37 | window_end=2022-11-15
2025-12-18 17:44:53,569 | INFO | [滚动重要性] 进度: RandomForest-H20 窗口 2/37 | window_end=2022-12-14
2025-12-18 17:44:59,609 | INFO | [滚动重要性] 进度: RandomForest-H20 窗口 3/37 | window_end=2023-01-16
2025-12-18 17:45:05,479 | INFO | [滚动重要性] 进度: RandomForest-H20 窗口 4/37 | window_end=2023-02-14
2025-12-18 17:45:11,320 | INFO | [滚动重要性] 进度: RandomForest-H20 窗口 5/37 | window_end=2023-03-15
2025-12-18 17:45:17,366 | INFO | [滚动重要性] 进度: RandomForest-H20 窗口 6/37 | window_end=2023-04-13
2025-12-18 17:45:23,191 | INFO | [滚动重要性] 进度: RandomForest-H20 窗口 7/37 | window_end=2023-05-12
2025-12-18 17:45:29,074 | INFO | [滚动重要性] 进度: RandomForest-H20 窗口 8/37 | window_end=2023-06-12
2025-12-18 17:45:35,173 | INFO | [滚动重要性] 进度: RandomForest-H20 窗口 9/37 | window_end=2023-07-11
2025-12-18 17:45:41,245 | INFO | [滚动重要性] 进度: RandomForest-H20 窗口 10/37 | window_end=2023-08-09
2025-12-18 17:45:47,198 | INFO | [滚动重要性] 进度: RandomForest-H20 窗口 11/37 | window_end=2023-09-07
2025-12-18 17:45:53,278 | INFO | [滚动重要性] 进度: RandomForest-H20 窗口 12/37 | window_end=2023-10-06
2025-12-18 17:45:59,129 | INFO | [滚动重要性] 进度: RandomForest-H20 窗口 13/37 | window_end=2023-11-06
2025-12-18 17:46:05,017 | INFO | [滚动重要性] 进度: RandomForest-H20 窗口 14/37 | window_end=2023-12-05
2025-12-18 17:46:11,061 | INFO | [滚动重要性] 进度: RandomForest-H20 窗口 15/37 | window_end=2024-01-05
2025-12-18 17:46:16,942 | INFO | [滚动重要性] 进度: RandomForest-H20 窗口 16/37 | window_end=2024-02-05
2025-12-18 17:46:22,816 | INFO | [滚动重要性] 进度: RandomForest-H20 窗口 17/37 | window_end=2024-03-05
2025-12-18 17:46:28,824 | INFO | [滚动重要性] 进度: RandomForest-H20 窗口 18/37 | window_end=2024-04-03
2025-12-18 17:46:34,792 | INFO | [滚动重要性] 进度: RandomForest-H20 窗口 19/37 | window_end=2024-05-02
2025-12-18 17:46:40,652 | INFO | [滚动重要性] 进度: RandomForest-H20 窗口 20/37 | window_end=2024-05-31
2025-12-18 17:46:46,669 | INFO | [滚动重要性] 进度: RandomForest-H20 窗口 21/37 | window_end=2024-07-01
2025-12-18 17:46:52,578 | INFO | [滚动重要性] 进度: RandomForest-H20 窗口 22/37 | window_end=2024-07-30
2025-12-18 17:46:58,478 | INFO | [滚动重要性] 进度: RandomForest-H20 窗口 23/37 | window_end=2024-08-28
2025-12-18 17:47:04,488 | INFO | [滚动重要性] 进度: RandomForest-H20 窗口 24/37 | window_end=2024-09-26
2025-12-18 17:47:10,402 | INFO | [滚动重要性] 进度: RandomForest-H20 窗口 25/37 | window_end=2024-10-25
2025-12-18 17:47:16,293 | INFO | [滚动重要性] 进度: RandomForest-H20 窗口 26/37 | window_end=2024-11-25
2025-12-18 17:47:22,361 | INFO | [滚动重要性] 进度: RandomForest-H20 窗口 27/37 | window_end=2024-12-24
2025-12-18 17:47:28,229 | INFO | [滚动重要性] 进度: RandomForest-H20 窗口 28/37 | window_end=2025-01-24
2025-12-18 17:47:34,123 | INFO | [滚动重要性] 进度: RandomForest-H20 窗口 29/37 | window_end=2025-02-24
2025-12-18 17:47:40,220 | INFO | [滚动重要性] 进度: RandomForest-H20 窗口 30/37 | window_end=2025-03-25
2025-12-18 17:47:46,117 | INFO | [滚动重要性] 进度: RandomForest-H20 窗口 31/37 | window_end=2025-04-24
2025-12-18 17:47:52,017 | INFO | [滚动重要性] 进度: RandomForest-H20 窗口 32/37 | window_end=2025-05-23
2025-12-18 17:47:58,040 | INFO | [滚动重要性] 进度: RandomForest-H20 窗口 33/37 | window_end=2025-06-23
2025-12-18 17:48:03,954 | INFO | [滚动重要性] 进度: RandomForest-H20 窗口 34/37 | window_end=2025-07-22
2025-12-18 17:48:09,874 | INFO | [滚动重要性] 进度: RandomForest-H20 窗口 35/37 | window_end=2025-08-20
2025-12-18 17:48:15,907 | INFO | [滚动重要性] 进度: RandomForest-H20 窗口 36/37 | window_end=2025-09-18
2025-12-18 17:48:21,809 | INFO | [滚动重要性] 进度: RandomForest-H20 窗口 37/37 | window_end=2025-10-17
2025-12-18 17:48:27,720 | INFO | [滚动重要性] 完成: model=RandomForest | H=20 | 用时 219.9s
2025-12-18 17:48:28,565 | INFO | [滚动重要性] 开始: model=Ridge | H=1 | windows=37 | window=252 | step=21 | sample_n=500 | repeats=3
2025-12-18 17:48:28,565 | INFO | [滚动重要性] 进度: Ridge-H1 窗口 1/37 | window_end=2022-11-15
2025-12-18 17:48:28,602 | INFO | [滚动重要性] 进度: Ridge-H1 窗口 2/37 | window_end=2022-12-14
2025-12-18 17:48:28,631 | INFO | [滚动重要性] 进度: Ridge-H1 窗口 3/37 | window_end=2023-01-16
2025-12-18 17:48:28,659 | INFO | [滚动重要性] 进度: Ridge-H1 窗口 4/37 | window_end=2023-02-14
2025-12-18 17:48:28,691 | INFO | [滚动重要性] 进度: Ridge-H1 窗口 5/37 | window_end=2023-03-15
2025-12-18 17:48:28,724 | INFO | [滚动重要性] 进度: Ridge-H1 窗口 6/37 | window_end=2023-04-13
2025-12-18 17:48:28,756 | INFO | [滚动重要性] 进度: Ridge-H1 窗口 7/37 | window_end=2023-05-12
2025-12-18 17:48:28,789 | INFO | [滚动重要性] 进度: Ridge-H1 窗口 8/37 | window_end=2023-06-12
2025-12-18 17:48:28,818 | INFO | [滚动重要性] 进度: Ridge-H1 窗口 9/37 | window_end=2023-07-11
2025-12-18 17:48:28,842 | INFO | [滚动重要性] 进度: Ridge-H1 窗口 10/37 | window_end=2023-08-09
2025-12-18 17:48:28,864 | INFO | [滚动重要性] 进度: Ridge-H1 窗口 11/37 | window_end=2023-09-07
2025-12-18 17:48:28,887 | INFO | [滚动重要性] 进度: Ridge-H1 窗口 12/37 | window_end=2023-10-06
2025-12-18 17:48:28,908 | INFO | [滚动重要性] 进度: Ridge-H1 窗口 13/37 | window_end=2023-11-06
2025-12-18 17:48:28,929 | INFO | [滚动重要性] 进度: Ridge-H1 窗口 14/37 | window_end=2023-12-05
2025-12-18 17:48:28,953 | INFO | [滚动重要性] 进度: Ridge-H1 窗口 15/37 | window_end=2024-01-05
2025-12-18 17:48:28,975 | INFO | [滚动重要性] 进度: Ridge-H1 窗口 16/37 | window_end=2024-02-05
2025-12-18 17:48:28,996 | INFO | [滚动重要性] 进度: Ridge-H1 窗口 17/37 | window_end=2024-03-05
2025-12-18 17:48:29,018 | INFO | [滚动重要性] 进度: Ridge-H1 窗口 18/37 | window_end=2024-04-03
2025-12-18 17:48:29,041 | INFO | [滚动重要性] 进度: Ridge-H1 窗口 19/37 | window_end=2024-05-02
2025-12-18 17:48:29,062 | INFO | [滚动重要性] 进度: Ridge-H1 窗口 20/37 | window_end=2024-05-31
2025-12-18 17:48:29,082 | INFO | [滚动重要性] 进度: Ridge-H1 窗口 21/37 | window_end=2024-07-01
2025-12-18 17:48:29,104 | INFO | [滚动重要性] 进度: Ridge-H1 窗口 22/37 | window_end=2024-07-30
2025-12-18 17:48:29,127 | INFO | [滚动重要性] 进度: Ridge-H1 窗口 23/37 | window_end=2024-08-28
2025-12-18 17:48:29,150 | INFO | [滚动重要性] 进度: Ridge-H1 窗口 24/37 | window_end=2024-09-26
2025-12-18 17:48:29,172 | INFO | [滚动重要性] 进度: Ridge-H1 窗口 25/37 | window_end=2024-10-25
2025-12-18 17:48:29,194 | INFO | [滚动重要性] 进度: Ridge-H1 窗口 26/37 | window_end=2024-11-25
2025-12-18 17:48:29,215 | INFO | [滚动重要性] 进度: Ridge-H1 窗口 27/37 | window_end=2024-12-24
2025-12-18 17:48:29,237 | INFO | [滚动重要性] 进度: Ridge-H1 窗口 28/37 | window_end=2025-01-24
2025-12-18 17:48:29,259 | INFO | [滚动重要性] 进度: Ridge-H1 窗口 29/37 | window_end=2025-02-24
2025-12-18 17:48:29,280 | INFO | [滚动重要性] 进度: Ridge-H1 窗口 30/37 | window_end=2025-03-25
2025-12-18 17:48:29,301 | INFO | [滚动重要性] 进度: Ridge-H1 窗口 31/37 | window_end=2025-04-24
2025-12-18 17:48:29,324 | INFO | [滚动重要性] 进度: Ridge-H1 窗口 32/37 | window_end=2025-05-23
2025-12-18 17:48:29,346 | INFO | [滚动重要性] 进度: Ridge-H1 窗口 33/37 | window_end=2025-06-23
2025-12-18 17:48:29,370 | INFO | [滚动重要性] 进度: Ridge-H1 窗口 34/37 | window_end=2025-07-22
2025-12-18 17:48:29,394 | INFO | [滚动重要性] 进度: Ridge-H1 窗口 35/37 | window_end=2025-08-20
2025-12-18 17:48:29,418 | INFO | [滚动重要性] 进度: Ridge-H1 窗口 36/37 | window_end=2025-09-18
2025-12-18 17:48:29,443 | INFO | [滚动重要性] 进度: Ridge-H1 窗口 37/37 | window_end=2025-10-17
2025-12-18 17:48:29,468 | INFO | [滚动重要性] 完成: model=Ridge | H=1 | 用时 0.9s
2025-12-18 17:48:30,241 | INFO | [滚动重要性] 开始: model=Ridge | H=5 | windows=37 | window=252 | step=21 | sample_n=500 | repeats=3
2025-12-18 17:48:30,242 | INFO | [滚动重要性] 进度: Ridge-H5 窗口 1/37 | window_end=2022-11-15
2025-12-18 17:48:30,266 | INFO | [滚动重要性] 进度: Ridge-H5 窗口 2/37 | window_end=2022-12-14
2025-12-18 17:48:30,288 | INFO | [滚动重要性] 进度: Ridge-H5 窗口 3/37 | window_end=2023-01-16
2025-12-18 17:48:30,310 | INFO | [滚动重要性] 进度: Ridge-H5 窗口 4/37 | window_end=2023-02-14
2025-12-18 17:48:30,331 | INFO | [滚动重要性] 进度: Ridge-H5 窗口 5/37 | window_end=2023-03-15
2025-12-18 17:48:30,354 | INFO | [滚动重要性] 进度: Ridge-H5 窗口 6/37 | window_end=2023-04-13
2025-12-18 17:48:30,374 | INFO | [滚动重要性] 进度: Ridge-H5 窗口 7/37 | window_end=2023-05-12
2025-12-18 17:48:30,395 | INFO | [滚动重要性] 进度: Ridge-H5 窗口 8/37 | window_end=2023-06-12
2025-12-18 17:48:30,419 | INFO | [滚动重要性] 进度: Ridge-H5 窗口 9/37 | window_end=2023-07-11
2025-12-18 17:48:30,440 | INFO | [滚动重要性] 进度: Ridge-H5 窗口 10/37 | window_end=2023-08-09
2025-12-18 17:48:30,462 | INFO | [滚动重要性] 进度: Ridge-H5 窗口 11/37 | window_end=2023-09-07
2025-12-18 17:48:30,495 | INFO | [滚动重要性] 进度: Ridge-H5 窗口 12/37 | window_end=2023-10-06
2025-12-18 17:48:30,531 | INFO | [滚动重要性] 进度: Ridge-H5 窗口 13/37 | window_end=2023-11-06
2025-12-18 17:48:30,567 | INFO | [滚动重要性] 进度: Ridge-H5 窗口 14/37 | window_end=2023-12-05
2025-12-18 17:48:30,604 | INFO | [滚动重要性] 进度: Ridge-H5 窗口 15/37 | window_end=2024-01-05
2025-12-18 17:48:30,644 | INFO | [滚动重要性] 进度: Ridge-H5 窗口 16/37 | window_end=2024-02-05
2025-12-18 17:48:30,679 | INFO | [滚动重要性] 进度: Ridge-H5 窗口 17/37 | window_end=2024-03-05
2025-12-18 17:48:30,714 | INFO | [滚动重要性] 进度: Ridge-H5 窗口 18/37 | window_end=2024-04-03
2025-12-18 17:48:30,748 | INFO | [滚动重要性] 进度: Ridge-H5 窗口 19/37 | window_end=2024-05-02
2025-12-18 17:48:30,784 | INFO | [滚动重要性] 进度: Ridge-H5 窗口 20/37 | window_end=2024-05-31
2025-12-18 17:48:30,812 | INFO | [滚动重要性] 进度: Ridge-H5 窗口 21/37 | window_end=2024-07-01
2025-12-18 17:48:30,836 | INFO | [滚动重要性] 进度: Ridge-H5 窗口 22/37 | window_end=2024-07-30
2025-12-18 17:48:30,857 | INFO | [滚动重要性] 进度: Ridge-H5 窗口 23/37 | window_end=2024-08-28
2025-12-18 17:48:30,879 | INFO | [滚动重要性] 进度: Ridge-H5 窗口 24/37 | window_end=2024-09-26
2025-12-18 17:48:30,902 | INFO | [滚动重要性] 进度: Ridge-H5 窗口 25/37 | window_end=2024-10-25
2025-12-18 17:48:30,924 | INFO | [滚动重要性] 进度: Ridge-H5 窗口 26/37 | window_end=2024-11-25
2025-12-18 17:48:30,946 | INFO | [滚动重要性] 进度: Ridge-H5 窗口 27/37 | window_end=2024-12-24
2025-12-18 17:48:30,971 | INFO | [滚动重要性] 进度: Ridge-H5 窗口 28/37 | window_end=2025-01-24
2025-12-18 17:48:30,992 | INFO | [滚动重要性] 进度: Ridge-H5 窗口 29/37 | window_end=2025-02-24
2025-12-18 17:48:31,015 | INFO | [滚动重要性] 进度: Ridge-H5 窗口 30/37 | window_end=2025-03-25
2025-12-18 17:48:31,040 | INFO | [滚动重要性] 进度: Ridge-H5 窗口 31/37 | window_end=2025-04-24
2025-12-18 17:48:31,061 | INFO | [滚动重要性] 进度: Ridge-H5 窗口 32/37 | window_end=2025-05-23
2025-12-18 17:48:31,083 | INFO | [滚动重要性] 进度: Ridge-H5 窗口 33/37 | window_end=2025-06-23
2025-12-18 17:48:31,105 | INFO | [滚动重要性] 进度: Ridge-H5 窗口 34/37 | window_end=2025-07-22
2025-12-18 17:48:31,127 | INFO | [滚动重要性] 进度: Ridge-H5 窗口 35/37 | window_end=2025-08-20
2025-12-18 17:48:31,148 | INFO | [滚动重要性] 进度: Ridge-H5 窗口 36/37 | window_end=2025-09-18
2025-12-18 17:48:31,171 | INFO | [滚动重要性] 进度: Ridge-H5 窗口 37/37 | window_end=2025-10-17
2025-12-18 17:48:31,193 | INFO | [滚动重要性] 完成: model=Ridge | H=5 | 用时 1.0s
2025-12-18 17:48:32,092 | INFO | [滚动重要性] 开始: model=Ridge | H=10 | windows=37 | window=252 | step=21 | sample_n=500 | repeats=3
2025-12-18 17:48:32,092 | INFO | [滚动重要性] 进度: Ridge-H10 窗口 1/37 | window_end=2022-11-15
2025-12-18 17:48:32,116 | INFO | [滚动重要性] 进度: Ridge-H10 窗口 2/37 | window_end=2022-12-14
2025-12-18 17:48:32,139 | INFO | [滚动重要性] 进度: Ridge-H10 窗口 3/37 | window_end=2023-01-16
2025-12-18 17:48:32,160 | INFO | [滚动重要性] 进度: Ridge-H10 窗口 4/37 | window_end=2023-02-14
2025-12-18 17:48:32,183 | INFO | [滚动重要性] 进度: Ridge-H10 窗口 5/37 | window_end=2023-03-15
2025-12-18 17:48:32,205 | INFO | [滚动重要性] 进度: Ridge-H10 窗口 6/37 | window_end=2023-04-13
2025-12-18 17:48:32,225 | INFO | [滚动重要性] 进度: Ridge-H10 窗口 7/37 | window_end=2023-05-12
2025-12-18 17:48:32,247 | INFO | [滚动重要性] 进度: Ridge-H10 窗口 8/37 | window_end=2023-06-12
2025-12-18 17:48:32,269 | INFO | [滚动重要性] 进度: Ridge-H10 窗口 9/37 | window_end=2023-07-11
2025-12-18 17:48:32,289 | INFO | [滚动重要性] 进度: Ridge-H10 窗口 10/37 | window_end=2023-08-09
2025-12-18 17:48:32,310 | INFO | [滚动重要性] 进度: Ridge-H10 窗口 11/37 | window_end=2023-09-07
2025-12-18 17:48:32,331 | INFO | [滚动重要性] 进度: Ridge-H10 窗口 12/37 | window_end=2023-10-06
2025-12-18 17:48:32,354 | INFO | [滚动重要性] 进度: Ridge-H10 窗口 13/37 | window_end=2023-11-06
2025-12-18 17:48:32,375 | INFO | [滚动重要性] 进度: Ridge-H10 窗口 14/37 | window_end=2023-12-05
2025-12-18 17:48:32,396 | INFO | [滚动重要性] 进度: Ridge-H10 窗口 15/37 | window_end=2024-01-05
2025-12-18 17:48:32,419 | INFO | [滚动重要性] 进度: Ridge-H10 窗口 16/37 | window_end=2024-02-05
2025-12-18 17:48:32,440 | INFO | [滚动重要性] 进度: Ridge-H10 窗口 17/37 | window_end=2024-03-05
2025-12-18 17:48:32,461 | INFO | [滚动重要性] 进度: Ridge-H10 窗口 18/37 | window_end=2024-04-03
2025-12-18 17:48:32,483 | INFO | [滚动重要性] 进度: Ridge-H10 窗口 19/37 | window_end=2024-05-02
2025-12-18 17:48:32,505 | INFO | [滚动重要性] 进度: Ridge-H10 窗口 20/37 | window_end=2024-05-31
2025-12-18 17:48:32,526 | INFO | [滚动重要性] 进度: Ridge-H10 窗口 21/37 | window_end=2024-07-01
2025-12-18 17:48:32,547 | INFO | [滚动重要性] 进度: Ridge-H10 窗口 22/37 | window_end=2024-07-30
2025-12-18 17:48:32,570 | INFO | [滚动重要性] 进度: Ridge-H10 窗口 23/37 | window_end=2024-08-28
2025-12-18 17:48:32,591 | INFO | [滚动重要性] 进度: Ridge-H10 窗口 24/37 | window_end=2024-09-26
2025-12-18 17:48:32,612 | INFO | [滚动重要性] 进度: Ridge-H10 窗口 25/37 | window_end=2024-10-25
2025-12-18 17:48:32,633 | INFO | [滚动重要性] 进度: Ridge-H10 窗口 26/37 | window_end=2024-11-25
2025-12-18 17:48:32,656 | INFO | [滚动重要性] 进度: Ridge-H10 窗口 27/37 | window_end=2024-12-24
2025-12-18 17:48:32,680 | INFO | [滚动重要性] 进度: Ridge-H10 窗口 28/37 | window_end=2025-01-24
2025-12-18 17:48:32,702 | INFO | [滚动重要性] 进度: Ridge-H10 窗口 29/37 | window_end=2025-02-24
2025-12-18 17:48:32,723 | INFO | [滚动重要性] 进度: Ridge-H10 窗口 30/37 | window_end=2025-03-25
2025-12-18 17:48:32,745 | INFO | [滚动重要性] 进度: Ridge-H10 窗口 31/37 | window_end=2025-04-24
2025-12-18 17:48:32,766 | INFO | [滚动重要性] 进度: Ridge-H10 窗口 32/37 | window_end=2025-05-23
2025-12-18 17:48:32,790 | INFO | [滚动重要性] 进度: Ridge-H10 窗口 33/37 | window_end=2025-06-23
2025-12-18 17:48:32,812 | INFO | [滚动重要性] 进度: Ridge-H10 窗口 34/37 | window_end=2025-07-22
2025-12-18 17:48:32,836 | INFO | [滚动重要性] 进度: Ridge-H10 窗口 35/37 | window_end=2025-08-20
2025-12-18 17:48:32,858 | INFO | [滚动重要性] 进度: Ridge-H10 窗口 36/37 | window_end=2025-09-18
2025-12-18 17:48:32,881 | INFO | [滚动重要性] 进度: Ridge-H10 窗口 37/37 | window_end=2025-10-17
2025-12-18 17:48:32,904 | INFO | [滚动重要性] 完成: model=Ridge | H=10 | 用时 0.8s
2025-12-18 17:48:33,527 | INFO | [滚动重要性] 开始: model=Ridge | H=20 | windows=37 | window=252 | step=21 | sample_n=500 | repeats=3
2025-12-18 17:48:33,527 | INFO | [滚动重要性] 进度: Ridge-H20 窗口 1/37 | window_end=2022-11-15
2025-12-18 17:48:33,550 | INFO | [滚动重要性] 进度: Ridge-H20 窗口 2/37 | window_end=2022-12-14
2025-12-18 17:48:33,571 | INFO | [滚动重要性] 进度: Ridge-H20 窗口 3/37 | window_end=2023-01-16
2025-12-18 17:48:33,592 | INFO | [滚动重要性] 进度: Ridge-H20 窗口 4/37 | window_end=2023-02-14
2025-12-18 17:48:33,612 | INFO | [滚动重要性] 进度: Ridge-H20 窗口 5/37 | window_end=2023-03-15
2025-12-18 17:48:33,635 | INFO | [滚动重要性] 进度: Ridge-H20 窗口 6/37 | window_end=2023-04-13
2025-12-18 17:48:33,664 | INFO | [滚动重要性] 进度: Ridge-H20 窗口 7/37 | window_end=2023-05-12
2025-12-18 17:48:33,684 | INFO | [滚动重要性] 进度: Ridge-H20 窗口 8/37 | window_end=2023-06-12
2025-12-18 17:48:33,707 | INFO | [滚动重要性] 进度: Ridge-H20 窗口 9/37 | window_end=2023-07-11
2025-12-18 17:48:33,726 | INFO | [滚动重要性] 进度: Ridge-H20 窗口 10/37 | window_end=2023-08-09
2025-12-18 17:48:33,747 | INFO | [滚动重要性] 进度: Ridge-H20 窗口 11/37 | window_end=2023-09-07
2025-12-18 17:48:33,766 | INFO | [滚动重要性] 进度: Ridge-H20 窗口 12/37 | window_end=2023-10-06
2025-12-18 17:48:33,790 | INFO | [滚动重要性] 进度: Ridge-H20 窗口 13/37 | window_end=2023-11-06
2025-12-18 17:48:33,812 | INFO | [滚动重要性] 进度: Ridge-H20 窗口 14/37 | window_end=2023-12-05
2025-12-18 17:48:33,839 | INFO | [滚动重要性] 进度: Ridge-H20 窗口 15/37 | window_end=2024-01-05
2025-12-18 17:48:33,862 | INFO | [滚动重要性] 进度: Ridge-H20 窗口 16/37 | window_end=2024-02-05
2025-12-18 17:48:33,883 | INFO | [滚动重要性] 进度: Ridge-H20 窗口 17/37 | window_end=2024-03-05
2025-12-18 17:48:33,909 | INFO | [滚动重要性] 进度: Ridge-H20 窗口 18/37 | window_end=2024-04-03
2025-12-18 17:48:33,932 | INFO | [滚动重要性] 进度: Ridge-H20 窗口 19/37 | window_end=2024-05-02
2025-12-18 17:48:33,955 | INFO | [滚动重要性] 进度: Ridge-H20 窗口 20/37 | window_end=2024-05-31
2025-12-18 17:48:33,977 | INFO | [滚动重要性] 进度: Ridge-H20 窗口 21/37 | window_end=2024-07-01
2025-12-18 17:48:33,998 | INFO | [滚动重要性] 进度: Ridge-H20 窗口 22/37 | window_end=2024-07-30
2025-12-18 17:48:34,020 | INFO | [滚动重要性] 进度: Ridge-H20 窗口 23/37 | window_end=2024-08-28
2025-12-18 17:48:34,041 | INFO | [滚动重要性] 进度: Ridge-H20 窗口 24/37 | window_end=2024-09-26
2025-12-18 17:48:34,063 | INFO | [滚动重要性] 进度: Ridge-H20 窗口 25/37 | window_end=2024-10-25
2025-12-18 17:48:34,086 | INFO | [滚动重要性] 进度: Ridge-H20 窗口 26/37 | window_end=2024-11-25
2025-12-18 17:48:34,109 | INFO | [滚动重要性] 进度: Ridge-H20 窗口 27/37 | window_end=2024-12-24
2025-12-18 17:48:34,131 | INFO | [滚动重要性] 进度: Ridge-H20 窗口 28/37 | window_end=2025-01-24
2025-12-18 17:48:34,153 | INFO | [滚动重要性] 进度: Ridge-H20 窗口 29/37 | window_end=2025-02-24
2025-12-18 17:48:34,176 | INFO | [滚动重要性] 进度: Ridge-H20 窗口 30/37 | window_end=2025-03-25
2025-12-18 17:48:34,198 | INFO | [滚动重要性] 进度: Ridge-H20 窗口 31/37 | window_end=2025-04-24
2025-12-18 17:48:34,221 | INFO | [滚动重要性] 进度: Ridge-H20 窗口 32/37 | window_end=2025-05-23
2025-12-18 17:48:34,243 | INFO | [滚动重要性] 进度: Ridge-H20 窗口 33/37 | window_end=2025-06-23
2025-12-18 17:48:34,264 | INFO | [滚动重要性] 进度: Ridge-H20 窗口 34/37 | window_end=2025-07-22
2025-12-18 17:48:34,287 | INFO | [滚动重要性] 进度: Ridge-H20 窗口 35/37 | window_end=2025-08-20
2025-12-18 17:48:34,308 | INFO | [滚动重要性] 进度: Ridge-H20 窗口 36/37 | window_end=2025-09-18
2025-12-18 17:48:34,331 | INFO | [滚动重要性] 进度: Ridge-H20 窗口 37/37 | window_end=2025-10-17
2025-12-18 17:48:34,354 | INFO | [滚动重要性] 完成: model=Ridge | H=20 | 用时 0.8s
2025-12-18 17:48:35,208 | INFO | [滚动重要性] 开始: model=XGBoost | H=1 | windows=37 | window=252 | step=21 | sample_n=500 | repeats=3
2025-12-18 17:48:35,208 | INFO | [滚动重要性] 进度: XGBoost-H1 窗口 1/37 | window_end=2022-11-15
2025-12-18 17:48:38,104 | INFO | [滚动重要性] 进度: XGBoost-H1 窗口 2/37 | window_end=2022-12-14
2025-12-18 17:48:38,355 | INFO | [滚动重要性] 进度: XGBoost-H1 窗口 3/37 | window_end=2023-01-16
2025-12-18 17:48:38,611 | INFO | [滚动重要性] 进度: XGBoost-H1 窗口 4/37 | window_end=2023-02-14
2025-12-18 17:48:38,841 | INFO | [滚动重要性] 进度: XGBoost-H1 窗口 5/37 | window_end=2023-03-15
2025-12-18 17:48:39,057 | INFO | [滚动重要性] 进度: XGBoost-H1 窗口 6/37 | window_end=2023-04-13
2025-12-18 17:48:39,303 | INFO | [滚动重要性] 进度: XGBoost-H1 窗口 7/37 | window_end=2023-05-12
2025-12-18 17:48:39,552 | INFO | [滚动重要性] 进度: XGBoost-H1 窗口 8/37 | window_end=2023-06-12
2025-12-18 17:48:39,773 | INFO | [滚动重要性] 进度: XGBoost-H1 窗口 9/37 | window_end=2023-07-11
2025-12-18 17:48:39,989 | INFO | [滚动重要性] 进度: XGBoost-H1 窗口 10/37 | window_end=2023-08-09
2025-12-18 17:48:40,212 | INFO | [滚动重要性] 进度: XGBoost-H1 窗口 11/37 | window_end=2023-09-07
2025-12-18 17:48:40,476 | INFO | [滚动重要性] 进度: XGBoost-H1 窗口 12/37 | window_end=2023-10-06
2025-12-18 17:48:40,713 | INFO | [滚动重要性] 进度: XGBoost-H1 窗口 13/37 | window_end=2023-11-06
2025-12-18 17:48:40,930 | INFO | [滚动重要性] 进度: XGBoost-H1 窗口 14/37 | window_end=2023-12-05
2025-12-18 17:48:41,145 | INFO | [滚动重要性] 进度: XGBoost-H1 窗口 15/37 | window_end=2024-01-05
2025-12-18 17:48:41,397 | INFO | [滚动重要性] 进度: XGBoost-H1 窗口 16/37 | window_end=2024-02-05
2025-12-18 17:48:41,634 | INFO | [滚动重要性] 进度: XGBoost-H1 窗口 17/37 | window_end=2024-03-05
2025-12-18 17:48:41,851 | INFO | [滚动重要性] 进度: XGBoost-H1 窗口 18/37 | window_end=2024-04-03
2025-12-18 17:48:42,069 | INFO | [滚动重要性] 进度: XGBoost-H1 窗口 19/37 | window_end=2024-05-02
2025-12-18 17:48:42,307 | INFO | [滚动重要性] 进度: XGBoost-H1 窗口 20/37 | window_end=2024-05-31
2025-12-18 17:48:42,574 | INFO | [滚动重要性] 进度: XGBoost-H1 窗口 21/37 | window_end=2024-07-01
2025-12-18 17:48:42,810 | INFO | [滚动重要性] 进度: XGBoost-H1 窗口 22/37 | window_end=2024-07-30
2025-12-18 17:48:43,027 | INFO | [滚动重要性] 进度: XGBoost-H1 窗口 23/37 | window_end=2024-08-28
2025-12-18 17:48:43,261 | INFO | [滚动重要性] 进度: XGBoost-H1 窗口 24/37 | window_end=2024-09-26
2025-12-18 17:48:43,512 | INFO | [滚动重要性] 进度: XGBoost-H1 窗口 25/37 | window_end=2024-10-25
2025-12-18 17:48:43,731 | INFO | [滚动重要性] 进度: XGBoost-H1 窗口 26/37 | window_end=2024-11-25
2025-12-18 17:48:43,952 | INFO | [滚动重要性] 进度: XGBoost-H1 窗口 27/37 | window_end=2024-12-24
2025-12-18 17:48:44,176 | INFO | [滚动重要性] 进度: XGBoost-H1 窗口 28/37 | window_end=2025-01-24
2025-12-18 17:48:44,432 | INFO | [滚动重要性] 进度: XGBoost-H1 窗口 29/37 | window_end=2025-02-24
2025-12-18 17:48:44,723 | INFO | [滚动重要性] 进度: XGBoost-H1 窗口 30/37 | window_end=2025-03-25
2025-12-18 17:48:44,945 | INFO | [滚动重要性] 进度: XGBoost-H1 窗口 31/37 | window_end=2025-04-24
2025-12-18 17:48:45,172 | INFO | [滚动重要性] 进度: XGBoost-H1 窗口 32/37 | window_end=2025-05-23
2025-12-18 17:48:45,427 | INFO | [滚动重要性] 进度: XGBoost-H1 窗口 33/37 | window_end=2025-06-23
2025-12-18 17:48:45,665 | INFO | [滚动重要性] 进度: XGBoost-H1 窗口 34/37 | window_end=2025-07-22
2025-12-18 17:48:45,885 | INFO | [滚动重要性] 进度: XGBoost-H1 窗口 35/37 | window_end=2025-08-20
2025-12-18 17:48:46,107 | INFO | [滚动重要性] 进度: XGBoost-H1 窗口 36/37 | window_end=2025-09-18
2025-12-18 17:48:46,355 | INFO | [滚动重要性] 进度: XGBoost-H1 窗口 37/37 | window_end=2025-10-17
2025-12-18 17:48:46,625 | INFO | [滚动重要性] 完成: model=XGBoost | H=1 | 用时 11.4s
2025-12-18 17:48:47,507 | INFO | [滚动重要性] 开始: model=XGBoost | H=5 | windows=37 | window=252 | step=21 | sample_n=500 | repeats=3
2025-12-18 17:48:47,507 | INFO | [滚动重要性] 进度: XGBoost-H5 窗口 1/37 | window_end=2022-11-15
2025-12-18 17:48:47,762 | INFO | [滚动重要性] 进度: XGBoost-H5 窗口 2/37 | window_end=2022-12-14
2025-12-18 17:48:47,980 | INFO | [滚动重要性] 进度: XGBoost-H5 窗口 3/37 | window_end=2023-01-16
2025-12-18 17:48:48,208 | INFO | [滚动重要性] 进度: XGBoost-H5 窗口 4/37 | window_end=2023-02-14
2025-12-18 17:48:48,463 | INFO | [滚动重要性] 进度: XGBoost-H5 窗口 5/37 | window_end=2023-03-15
2025-12-18 17:48:48,711 | INFO | [滚动重要性] 进度: XGBoost-H5 窗口 6/37 | window_end=2023-04-13
2025-12-18 17:48:48,965 | INFO | [滚动重要性] 进度: XGBoost-H5 窗口 7/37 | window_end=2023-05-12
2025-12-18 17:48:49,219 | INFO | [滚动重要性] 进度: XGBoost-H5 窗口 8/37 | window_end=2023-06-12
2025-12-18 17:48:49,470 | INFO | [滚动重要性] 进度: XGBoost-H5 窗口 9/37 | window_end=2023-07-11
2025-12-18 17:48:49,698 | INFO | [滚动重要性] 进度: XGBoost-H5 窗口 10/37 | window_end=2023-08-09
2025-12-18 17:48:49,915 | INFO | [滚动重要性] 进度: XGBoost-H5 窗口 11/37 | window_end=2023-09-07
2025-12-18 17:48:50,128 | INFO | [滚动重要性] 进度: XGBoost-H5 窗口 12/37 | window_end=2023-10-06
2025-12-18 17:48:50,366 | INFO | [滚动重要性] 进度: XGBoost-H5 窗口 13/37 | window_end=2023-11-06
2025-12-18 17:48:50,665 | INFO | [滚动重要性] 进度: XGBoost-H5 窗口 14/37 | window_end=2023-12-05
2025-12-18 17:48:50,896 | INFO | [滚动重要性] 进度: XGBoost-H5 窗口 15/37 | window_end=2024-01-05
2025-12-18 17:48:51,116 | INFO | [滚动重要性] 进度: XGBoost-H5 窗口 16/37 | window_end=2024-02-05
2025-12-18 17:48:51,357 | INFO | [滚动重要性] 进度: XGBoost-H5 窗口 17/37 | window_end=2024-03-05
2025-12-18 17:48:51,614 | INFO | [滚动重要性] 进度: XGBoost-H5 窗口 18/37 | window_end=2024-04-03
2025-12-18 17:48:51,855 | INFO | [滚动重要性] 进度: XGBoost-H5 窗口 19/37 | window_end=2024-05-02
2025-12-18 17:48:52,074 | INFO | [滚动重要性] 进度: XGBoost-H5 窗口 20/37 | window_end=2024-05-31
2025-12-18 17:48:52,305 | INFO | [滚动重要性] 进度: XGBoost-H5 窗口 21/37 | window_end=2024-07-01
2025-12-18 17:48:52,563 | INFO | [滚动重要性] 进度: XGBoost-H5 窗口 22/37 | window_end=2024-07-30
2025-12-18 17:48:52,818 | INFO | [滚动重要性] 进度: XGBoost-H5 窗口 23/37 | window_end=2024-08-28
2025-12-18 17:48:53,037 | INFO | [滚动重要性] 进度: XGBoost-H5 窗口 24/37 | window_end=2024-09-26
2025-12-18 17:48:53,261 | INFO | [滚动重要性] 进度: XGBoost-H5 窗口 25/37 | window_end=2024-10-25
2025-12-18 17:48:53,517 | INFO | [滚动重要性] 进度: XGBoost-H5 窗口 26/37 | window_end=2024-11-25
2025-12-18 17:48:53,751 | INFO | [滚动重要性] 进度: XGBoost-H5 窗口 27/37 | window_end=2024-12-24
2025-12-18 17:48:53,978 | INFO | [滚动重要性] 进度: XGBoost-H5 窗口 28/37 | window_end=2025-01-24
2025-12-18 17:48:54,200 | INFO | [滚动重要性] 进度: XGBoost-H5 窗口 29/37 | window_end=2025-02-24
2025-12-18 17:48:54,468 | INFO | [滚动重要性] 进度: XGBoost-H5 窗口 30/37 | window_end=2025-03-25
2025-12-18 17:48:54,747 | INFO | [滚动重要性] 进度: XGBoost-H5 窗口 31/37 | window_end=2025-04-24
2025-12-18 17:48:54,973 | INFO | [滚动重要性] 进度: XGBoost-H5 窗口 32/37 | window_end=2025-05-23
2025-12-18 17:48:55,194 | INFO | [滚动重要性] 进度: XGBoost-H5 窗口 33/37 | window_end=2025-06-23
2025-12-18 17:48:55,448 | INFO | [滚动重要性] 进度: XGBoost-H5 窗口 34/37 | window_end=2025-07-22
2025-12-18 17:48:55,699 | INFO | [滚动重要性] 进度: XGBoost-H5 窗口 35/37 | window_end=2025-08-20
2025-12-18 17:48:55,923 | INFO | [滚动重要性] 进度: XGBoost-H5 窗口 36/37 | window_end=2025-09-18
2025-12-18 17:48:56,146 | INFO | [滚动重要性] 进度: XGBoost-H5 窗口 37/37 | window_end=2025-10-17
2025-12-18 17:48:56,390 | INFO | [滚动重要性] 完成: model=XGBoost | H=5 | 用时 8.9s
2025-12-18 17:48:57,266 | INFO | [滚动重要性] 开始: model=XGBoost | H=10 | windows=37 | window=252 | step=21 | sample_n=500 | repeats=3
2025-12-18 17:48:57,267 | INFO | [滚动重要性] 进度: XGBoost-H10 窗口 1/37 | window_end=2022-11-15
2025-12-18 17:48:57,579 | INFO | [滚动重要性] 进度: XGBoost-H10 窗口 2/37 | window_end=2022-12-14
2025-12-18 17:48:57,798 | INFO | [滚动重要性] 进度: XGBoost-H10 窗口 3/37 | window_end=2023-01-16
2025-12-18 17:48:58,010 | INFO | [滚动重要性] 进度: XGBoost-H10 窗口 4/37 | window_end=2023-02-14
2025-12-18 17:48:58,226 | INFO | [滚动重要性] 进度: XGBoost-H10 窗口 5/37 | window_end=2023-03-15
2025-12-18 17:48:58,475 | INFO | [滚动重要性] 进度: XGBoost-H10 窗口 6/37 | window_end=2023-04-13
2025-12-18 17:48:58,733 | INFO | [滚动重要性] 进度: XGBoost-H10 窗口 7/37 | window_end=2023-05-12
2025-12-18 17:48:58,975 | INFO | [滚动重要性] 进度: XGBoost-H10 窗口 8/37 | window_end=2023-06-12
2025-12-18 17:48:59,192 | INFO | [滚动重要性] 进度: XGBoost-H10 窗口 9/37 | window_end=2023-07-11
2025-12-18 17:48:59,434 | INFO | [滚动重要性] 进度: XGBoost-H10 窗口 10/37 | window_end=2023-08-09
2025-12-18 17:48:59,680 | INFO | [滚动重要性] 进度: XGBoost-H10 窗口 11/37 | window_end=2023-09-07
2025-12-18 17:48:59,894 | INFO | [滚动重要性] 进度: XGBoost-H10 窗口 12/37 | window_end=2023-10-06
2025-12-18 17:49:00,113 | INFO | [滚动重要性] 进度: XGBoost-H10 窗口 13/37 | window_end=2023-11-06
2025-12-18 17:49:00,339 | INFO | [滚动重要性] 进度: XGBoost-H10 窗口 14/37 | window_end=2023-12-05
2025-12-18 17:49:00,597 | INFO | [滚动重要性] 进度: XGBoost-H10 窗口 15/37 | window_end=2024-01-05
2025-12-18 17:49:00,848 | INFO | [滚动重要性] 进度: XGBoost-H10 窗口 16/37 | window_end=2024-02-05
2025-12-18 17:49:01,064 | INFO | [滚动重要性] 进度: XGBoost-H10 窗口 17/37 | window_end=2024-03-05
2025-12-18 17:49:01,284 | INFO | [滚动重要性] 进度: XGBoost-H10 窗口 18/37 | window_end=2024-04-03
2025-12-18 17:49:01,538 | INFO | [滚动重要性] 进度: XGBoost-H10 窗口 19/37 | window_end=2024-05-02
2025-12-18 17:49:01,772 | INFO | [滚动重要性] 进度: XGBoost-H10 窗口 20/37 | window_end=2024-05-31
2025-12-18 17:49:01,992 | INFO | [滚动重要性] 进度: XGBoost-H10 窗口 21/37 | window_end=2024-07-01
2025-12-18 17:49:02,211 | INFO | [滚动重要性] 进度: XGBoost-H10 窗口 22/37 | window_end=2024-07-30
2025-12-18 17:49:02,472 | INFO | [滚动重要性] 进度: XGBoost-H10 窗口 23/37 | window_end=2024-08-28
2025-12-18 17:49:02,735 | INFO | [滚动重要性] 进度: XGBoost-H10 窗口 24/37 | window_end=2024-09-26
2025-12-18 17:49:03,006 | INFO | [滚动重要性] 进度: XGBoost-H10 窗口 25/37 | window_end=2024-10-25
2025-12-18 17:49:03,254 | INFO | [滚动重要性] 进度: XGBoost-H10 窗口 26/37 | window_end=2024-11-25
2025-12-18 17:49:03,510 | INFO | [滚动重要性] 进度: XGBoost-H10 窗口 27/37 | window_end=2024-12-24
2025-12-18 17:49:03,756 | INFO | [滚动重要性] 进度: XGBoost-H10 窗口 28/37 | window_end=2025-01-24
2025-12-18 17:49:03,978 | INFO | [滚动重要性] 进度: XGBoost-H10 窗口 29/37 | window_end=2025-02-24
2025-12-18 17:49:04,198 | INFO | [滚动重要性] 进度: XGBoost-H10 窗口 30/37 | window_end=2025-03-25
2025-12-18 17:49:04,447 | INFO | [滚动重要性] 进度: XGBoost-H10 窗口 31/37 | window_end=2025-04-24
2025-12-18 17:49:04,716 | INFO | [滚动重要性] 进度: XGBoost-H10 窗口 32/37 | window_end=2025-05-23
2025-12-18 17:49:04,965 | INFO | [滚动重要性] 进度: XGBoost-H10 窗口 33/37 | window_end=2025-06-23
2025-12-18 17:49:05,191 | INFO | [滚动重要性] 进度: XGBoost-H10 窗口 34/37 | window_end=2025-07-22
2025-12-18 17:49:05,432 | INFO | [滚动重要性] 进度: XGBoost-H10 窗口 35/37 | window_end=2025-08-20
2025-12-18 17:49:05,689 | INFO | [滚动重要性] 进度: XGBoost-H10 窗口 36/37 | window_end=2025-09-18
2025-12-18 17:49:05,910 | INFO | [滚动重要性] 进度: XGBoost-H10 窗口 37/37 | window_end=2025-10-17
2025-12-18 17:49:06,132 | INFO | [滚动重要性] 完成: model=XGBoost | H=10 | 用时 8.9s
2025-12-18 17:49:06,780 | INFO | [滚动重要性] 开始: model=XGBoost | H=20 | windows=37 | window=252 | step=21 | sample_n=500 | repeats=3
2025-12-18 17:49:06,780 | INFO | [滚动重要性] 进度: XGBoost-H20 窗口 1/37 | window_end=2022-11-15
2025-12-18 17:49:07,082 | INFO | [滚动重要性] 进度: XGBoost-H20 窗口 2/37 | window_end=2022-12-14
2025-12-18 17:49:07,295 | INFO | [滚动重要性] 进度: XGBoost-H20 窗口 3/37 | window_end=2023-01-16
2025-12-18 17:49:07,544 | INFO | [滚动重要性] 进度: XGBoost-H20 窗口 4/37 | window_end=2023-02-14
2025-12-18 17:49:07,778 | INFO | [滚动重要性] 进度: XGBoost-H20 窗口 5/37 | window_end=2023-03-15
2025-12-18 17:49:07,990 | INFO | [滚动重要性] 进度: XGBoost-H20 窗口 6/37 | window_end=2023-04-13
2025-12-18 17:49:08,209 | INFO | [滚动重要性] 进度: XGBoost-H20 窗口 7/37 | window_end=2023-05-12
2025-12-18 17:49:08,444 | INFO | [滚动重要性] 进度: XGBoost-H20 窗口 8/37 | window_end=2023-06-12
2025-12-18 17:49:08,707 | INFO | [滚动重要性] 进度: XGBoost-H20 窗口 9/37 | window_end=2023-07-11
2025-12-18 17:49:08,973 | INFO | [滚动重要性] 进度: XGBoost-H20 窗口 10/37 | window_end=2023-08-09
2025-12-18 17:49:09,190 | INFO | [滚动重要性] 进度: XGBoost-H20 窗口 11/37 | window_end=2023-09-07
2025-12-18 17:49:09,420 | INFO | [滚动重要性] 进度: XGBoost-H20 窗口 12/37 | window_end=2023-10-06
2025-12-18 17:49:09,673 | INFO | [滚动重要性] 进度: XGBoost-H20 窗口 13/37 | window_end=2023-11-06
2025-12-18 17:49:09,910 | INFO | [滚动重要性] 进度: XGBoost-H20 窗口 14/37 | window_end=2023-12-05
2025-12-18 17:49:10,124 | INFO | [滚动重要性] 进度: XGBoost-H20 窗口 15/37 | window_end=2024-01-05
2025-12-18 17:49:10,367 | INFO | [滚动重要性] 进度: XGBoost-H20 窗口 16/37 | window_end=2024-02-05
2025-12-18 17:49:10,625 | INFO | [滚动重要性] 进度: XGBoost-H20 窗口 17/37 | window_end=2024-03-05
2025-12-18 17:49:10,893 | INFO | [滚动重要性] 进度: XGBoost-H20 窗口 18/37 | window_end=2024-04-03
2025-12-18 17:49:11,146 | INFO | [滚动重要性] 进度: XGBoost-H20 窗口 19/37 | window_end=2024-05-02
2025-12-18 17:49:11,395 | INFO | [滚动重要性] 进度: XGBoost-H20 窗口 20/37 | window_end=2024-05-31
2025-12-18 17:49:11,750 | INFO | [滚动重要性] 进度: XGBoost-H20 窗口 21/37 | window_end=2024-07-01
2025-12-18 17:49:12,207 | INFO | [滚动重要性] 进度: XGBoost-H20 窗口 22/37 | window_end=2024-07-30
2025-12-18 17:49:12,657 | INFO | [滚动重要性] 进度: XGBoost-H20 窗口 23/37 | window_end=2024-08-28
2025-12-18 17:49:13,134 | INFO | [滚动重要性] 进度: XGBoost-H20 窗口 24/37 | window_end=2024-09-26
2025-12-18 17:49:13,565 | INFO | [滚动重要性] 进度: XGBoost-H20 窗口 25/37 | window_end=2024-10-25
2025-12-18 17:49:14,014 | INFO | [滚动重要性] 进度: XGBoost-H20 窗口 26/37 | window_end=2024-11-25
2025-12-18 17:49:14,439 | INFO | [滚动重要性] 进度: XGBoost-H20 窗口 27/37 | window_end=2024-12-24
2025-12-18 17:49:14,903 | INFO | [滚动重要性] 进度: XGBoost-H20 窗口 28/37 | window_end=2025-01-24
2025-12-18 17:49:15,397 | INFO | [滚动重要性] 进度: XGBoost-H20 窗口 29/37 | window_end=2025-02-24
2025-12-18 17:49:15,839 | INFO | [滚动重要性] 进度: XGBoost-H20 窗口 30/37 | window_end=2025-03-25
2025-12-18 17:49:16,282 | INFO | [滚动重要性] 进度: XGBoost-H20 窗口 31/37 | window_end=2025-04-24
2025-12-18 17:49:16,731 | INFO | [滚动重要性] 进度: XGBoost-H20 窗口 32/37 | window_end=2025-05-23
2025-12-18 17:49:17,202 | INFO | [滚动重要性] 进度: XGBoost-H20 窗口 33/37 | window_end=2025-06-23
2025-12-18 17:49:17,631 | INFO | [滚动重要性] 进度: XGBoost-H20 窗口 34/37 | window_end=2025-07-22
2025-12-18 17:49:18,071 | INFO | [滚动重要性] 进度: XGBoost-H20 窗口 35/37 | window_end=2025-08-20
2025-12-18 17:49:18,500 | INFO | [滚动重要性] 进度: XGBoost-H20 窗口 36/37 | window_end=2025-09-18
2025-12-18 17:49:18,972 | INFO | [滚动重要性] 进度: XGBoost-H20 窗口 37/37 | window_end=2025-10-17
2025-12-18 17:49:19,438 | INFO | [滚动重要性] 完成: model=XGBoost | H=20 | 用时 12.7s
2025-12-18 17:50:03,641 | INFO | Step3 完成 | 输出目录: C:\Users\13377\Desktop\Financial-Big-Data-V2.0\output\step3
2025-12-18 17:50:03,642 | INFO | Manifest: C:\Users\13377\Desktop\Financial-Big-Data-V2.0\output\step3\meta\run_manifest.json
