2025-12-18 16:46:47,469 | INFO | Matplotlib 字体候选=['SimHei', 'Microsoft YaHei', 'Arial Unicode MS', 'Noto Sans CJK SC', 'DejaVu Sans'] | 实际启用=['SimHei', 'Microsoft YaHei', 'DejaVu Sans']
2025-12-18 16:46:47,470 | INFO | 读取 Step2 config_snapshot: C:\Users\13377\Desktop\Financial-Big-Data-V2.0\output\step2\meta\config_snapshot.json
2025-12-18 16:46:47,472 | INFO | Step3 扫描到 predictions 文件=40 | 选中=24
2025-12-18 16:46:47,473 | INFO | 示例 combo: {'model': 'ElasticNet', 'H': 1, 'path': 'C:\\Users\\13377\\Desktop\\Financial-Big-Data-V2.0\\output\\step2\\datasets\\predictions_ElasticNet_H1.csv'}
2025-12-18 16:46:48,660 | INFO | ElasticNet-H1 | y_true 对齐检查 | n_check=200 | max_abs_diff=9.899e-17 | threshold=1.000e-10
2025-12-18 16:46:49,568 | INFO | ElasticNet-H10 | y_true 对齐检查 | n_check=200 | max_abs_diff=9.714e-17 | threshold=1.000e-10
2025-12-18 16:46:50,303 | INFO | ElasticNet-H20 | y_true 对齐检查 | n_check=200 | max_abs_diff=9.541e-17 | threshold=1.000e-10
2025-12-18 16:46:51,110 | INFO | ElasticNet-H5 | y_true 对齐检查 | n_check=200 | max_abs_diff=9.888e-17 | threshold=1.000e-10
2025-12-18 16:46:51,870 | INFO | Lasso-H1 | y_true 对齐检查 | n_check=200 | max_abs_diff=9.899e-17 | threshold=1.000e-10
2025-12-18 16:46:52,666 | INFO | Lasso-H10 | y_true 对齐检查 | n_check=200 | max_abs_diff=9.714e-17 | threshold=1.000e-10
2025-12-18 16:46:53,519 | INFO | Lasso-H20 | y_true 对齐检查 | n_check=200 | max_abs_diff=9.541e-17 | threshold=1.000e-10
2025-12-18 16:46:54,710 | INFO | Lasso-H5 | y_true 对齐检查 | n_check=200 | max_abs_diff=9.888e-17 | threshold=1.000e-10
2025-12-18 16:46:55,927 | INFO | LightGBM-H1 | y_true 对齐检查 | n_check=200 | max_abs_diff=9.899e-17 | threshold=1.000e-10
2025-12-18 16:46:56,798 | INFO | LightGBM-H10 | y_true 对齐检查 | n_check=200 | max_abs_diff=9.714e-17 | threshold=1.000e-10
2025-12-18 16:46:57,880 | INFO | LightGBM-H20 | y_true 对齐检查 | n_check=200 | max_abs_diff=9.541e-17 | threshold=1.000e-10
2025-12-18 16:46:58,657 | INFO | LightGBM-H5 | y_true 对齐检查 | n_check=200 | max_abs_diff=9.888e-17 | threshold=1.000e-10
2025-12-18 16:46:59,890 | INFO | RandomForest-H1 | y_true 对齐检查 | n_check=200 | max_abs_diff=9.899e-17 | threshold=1.000e-10
2025-12-18 16:47:00,680 | INFO | RandomForest-H10 | y_true 对齐检查 | n_check=200 | max_abs_diff=9.714e-17 | threshold=1.000e-10
2025-12-18 16:47:01,642 | INFO | RandomForest-H20 | y_true 对齐检查 | n_check=200 | max_abs_diff=9.541e-17 | threshold=1.000e-10
2025-12-18 16:47:02,404 | INFO | RandomForest-H5 | y_true 对齐检查 | n_check=200 | max_abs_diff=9.888e-17 | threshold=1.000e-10
2025-12-18 16:47:03,350 | INFO | Ridge-H1 | y_true 对齐检查 | n_check=200 | max_abs_diff=9.899e-17 | threshold=1.000e-10
2025-12-18 16:47:04,115 | INFO | Ridge-H10 | y_true 对齐检查 | n_check=200 | max_abs_diff=9.714e-17 | threshold=1.000e-10
2025-12-18 16:47:04,847 | INFO | Ridge-H20 | y_true 对齐检查 | n_check=200 | max_abs_diff=9.541e-17 | threshold=1.000e-10
2025-12-18 16:47:05,868 | INFO | Ridge-H5 | y_true 对齐检查 | n_check=200 | max_abs_diff=9.888e-17 | threshold=1.000e-10
2025-12-18 16:47:06,799 | INFO | XGBoost-H1 | y_true 对齐检查 | n_check=200 | max_abs_diff=9.899e-17 | threshold=1.000e-10
2025-12-18 16:47:07,826 | INFO | XGBoost-H10 | y_true 对齐检查 | n_check=200 | max_abs_diff=9.714e-17 | threshold=1.000e-10
2025-12-18 16:47:08,967 | INFO | XGBoost-H20 | y_true 对齐检查 | n_check=200 | max_abs_diff=9.541e-17 | threshold=1.000e-10
2025-12-18 16:47:10,063 | INFO | XGBoost-H5 | y_true 对齐检查 | n_check=200 | max_abs_diff=9.888e-17 | threshold=1.000e-10
2025-12-18 16:47:28,926 | INFO | VIX 阴影资金曲线已生成: 24 张
2025-12-18 16:47:29,987 | INFO | [滚动重要性] 开始: model=ElasticNet | H=1 | windows=37 | window=252 | step=21 | sample_n=500 | repeats=3
2025-12-18 16:47:29,987 | INFO | [滚动重要性] 进度: ElasticNet-H1 窗口 1/37 | window_end=2022-11-15
