2025-12-18 15:50:03,385 | INFO | Matplotlib 字体候选=['SimHei', 'Microsoft YaHei', 'Arial Unicode MS', 'Noto Sans CJK SC', 'DejaVu Sans'] | 实际启用=['SimHei', 'Microsoft YaHei', 'DejaVu Sans']
2025-12-18 15:50:03,386 | INFO | 读取 Step2 config_snapshot: C:\Users\13377\Desktop\Financial-Big-Data-V2.0\output\step2\meta\config_snapshot.json
2025-12-18 15:50:03,388 | INFO | Step3 扫描到 predictions 文件=40 | 选中=24
2025-12-18 15:50:03,388 | INFO | 示例 combo: {'model': 'ElasticNet', 'H': 1, 'path': 'C:\\Users\\13377\\Desktop\\Financial-Big-Data-V2.0\\output\\step2\\datasets\\predictions_ElasticNet_H1.csv'}
2025-12-18 15:50:04,770 | INFO | ElasticNet-H1 | y_true 对齐检查 | n_check=200 | max_abs_diff=9.899e-17 | threshold=1.000e-08
2025-12-18 15:50:06,022 | INFO | ElasticNet-H10 | y_true 对齐检查 | n_check=200 | max_abs_diff=9.714e-17 | threshold=1.000e-08
2025-12-18 15:50:07,032 | INFO | ElasticNet-H20 | y_true 对齐检查 | n_check=200 | max_abs_diff=9.541e-17 | threshold=1.000e-08
2025-12-18 15:50:07,941 | INFO | ElasticNet-H5 | y_true 对齐检查 | n_check=200 | max_abs_diff=9.888e-17 | threshold=1.000e-08
2025-12-18 15:50:08,937 | INFO | Lasso-H1 | y_true 对齐检查 | n_check=200 | max_abs_diff=9.899e-17 | threshold=1.000e-08
2025-12-18 15:50:10,094 | INFO | Lasso-H10 | y_true 对齐检查 | n_check=200 | max_abs_diff=9.714e-17 | threshold=1.000e-08
2025-12-18 15:50:11,313 | INFO | Lasso-H20 | y_true 对齐检查 | n_check=200 | max_abs_diff=9.541e-17 | threshold=1.000e-08
2025-12-18 15:50:12,217 | INFO | Lasso-H5 | y_true 对齐检查 | n_check=200 | max_abs_diff=9.888e-17 | threshold=1.000e-08
2025-12-18 15:50:13,059 | INFO | LightGBM-H1 | y_true 对齐检查 | n_check=200 | max_abs_diff=9.899e-17 | threshold=1.000e-08
2025-12-18 15:50:14,060 | INFO | LightGBM-H10 | y_true 对齐检查 | n_check=200 | max_abs_diff=9.714e-17 | threshold=1.000e-08
2025-12-18 15:50:14,979 | INFO | LightGBM-H20 | y_true 对齐检查 | n_check=200 | max_abs_diff=9.541e-17 | threshold=1.000e-08
2025-12-18 15:50:15,741 | INFO | LightGBM-H5 | y_true 对齐检查 | n_check=200 | max_abs_diff=9.888e-17 | threshold=1.000e-08
2025-12-18 15:50:16,652 | INFO | RandomForest-H1 | y_true 对齐检查 | n_check=200 | max_abs_diff=9.899e-17 | threshold=1.000e-08
2025-12-18 15:50:17,608 | INFO | RandomForest-H10 | y_true 对齐检查 | n_check=200 | max_abs_diff=9.714e-17 | threshold=1.000e-08
2025-12-18 15:50:18,360 | INFO | RandomForest-H20 | y_true 对齐检查 | n_check=200 | max_abs_diff=9.541e-17 | threshold=1.000e-08
2025-12-18 15:50:19,476 | INFO | RandomForest-H5 | y_true 对齐检查 | n_check=200 | max_abs_diff=9.888e-17 | threshold=1.000e-08
2025-12-18 15:50:20,297 | INFO | Ridge-H1 | y_true 对齐检查 | n_check=200 | max_abs_diff=9.899e-17 | threshold=1.000e-08
2025-12-18 15:50:21,139 | INFO | Ridge-H10 | y_true 对齐检查 | n_check=200 | max_abs_diff=9.714e-17 | threshold=1.000e-08
2025-12-18 15:50:22,344 | INFO | Ridge-H20 | y_true 对齐检查 | n_check=200 | max_abs_diff=9.541e-17 | threshold=1.000e-08
2025-12-18 15:50:23,187 | INFO | Ridge-H5 | y_true 对齐检查 | n_check=200 | max_abs_diff=9.888e-17 | threshold=1.000e-08
2025-12-18 15:50:24,196 | INFO | XGBoost-H1 | y_true 对齐检查 | n_check=200 | max_abs_diff=9.899e-17 | threshold=1.000e-08
2025-12-18 15:50:25,123 | INFO | XGBoost-H10 | y_true 对齐检查 | n_check=200 | max_abs_diff=9.714e-17 | threshold=1.000e-08
2025-12-18 15:50:26,160 | INFO | XGBoost-H20 | y_true 对齐检查 | n_check=200 | max_abs_diff=9.541e-17 | threshold=1.000e-08
2025-12-18 15:50:27,037 | INFO | XGBoost-H5 | y_true 对齐检查 | n_check=200 | max_abs_diff=9.888e-17 | threshold=1.000e-08
2025-12-18 15:50:40,324 | INFO | Step3 完成 | 输出目录: C:\Users\13377\Desktop\Financial-Big-Data-V2.0\output\step3
2025-12-18 15:50:40,324 | INFO | Manifest: C:\Users\13377\Desktop\Financial-Big-Data-V2.0\output\step3\meta\run_manifest.json
